============================= test session starts =============================
platform win32 -- Python 3.13.7, pytest-9.0.2, pluggy-1.6.0 -- C:\Users\OleJohanBondahl\Documents\GitHub_ZEN\PySchemaElectrical\.venv\Scripts\python.exe
cachedir: .pytest_cache
rootdir: C:\Users\OleJohanBondahl\Documents\GitHub_ZEN\PySchemaElectrical
configfile: pyproject.toml
plugins: cov-7.0.0
collecting ... collected 5 items

tests/integration/test_std_circuits.py::TestStandardCircuitsSnapshot::test_dol_starter_snapshot FAILED [ 20%]
tests/integration/test_std_circuits.py::TestStandardCircuitsSnapshot::test_changeover_snapshot FAILED [ 40%]
tests/integration/test_std_circuits.py::TestStandardCircuitsSnapshot::test_emergency_stop_snapshot FAILED [ 60%]
tests/integration/test_std_circuits.py::TestStandardCircuitsSnapshot::test_motor_control_snapshot FAILED [ 80%]
uv : <unknown>:202: 
SyntaxWarning: invalid 
escape sequence '\ '
At line:1 char:1
+ uv run pytest 
tests/integration -v > 
test_output.txt 2>&1
+ ~~~~~~~~~~~~~~~~~~~~~~~~~~~
~~~~~~~~~~~~~~~~~~~~~~~~~~~~~
~
    + CategoryInfo           
   : NotSpecified: (<unknow  
  n>:202: ...e sequence '\   
  ':String) [], RemoteExc    
eption
    + FullyQualifiedErrorId  
   : NativeCommandError
 
C:\Users\OleJohanBondahl\Docu
ments\GitHub_ZEN\PySchemaElec
trical\src\pyschemaelectrical
\symbols\contacts.py:202: 
SyntaxWarning: invalid 
escape sequence '\ '
  \    |
tests/integration/test_std_circuits.py::TestStandardCircuitsSnapshot::test_builder_integration_dry_run PASSED [100%]

================================== FAILURES ===================================
___________ TestStandardCircuitsSnapshot.test_dol_starter_snapshot ____________

self = <test_std_circuits.TestStandardCircuitsSnapshot object at 0x000002688FDBA0D0>
snapshot_svg = <function snapshot_svg.<locals>._compare at 0x000002688FE16CA0>

    def test_dol_starter_snapshot(self, snapshot_svg):
        state = create_autonumberer()
        # DOL Starter is usually built via helper or builder.
        # Ideally we test the `create_dol_starter` function if it returns a circuit.
        state, circuit, _ = dol_starter(
            state, 0, 0, tm_top="X1", tm_bot="X2", tm_bot_right="X3"
        )
    
        svg_content = render_circuit_to_string(circuit)
>       snapshot_svg(svg_content, "dol_starter")

tests\integration\test_std_circuits.py:42: 
_ _ _ _ _ _ _ _ _ _ _ _ _ _ _ _ _ _ _ _ _ _ _ _ _ _ _ _ _ _ _ _ _ _ _ _ _ _ _ _

content = '<svg xmlns="http://www.w3.org/2000/svg" width="210.0mm" height="297.0mm" viewBox="0 0 210.0 297.0"><rect width="100%"...1="133.33333333333334" x2="20.0" y2="156.01282525764458" style="stroke:black;stroke-width:0.25;fill:none" /></g></svg>'
snapshot_name = 'dol_starter'

    def _compare(content: str, snapshot_name: str):
        # Normalize the content (optional: strip dynamic dates/ids if strictly necessary)
        # For now, we assume the generator is deterministic or mocked.
        # But we do trip whitespace from ends.
        content = content.strip()
    
        snapshot_file = snapshot_dir / f"{snapshot_name}.svg"
    
        # Environment variable to force update snapshots: PYTEST_UPDATE_SNAPSHOTS=1
        update_snapshots = os.getenv("PYTEST_UPDATE_SNAPSHOTS") == "1"
    
        if not snapshot_file.exists() or update_snapshots:
            # Write/Update snapshot
            snapshot_file.write_text(content, encoding="utf-8")
            # If we are just updating, we might want to warn or print
            if update_snapshots:
                print(f"Updated snapshot: {snapshot_file}")
            else:
                print(f"Created new snapshot: {snapshot_file}")
            return
    
        # Compare
        expected_content = snapshot_file.read_text(encoding="utf-8").strip()
    
        # Simple string equality
        # In a real scenario, XML parsing comparison might be more robust to ignore attribute order,
        # but string equality is stricter and strictly requested ("consistency").
>       assert content == expected_content, (
            f"Snapshot mismatch for {snapshot_name}. \n"
            f"Run with PYTEST_UPDATE_SNAPSHOTS=1 to update if this change is intentional."
        )
E       AssertionError: Snapshot mismatch for dol_starter. 
E         Run with PYTEST_UPDATE_SNAPSHOTS=1 to update if this change is intentional.
E       assert '<svg xmlns="http://www.w3.org/2000/svg" width="210.0mm" height="297.0mm" viewBox="0 0 210.0 297.0"><rect width="100%" height="100%" fill="white" /><g><g class="symbol"><circle cx="0.0" cy="0" r="1.25" style="stroke:black;stroke-width:0.25;fill:none" /><text x="-5.0" y="0" text-anchor="end" dominant-baseline="auto" font-size="5.0" style="stroke:none;stroke-width:1.0;fill:black;font-family:Times New Roman">X1</text><text x="-1.5" y="0.0" text-anchor="end" dominant-baseline="auto" font-size="3.5" style="stroke:none;stroke-width:1.0;fill:black;font-family:sans-serif">1</text><circle cx="10.0" cy="0" r="1.25" style="stroke:black;stroke-width:0.25;fill:none" /><text x="8.5" y="0.0" text-anchor="end" dominant-baseline="auto" font-size="3.5" style="stroke:none;stroke-width:1.0;fill:black;font-family:sans-serif">2</text><circle cx="20.0" cy="0" r="1.25" style="stroke:black;stroke-width:0.25;fill:none" /><text x="18.5" y="0.0" text-anchor="end" dominant-baseline="auto" font-size="3.5" style="stroke:none;stroke-width:1.0;fill:black;font-family:sans-serif">3</text></g><g class="symbol"><line x1="0.0" y1="28.333333333333336" x2="0.0" y2="30.833333333333336" style="stroke:black;stroke-width:0.25;fill:none" /><line x1="0.0" y1="35.833333333333336" x2="0.0" y2="38.333333333333336" style="stroke:black;stroke-width:0.25;fill:none" /><line x1="0.0" y1="35.833333333333336" x2="-2.5" y2="30.833333333333336" style="stroke:black;stroke-width:0.25;fill:none" /><line x1="-1.25" y1="29.583333333333336" x2="1.25" y2="32.083333333333336" style="stroke:black;stroke-width:0.25;fill:none" /><line x1="-1.25" y1="32.083333333333336" x2="1.25" y2="29.583333333333336" style="stroke:black;stroke-width:0.25;fill:none" /><text x="-5.0" y="33.333333333333336" text-anchor="end" dominant-baseline="auto" font-size="5.0" style="stroke:none;stroke-width:1.0;fill:black;font-family:Times New Roman">F1</text><text x="-1.5" y="28.333333333333336" text-anchor="end" dominant-baseline="auto" font-size="3.5" style="stroke:none;stroke-width:1.0;fill:black;font-family:sans-serif">1</text><text x="-1.5" y="38.333333333333336" text-anchor="end" dominant-baseline="auto" font-size="3.5" style="stroke:none;stroke-width:1.0;fill:black;font-family:sans-serif">2</text><line x1="10.0" y1="28.333333333333336" x2="10.0" y2="30.833333333333336" style="stroke:black;stroke-width:0.25;fill:none" /><line x1="10.0" y1="35.833333333333336" x2="10.0" y2="38.333333333333336" style="stroke:black;stroke-width:0.25;fill:none" /><line x1="10.0" y1="35.833333333333336" x2="7.5" y2="30.833333333333336" style="stroke:black;stroke-width:0.25;fill:none" /><line x1="8.75" y1="29.583333333333336" x2="11.25" y2="32.083333333333336" style="stroke:black;stroke-width:0.25;fill:none" /><line x1="8.75" y1="32.083333333333336" x2="11.25" y2="29.583333333333336" style="stroke:black;stroke-width:0.25;fill:none" /><text x="8.5" y="28.333333333333336" text-anchor="end" dominant-baseline="auto" font-size="3.5" style="stroke:none;stroke-width:1.0;fill:black;font-family:sans-serif">3</text><text x="8.5" y="38.333333333333336" text-anchor="end" dominant-baseline="auto" font-size="3.5" style="stroke:none;stroke-width:1.0;fill:black;font-family:sans-serif">4</text><line x1="20.0" y1="28.333333333333336" x2="20.0" y2="30.833333333333336" style="stroke:black;stroke-width:0.25;fill:none" /><line x1="20.0" y1="35.833333333333336" x2="20.0" y2="38.333333333333336" style="stroke:black;stroke-width:0.25;fill:none" /><line x1="20.0" y1="35.833333333333336" x2="17.5" y2="30.833333333333336" style="stroke:black;stroke-width:0.25;fill:none" /><line x1="18.75" y1="29.583333333333336" x2="21.25" y2="32.083333333333336" style="stroke:black;stroke-width:0.25;fill:none" /><line x1="18.75" y1="32.083333333333336" x2="21.25" y2="29.583333333333336" style="stroke:black;stroke-width:0.25;fill:none" /><text x="18.5" y="28.333333333333336" text-anchor="end" dominant-baseline="auto" font-size="3.5" style="stroke:none;stroke-width:1.0;fill:black;font-family:sans-serif">5</text><text x="18.5" y="38.333333333333336" text-anchor="end" dominant-baseline="auto" font-size="3.5" style="stroke:none;stroke-width:1.0;fill:black;font-family:sans-serif">6</text></g><g class="symbol"><line x1="0.0" y1="45.0" x2="0.0" y2="46.25" style="stroke:black;stroke-width:0.25;fill:none" /><line x1="0.0" y1="46.25" x2="0.0" y2="48.75" style="stroke:black;stroke-width:0.25;fill:none" /><line x1="0.0" y1="48.75" x2="-2.5" y2="48.75" style="stroke:black;stroke-width:0.25;fill:none" /><line x1="-2.5" y1="48.75" x2="-2.5" y2="51.25" style="stroke:black;stroke-width:0.25;fill:none" /><line x1="-2.5" y1="51.25" x2="0.0" y2="51.25" style="stroke:black;stroke-width:0.25;fill:none" /><line x1="0.0" y1="51.25" x2="0.0" y2="53.75" style="stroke:black;stroke-width:0.25;fill:none" /><line x1="0.0" y1="53.75" x2="0.0" y2="55.0" style="stroke:black;stroke-width:0.25;fill:none" /><text x="-5.0" y="50.0" text-anchor="end" dominant-baseline="auto" font-size="5.0" style="stroke:none;stroke-width:1.0;fill:black;font-family:Times New Roman">FT1</text><text x="-1.5" y="55.0" text-anchor="end" dominant-baseline="auto" font-size="3.5" style="stroke:none;stroke-width:1.0;fill:black;font-family:sans-serif">T1</text><line x1="10.0" y1="45.0" x2="10.0" y2="46.25" style="stroke:black;stroke-width:0.25;fill:none" /><line x1="10.0" y1="46.25" x2="10.0" y2="48.75" style="stroke:black;stroke-width:0.25;fill:none" /><line x1="10.0" y1="48.75" x2="7.5" y2="48.75" style="stroke:black;stroke-width:0.25;fill:none" /><line x1="7.5" y1="48.75" x2="7.5" y2="51.25" style="stroke:black;stroke-width:0.25;fill:none" /><line x1="7.5" y1="51.25" x2="10.0" y2="51.25" style="stroke:black;stroke-width:0.25;fill:none" /><line x1="10.0" y1="51.25" x2="10.0" y2="53.75" style="stroke:black;stroke-width:0.25;fill:none" /><line x1="10.0" y1="53.75" x2="10.0" y2="55.0" style="stroke:black;stroke-width:0.25;fill:none" /><text x="8.5" y="55.0" text-anchor="end" dominant-baseline="auto" font-size="3.5" style="stroke:none;stroke-width:1.0;fill:black;font-family:sans-serif">T2</text><line x1="20.0" y1="45.0" x2="20.0" y2="46.25" style="stroke:black;stroke-width:0.25;fill:none" /><line x1="20.0" y1="46.25" x2="20.0" y2="48.75" style="stroke:black;stroke-width:0.25;fill:none" /><line x1="20.0" y1="48.75" x2="17.5" y2="48.75" style="stroke:black;stroke-width:0.25;fill:none" /><line x1="17.5" y1="48.75" x2="17.5" y2="51.25" style="stroke:black;stroke-width:0.25;fill:none" /><line x1="17.5" y1="51.25" x2="20.0" y2="51.25" style="stroke:black;stroke-width:0.25;fill:none" /><line x1="20.0" y1="51.25" x2="20.0" y2="53.75" style="stroke:black;stroke-width:0.25;fill:none" /><line x1="20.0" y1="53.75" x2="20.0" y2="55.0" style="stroke:black;stroke-width:0.25;fill:none" /><text x="18.5" y="55.0" text-anchor="end" dominant-baseline="auto" font-size="3.5" style="stroke:none;stroke-width:1.0;fill:black;font-family:sans-serif">T3</text></g><g class="symbol"><line x1="0.0" y1="78.33333333333334" x2="0.0" y2="80.83333333333334" style="stroke:black;stroke-width:0.25;fill:none" /><line x1="0.0" y1="85.83333333333334" x2="0.0" y2="88.33333333333334" style="stroke:black;stroke-width:0.25;fill:none" /><line x1="0.0" y1="85.83333333333334" x2="-2.5" y2="80.83333333333334" style="stroke:black;stroke-width:0.25;fill:none" /><text x="-1.5" y="78.33333333333334" text-anchor="end" dominant-baseline="auto" font-size="3.5" style="stroke:none;stroke-width:1.0;fill:black;font-family:sans-serif">1</text><text x="-1.5" y="88.33333333333334" text-anchor="end" dominant-baseline="auto" font-size="3.5" style="stroke:none;stroke-width:1.0;fill:black;font-family:sans-serif">2</text><line x1="10.0" y1="78.33333333333334" x2="10.0" y2="80.83333333333334" style="stroke:black;stroke-width:0.25;fill:none" /><line x1="10.0" y1="85.83333333333334" x2="10.0" y2="88.33333333333334" style="stroke:black;stroke-width:0.25;fill:none" /><line x1="10.0" y1="85.83333333333334" x2="7.5" y2="80.83333333333334" style="stroke:black;stroke-width:0.25;fill:none" /><text x="8.5" y="78.33333333333334" text-anchor="end" dominant-baseline="auto" font-size="3.5" style="stroke:none;stroke-width:1.0;fill:black;font-family:sans-serif">3</text><text x="8.5" y="88.33333333333334" text-anchor="end" dominant-baseline="auto" font-size="3.5" style="stroke:none;stroke-width:1.0;fill:black;font-family:sans-serif">4</text><line x1="20.0" y1="78.33333333333334" x2="20.0" y2="80.83333333333334" style="stroke:black;stroke-width:0.25;fill:none" /><line x1="20.0" y1="85.83333333333334" x2="20.0" y2="88.33333333333334" style="stroke:black;stroke-width:0.25;fill:none" /><line x1="20.0" y1="85.83333333333334" x2="17.5" y2="80.83333333333334" style="stroke:black;stroke-width:0.25;fill:none" /><text x="18.5" y="78.33333333333334" text-anchor="end" dominant-baseline="auto" font-size="3.5" style="stroke:none;stroke-width:1.0;fill:black;font-family:sans-serif">5</text><text x="18.5" y="88.33333333333334" text-anchor="end" dominant-baseline="auto" font-size="3.5" style="stroke:none;stroke-width:1.0;fill:black;font-family:sans-serif">6</text><polygon points="-25.0,80.83333333333334 -15.0,80.83333333333334 -15.0,85.83333333333334 -25.0,85.83333333333334" style="stroke:black;stroke-width:0.25;fill:none" /><text x="-27.5" y="83.33333333333334" text-anchor="end" dominant-baseline="auto" font-size="5.0" style="stroke:none;stroke-width:1.0;fill:black;font-family:Times New Roman">Q1</text><line x1="-15.0" y1="83.33333333333334" x2="17.5" y2="83.33333333333334" style="stroke:black;stroke-width:0.25;fill:none;stroke-dasharray:2.0, 2.0" /></g><g class="symbol"><circle cx="0.0" cy="116.66666666666669" r="2.5" style="stroke:black;stroke-width:0.25;fill:none" /><line x1="-2.5" y1="116.66666666666669" x2="-7.5" y2="116.66666666666669" style="stroke:black;stroke-width:0.25;fill:none" /><polygon points="-42.5,114.16666666666669 -7.5,114.16666666666669 -7.5,124.16666666666669 -42.5,124.16666666666669" style="stroke:black;stroke-width:0.25;fill:none" /><line x1="-40.0" y1="114.16666666666669" x2="-40.0" y2="111.66666666666669" style="stroke:black;stroke-width:0.25;fill:none" /><text x="-41.0" y="112.91666666666669" text-anchor="end" dominant-baseline="middle" font-size="3.5" style="stroke:none;stroke-width:1.0;fill:black;font-family:sans-serif">1</text><line x1="-30.0" y1="114.16666666666669" x2="-30.0" y2="111.66666666666669" style="stroke:black;stroke-width:0.25;fill:none" /><text x="-31.0" y="112.91666666666669" text-anchor="end" dominant-baseline="middle" font-size="3.5" style="stroke:none;stroke-width:1.0;fill:black;font-family:sans-serif">2</text><line x1="-20.0" y1="114.16666666666669" x2="-20.0" y2="111.66666666666669" style="stroke:black;stroke-width:0.25;fill:none" /><text x="-21.0" y="112.91666666666669" text-anchor="end" dominant-baseline="middle" font-size="3.5" style="stroke:none;stroke-width:1.0;fill:black;font-family:sans-serif">3</text><line x1="-10.0" y1="114.16666666666669" x2="-10.0" y2="111.66666666666669" style="stroke:black;stroke-width:0.25;fill:none" /><text x="-11.0" y="112.91666666666669" text-anchor="end" dominant-baseline="middle" font-size="3.5" style="stroke:none;stroke-width:1.0;fill:black;font-family:sans-serif">4</text><text x="-45.0" y="114.16666666666669" text-anchor="end" dominant-baseline="auto" font-size="5.0" style="stroke:none;stroke-width:1.0;fill:black;font-family:Times New Roman">CT1</text></g><g class="symbol"><circle cx="0.0" cy="133.33333333333334" r="1.25" style="stroke:black;stroke-width:0.25;fill:none" /><text x="-5.0" y="133.33333333333334" text-anchor="end" dominant-baseline="auto" font-size="5.0" style="stroke:none;stroke-width:1.0;fill:black;font-family:Times New Roman">X2</text><text x="-1.5" y="133.33333333333334" text-anchor="end" dominant-baseline="auto" font-size="3.5" style="stroke:none;stroke-width:1.0;fill:black;font-family:sans-serif">1</text><circle cx="10.0" cy="133.33333333333334" r="1.25" style="stroke:black;stroke-width:0.25;fill:none" /><text x="8.5" y="133.33333333333334" text-anchor="end" dominant-baseline="auto" font-size="3.5" style="stroke:none;stroke-width:1.0;fill:black;font-family:sans-serif">2</text><circle cx="20.0" cy="133.33333333333334" r="1.25" style="stroke:black;stroke-width:0.25;fill:none" /><text x="18.5" y="133.33333333333334" text-anchor="end" dominant-baseline="auto" font-size="3.5" style="stroke:none;stroke-width:1.0;fill:black;font-family:sans-serif">3</text></g><g class="symbol"><circle cx="30.0" cy="133.33333333333334" r="1.25" style="stroke:black;stroke-width:0.25;fill:none" /><text x="35.0" y="133.33333333333334" text-anchor="start" dominant-baseline="auto" font-size="5.0" style="stroke:none;stroke-width:1.0;fill:black;font-family:Times New Roman">X3</text><text x="28.5" y="133.33333333333334" text-anchor="end" dominant-baseline="auto" font-size="3.5" style="stroke:none;stroke-width:1.0;fill:black;font-family:sans-serif">1</text></g><g class="symbol"><circle cx="10.0" cy="183.33333333333334" r="20.0" style="stroke:black;stroke-width:0.25;fill:none" /><text x="10.0" y="183.33333333333334" text-anchor="middle" dominant-baseline="auto" font-size="5.0" style="stroke:none;stroke-width:1.0;fill:black;font-family:Times New Roman">M1</text><line x1="0.0" y1="166.01282525764458" x2="0.0" y2="156.01282525764458" style="stroke:black;stroke-width:0.25;fill:none" /><line x1="10.0" y1="163.33333333333334" x2="10.0" y2="153.33333333333334" style="stroke:black;stroke-width:0.25;fill:none" /><line x1="20.0" y1="166.01282525764458" x2="20.0" y2="156.01282525764458" style="stroke:black;stroke-width:0.25;fill:none" /><line x1="30.0" y1="183.33333333333334" x2="30.0" y2="173.33333333333334" style="stroke:black;stroke-width:0.25;fill:none" /><text x="-1.5" y="156.01282525764458" text-anchor="end" dominant-baseline="auto" font-size="3.5" style="stroke:none;stroke-width:1.0;fill:black;font-family:sans-serif">U</text><text x="8.5" y="153.33333333333334" text-anchor="end" dominant-baseline="auto" font-size="3.5" style="stroke:none;stroke-width:1.0;fill:black;font-family:sans-serif">V</text><text x="18.5" y="156.01282525764458" text-anchor="end" dominant-baseline="auto" font-size="3.5" style="stroke:none;stroke-width:1.0;fill:black;font-family:sans-serif">W</text><text x="31.5" y="173.33333333333334" text-anchor="start" dominant-baseline="auto" font-size="3.5" style="stroke:none;stroke-width:1.0;fill:black;font-family:sans-serif">PE</text></g><line x1="0.0" y1="0" x2="0.0" y2="28.333333333333336" style="stroke:black;stroke-width:0.25;fill:none" /><line x1="10.0" y1="0" x2="10.0" y2="28.333333333333336" style="stroke:black;stroke-width:0.25;fill:none" /><line x1="20.0" y1="0" x2="20.0" y2="28.333333333333336" style="stroke:black;stroke-width:0.25;fill:none" /><line x1="0.0" y1="38.333333333333336" x2="0.0" y2="45.0" style="stroke:black;stroke-width:0.25;fill:none" /><line x1="10.0" y1="38.333333333333336" x2="10.0" y2="45.0" style="stroke:black;stroke-width:0.25;fill:none" /><line x1="20.0" y1="38.333333333333336" x2="20.0" y2="45.0" style="stroke:black;stroke-width:0.25;fill:none" /><line x1="0.0" y1="55.0" x2="0.0" y2="78.33333333333334" style="stroke:black;stroke-width:0.25;fill:none" /><line x1="10.0" y1="55.0" x2="10.0" y2="78.33333333333334" style="stroke:black;stroke-width:0.25;fill:none" /><line x1="20.0" y1="55.0" x2="20.0" y2="78.33333333333334" style="stroke:black;stroke-width:0.25;fill:none" /><line x1="0.0" y1="88.33333333333334" x2="0.0" y2="133.33333333333334" style="stroke:black;stroke-width:0.25;fill:none" /><line x1="10.0" y1="88.33333333333334" x2="10.0" y2="133.33333333333334" style="stroke:black;stroke-width:0.25;fill:none" /><line x1="20.0" y1="88.33333333333334" x2="20.0" y2="133.33333333333334" style="stroke:black;stroke-width:0.25;fill:none" /><line x1="30.0" y1="133.33333333333334" x2="30.0" y2="173.33333333333334" style="stroke:black;stroke-width:0.25;fill:none" /><line x1="30.0" y1="133.33333333333334" x2="30.0" y2="173.33333333333334" style="stroke:black;stroke-width:0.25;fill:none" /><line x1="0.0" y1="133.33333333333334" x2="0.0" y2="156.01282525764458" style="stroke:black;stroke-width:0.25;fill:none" /><line x1="10.0" y1="133.33333333333334" x2="10.0" y2="153.33333333333334" style="stroke:black;stroke-width:0.25;fill:none" /><line x1="20.0" y1="133.33333333333334" x2="20.0" y2="156.01282525764458" style="stroke:black;stroke-width:0.25;fill:none" /></g></svg>' == '<svg xmlns="http://www.w3.org/2000/svg" width="210.0mm" height="297.0mm" viewBox="0 0 210.0 297.0"><rect width="100%" height="100%" fill="white" /><g><g class="symbol"><circle cx="0.0" cy="0" r="1.25" style="stroke:black;stroke-width:0.25;fill:none" /><text x="-5.0" y="0" text-anchor="end" dominant-baseline="auto" font-size="5.0" style="stroke:none;stroke-width:1.0;fill:black;font-family:Times New Roman">X1</text><text x="-1.5" y="0.0" text-anchor="end" dominant-baseline="auto" font-size="3.5" style="stroke:none;stroke-width:1.0;fill:black;font-family:sans-serif">1</text><circle cx="10.0" cy="0" r="1.25" style="stroke:black;stroke-width:0.25;fill:none" /><text x="8.5" y="0.0" text-anchor="end" dominant-baseline="auto" font-size="3.5" style="stroke:none;stroke-width:1.0;fill:black;font-family:sans-serif">2</text><circle cx="20.0" cy="0" r="1.25" style="stroke:black;stroke-width:0.25;fill:none" /><text x="18.5" y="0.0" text-anchor="end" dominant-baseline="auto" font-size="3.5" style="stroke:none;stroke-width:1.0;fill:black;font-family:sans-serif">3</text></g><g class="symbol"><line x1="0.0" y1="45.0" x2="0.0" y2="47.5" style="stroke:black;stroke-width:0.25;fill:none" /><line x1="0.0" y1="52.5" x2="0.0" y2="55.0" style="stroke:black;stroke-width:0.25;fill:none" /><line x1="0.0" y1="52.5" x2="-2.5" y2="47.5" style="stroke:black;stroke-width:0.25;fill:none" /><line x1="-1.25" y1="46.25" x2="1.25" y2="48.75" style="stroke:black;stroke-width:0.25;fill:none" /><line x1="-1.25" y1="48.75" x2="1.25" y2="46.25" style="stroke:black;stroke-width:0.25;fill:none" /><text x="-5.0" y="50.0" text-anchor="end" dominant-baseline="auto" font-size="5.0" style="stroke:none;stroke-width:1.0;fill:black;font-family:Times New Roman">F1</text><text x="-1.5" y="45.0" text-anchor="end" dominant-baseline="auto" font-size="3.5" style="stroke:none;stroke-width:1.0;fill:black;font-family:sans-serif">1</text><text x="-1.5" y="55.0" text-anchor="end" dominant-baseline="auto" font-size="3.5" style="stroke:none;stroke-width:1.0;fill:black;font-family:sans-serif">2</text><line x1="10.0" y1="45.0" x2="10.0" y2="47.5" style="stroke:black;stroke-width:0.25;fill:none" /><line x1="10.0" y1="52.5" x2="10.0" y2="55.0" style="stroke:black;stroke-width:0.25;fill:none" /><line x1="10.0" y1="52.5" x2="7.5" y2="47.5" style="stroke:black;stroke-width:0.25;fill:none" /><line x1="8.75" y1="46.25" x2="11.25" y2="48.75" style="stroke:black;stroke-width:0.25;fill:none" /><line x1="8.75" y1="48.75" x2="11.25" y2="46.25" style="stroke:black;stroke-width:0.25;fill:none" /><text x="8.5" y="45.0" text-anchor="end" dominant-baseline="auto" font-size="3.5" style="stroke:none;stroke-width:1.0;fill:black;font-family:sans-serif">3</text><text x="8.5" y="55.0" text-anchor="end" dominant-baseline="auto" font-size="3.5" style="stroke:none;stroke-width:1.0;fill:black;font-family:sans-serif">4</text><line x1="20.0" y1="45.0" x2="20.0" y2="47.5" style="stroke:black;stroke-width:0.25;fill:none" /><line x1="20.0" y1="52.5" x2="20.0" y2="55.0" style="stroke:black;stroke-width:0.25;fill:none" /><line x1="20.0" y1="52.5" x2="17.5" y2="47.5" style="stroke:black;stroke-width:0.25;fill:none" /><line x1="18.75" y1="46.25" x2="21.25" y2="48.75" style="stroke:black;stroke-width:0.25;fill:none" /><line x1="18.75" y1="48.75" x2="21.25" y2="46.25" style="stroke:black;stroke-width:0.25;fill:none" /><text x="18.5" y="45.0" text-anchor="end" dominant-baseline="auto" font-size="3.5" style="stroke:none;stroke-width:1.0;fill:black;font-family:sans-serif">5</text><text x="18.5" y="55.0" text-anchor="end" dominant-baseline="auto" font-size="3.5" style="stroke:none;stroke-width:1.0;fill:black;font-family:sans-serif">6</text></g><g class="symbol"><line x1="0.0" y1="70.0" x2="0.0" y2="71.25" style="stroke:black;stroke-width:0.25;fill:none" /><line x1="0.0" y1="71.25" x2="0.0" y2="73.75" style="stroke:black;stroke-width:0.25;fill:none" /><line x1="0.0" y1="73.75" x2="-2.5" y2="73.75" style="stroke:black;stroke-width:0.25;fill:none" /><line x1="-2.5" y1="73.75" x2="-2.5" y2="76.25" style="stroke:black;stroke-width:0.25;fill:none" /><line x1="-2.5" y1="76.25" x2="0.0" y2="76.25" style="stroke:black;stroke-width:0.25;fill:none" /><line x1="0.0" y1="76.25" x2="0.0" y2="78.75" style="stroke:black;stroke-width:0.25;fill:none" /><line x1="0.0" y1="78.75" x2="0.0" y2="80.0" style="stroke:black;stroke-width:0.25;fill:none" /><text x="-5.0" y="75.0" text-anchor="end" dominant-baseline="auto" font-size="5.0" style="stroke:none;stroke-width:1.0;fill:black;font-family:Times New Roman">FT1</text><text x="-1.5" y="80.0" text-anchor="end" dominant-baseline="auto" font-size="3.5" style="stroke:none;stroke-width:1.0;fill:black;font-family:sans-serif">T1</text><line x1="10.0" y1="70.0" x2="10.0" y2="71.25" style="stroke:black;stroke-width:0.25;fill:none" /><line x1="10.0" y1="71.25" x2="10.0" y2="73.75" style="stroke:black;stroke-width:0.25;fill:none" /><line x1="10.0" y1="73.75" x2="7.5" y2="73.75" style="stroke:black;stroke-width:0.25;fill:none" /><line x1="7.5" y1="73.75" x2="7.5" y2="76.25" style="stroke:black;stroke-width:0.25;fill:none" /><line x1="7.5" y1="76.25" x2="10.0" y2="76.25" style="stroke:black;stroke-width:0.25;fill:none" /><line x1="10.0" y1="76.25" x2="10.0" y2="78.75" style="stroke:black;stroke-width:0.25;fill:none" /><line x1="10.0" y1="78.75" x2="10.0" y2="80.0" style="stroke:black;stroke-width:0.25;fill:none" /><text x="8.5" y="80.0" text-anchor="end" dominant-baseline="auto" font-size="3.5" style="stroke:none;stroke-width:1.0;fill:black;font-family:sans-serif">T2</text><line x1="20.0" y1="70.0" x2="20.0" y2="71.25" style="stroke:black;stroke-width:0.25;fill:none" /><line x1="20.0" y1="71.25" x2="20.0" y2="73.75" style="stroke:black;stroke-width:0.25;fill:none" /><line x1="20.0" y1="73.75" x2="17.5" y2="73.75" style="stroke:black;stroke-width:0.25;fill:none" /><line x1="17.5" y1="73.75" x2="17.5" y2="76.25" style="stroke:black;stroke-width:0.25;fill:none" /><line x1="17.5" y1="76.25" x2="20.0" y2="76.25" style="stroke:black;stroke-width:0.25;fill:none" /><line x1="20.0" y1="76.25" x2="20.0" y2="78.75" style="stroke:black;stroke-width:0.25;fill:none" /><line x1="20.0" y1="78.75" x2="20.0" y2="80.0" style="stroke:black;stroke-width:0.25;fill:none" /><text x="18.5" y="80.0" text-anchor="end" dominant-baseline="auto" font-size="3.5" style="stroke:none;stroke-width:1.0;fill:black;font-family:sans-serif">T3</text></g><g class="symbol"><line x1="0.0" y1="120.0" x2="0.0" y2="122.5" style="stroke:black;stroke-width:0.25;fill:none" /><line x1="0.0" y1="127.5" x2="0.0" y2="130.0" style="stroke:black;stroke-width:0.25;fill:none" /><line x1="0.0" y1="127.5" x2="-2.5" y2="122.5" style="stroke:black;stroke-width:0.25;fill:none" /><text x="-1.5" y="120.0" text-anchor="end" dominant-baseline="auto" font-size="3.5" style="stroke:none;stroke-width:1.0;fill:black;font-family:sans-serif">1</text><text x="-1.5" y="130.0" text-anchor="end" dominant-baseline="auto" font-size="3.5" style="stroke:none;stroke-width:1.0;fill:black;font-family:sans-serif">2</text><line x1="10.0" y1="120.0" x2="10.0" y2="122.5" style="stroke:black;stroke-width:0.25;fill:none" /><line x1="10.0" y1="127.5" x2="10.0" y2="130.0" style="stroke:black;stroke-width:0.25;fill:none" /><line x1="10.0" y1="127.5" x2="7.5" y2="122.5" style="stroke:black;stroke-width:0.25;fill:none" /><text x="8.5" y="120.0" text-anchor="end" dominant-baseline="auto" font-size="3.5" style="stroke:none;stroke-width:1.0;fill:black;font-family:sans-serif">3</text><text x="8.5" y="130.0" text-anchor="end" dominant-baseline="auto" font-size="3.5" style="stroke:none;stroke-width:1.0;fill:black;font-family:sans-serif">4</text><line x1="20.0" y1="120.0" x2="20.0" y2="122.5" style="stroke:black;stroke-width:0.25;fill:none" /><line x1="20.0" y1="127.5" x2="20.0" y2="130.0" style="stroke:black;stroke-width:0.25;fill:none" /><line x1="20.0" y1="127.5" x2="17.5" y2="122.5" style="stroke:black;stroke-width:0.25;fill:none" /><text x="18.5" y="120.0" text-anchor="end" dominant-baseline="auto" font-size="3.5" style="stroke:none;stroke-width:1.0;fill:black;font-family:sans-serif">5</text><text x="18.5" y="130.0" text-anchor="end" dominant-baseline="auto" font-size="3.5" style="stroke:none;stroke-width:1.0;fill:black;font-family:sans-serif">6</text><polygon points="-25.0,122.5 -15.0,122.5 -15.0,127.5 -25.0,127.5" style="stroke:black;stroke-width:0.25;fill:none" /><text x="-27.5" y="125.0" text-anchor="end" dominant-baseline="auto" font-size="5.0" style="stroke:none;stroke-width:1.0;fill:black;font-family:Times New Roman">Q1</text><line x1="-15.0" y1="125.0" x2="17.5" y2="125.0" style="stroke:black;stroke-width:0.25;fill:none;stroke-dasharray:2.0, 2.0" /></g><g class="symbol"><circle cx="0.0" cy="175.0" r="2.5" style="stroke:black;stroke-width:0.25;fill:none" /><line x1="-2.5" y1="175.0" x2="-7.5" y2="175.0" style="stroke:black;stroke-width:0.25;fill:none" /><polygon points="-42.5,172.5 -7.5,172.5 -7.5,182.5 -42.5,182.5" style="stroke:black;stroke-width:0.25;fill:none" /><line x1="-40.0" y1="172.5" x2="-40.0" y2="170.0" style="stroke:black;stroke-width:0.25;fill:none" /><text x="-41.0" y="171.25" text-anchor="end" dominant-baseline="middle" font-size="3.5" style="stroke:none;stroke-width:1.0;fill:black;font-family:sans-serif">1</text><line x1="-30.0" y1="172.5" x2="-30.0" y2="170.0" style="stroke:black;stroke-width:0.25;fill:none" /><text x="-31.0" y="171.25" text-anchor="end" dominant-baseline="middle" font-size="3.5" style="stroke:none;stroke-width:1.0;fill:black;font-family:sans-serif">2</text><line x1="-20.0" y1="172.5" x2="-20.0" y2="170.0" style="stroke:black;stroke-width:0.25;fill:none" /><text x="-21.0" y="171.25" text-anchor="end" dominant-baseline="middle" font-size="3.5" style="stroke:none;stroke-width:1.0;fill:black;font-family:sans-serif">3</text><line x1="-10.0" y1="172.5" x2="-10.0" y2="170.0" style="stroke:black;stroke-width:0.25;fill:none" /><text x="-11.0" y="171.25" text-anchor="end" dominant-baseline="middle" font-size="3.5" style="stroke:none;stroke-width:1.0;fill:black;font-family:sans-serif">4</text><text x="-45.0" y="172.5" text-anchor="end" dominant-baseline="auto" font-size="5.0" style="stroke:none;stroke-width:1.0;fill:black;font-family:Times New Roman">CT1</text></g><g class="symbol"><circle cx="0.0" cy="225.0" r="1.25" style="stroke:black;stroke-width:0.25;fill:none" /><text x="-5.0" y="225.0" text-anchor="end" dominant-baseline="auto" font-size="5.0" style="stroke:none;stroke-width:1.0;fill:black;font-family:Times New Roman">X2</text><text x="-1.5" y="225.0" text-anchor="end" dominant-baseline="auto" font-size="3.5" style="stroke:none;stroke-width:1.0;fill:black;font-family:sans-serif">1</text><circle cx="10.0" cy="225.0" r="1.25" style="stroke:black;stroke-width:0.25;fill:none" /><text x="8.5" y="225.0" text-anchor="end" dominant-baseline="auto" font-size="3.5" style="stroke:none;stroke-width:1.0;fill:black;font-family:sans-serif">2</text><circle cx="20.0" cy="225.0" r="1.25" style="stroke:black;stroke-width:0.25;fill:none" /><text x="18.5" y="225.0" text-anchor="end" dominant-baseline="auto" font-size="3.5" style="stroke:none;stroke-width:1.0;fill:black;font-family:sans-serif">3</text></g><line x1="0.0" y1="0" x2="0.0" y2="45.0" style="stroke:black;stroke-width:0.25;fill:none" /><line x1="10.0" y1="0" x2="10.0" y2="45.0" style="stroke:black;stroke-width:0.25;fill:none" /><line x1="20.0" y1="0" x2="20.0" y2="45.0" style="stroke:black;stroke-width:0.25;fill:none" /><line x1="0.0" y1="55.0" x2="0.0" y2="70.0" style="stroke:black;stroke-width:0.25;fill:none" /><line x1="10.0" y1="55.0" x2="10.0" y2="70.0" style="stroke:black;stroke-width:0.25;fill:none" /><line x1="20.0" y1="55.0" x2="20.0" y2="70.0" style="stroke:black;stroke-width:0.25;fill:none" /><line x1="0.0" y1="80.0" x2="0.0" y2="120.0" style="stroke:black;stroke-width:0.25;fill:none" /><line x1="10.0" y1="80.0" x2="10.0" y2="120.0" style="stroke:black;stroke-width:0.25;fill:none" /><line x1="20.0" y1="80.0" x2="20.0" y2="120.0" style="stroke:black;stroke-width:0.25;fill:none" /><line x1="0.0" y1="130.0" x2="0.0" y2="225.0" style="stroke:black;stroke-width:0.25;fill:none" /><line x1="10.0" y1="130.0" x2="10.0" y2="225.0" style="stroke:black;stroke-width:0.25;fill:none" /><line x1="20.0" y1="130.0" x2="20.0" y2="225.0" style="stroke:black;stroke-width:0.25;fill:none" /></g></svg>'
E         
E         - <svg xmlns="http://www.w3.org/2000/svg" width="210.0mm" height="297.0mm" viewBox="0 0 210.0 297.0"><rect width="100%" height="100%" fill="white" /><g><g class="symbol"><circle cx="0.0" cy="0" r="1.25" style="stroke:black;stroke-width:0.25;fill:none" /><text x="-5.0" y="0" text-anchor="end" dominant-baseline="auto" font-size="5.0" style="stroke:none;stroke-width:1.0;fill:black;font-family:Times New Roman">X1</text><text x="-1.5" y="0.0" text-anchor="end" dominant-baseline="auto" font-size="3.5" style="stroke:none;stroke-width:1.0;fill:black;font-family:sans-serif">1</text><circle cx="10.0" cy="0" r="1.25" style="stroke:black;stroke-width:0.25;fill:none" /><text x="8.5" y="0.0" text-anchor="end" dominant-baseline="auto" font-size="3.5" style="stroke:none;stroke-width:1.0;fill:black;font-family:sans-serif">2</text><circle cx="20.0" cy="0" r="1.25" style="stroke:black;stroke-width:0.25;fill:none" /><text x="18.5" y="0.0" text-anchor="end" dominant-baseline="auto" font-size="3.5" style="stroke:none;stroke-width:1.0;fill:black;font-family:sans-serif">3</text></g><g class="symbol"><line x1="0.0" y1="45.0" x2="0.0" y2="47.5" style="stroke:black;stroke-width:0.25;fill:none" /><line x1="0.0" y1="52.5" x2="0.0" y2="55.0" style="stroke:black;stroke-width:0.25;fill:none" /><line x1="0.0" y1="52.5" x2="-2.5" y2="47.5" style="stroke:black;stroke-width:0.25;fill:none" /><line x1="-1.25" y1="46.25" x2="1.25" y2="48.75" style="stroke:black;stroke-width:0.25;fill:none" /><line x1="-1.25" y1="48.75" x2="1.25" y2="46.25" style="stroke:black;stroke-width:0.25;fill:none" /><text x="-5.0" y="50.0" text-anchor="end" dominant-baseline="auto" font-size="5.0" style="stroke:none;stroke-width:1.0;fill:black;font-family:Times New Roman">F1</text><text x="-1.5" y="45.0" text-anchor="end" dominant-baseline="auto" font-size="3.5" style="stroke:none;stroke-width:1.0;fill:black;font-family:sans-serif">1</text><text x="-1.5" y="55.0" text-anchor="end" dominant-baseline="auto" font-size="3.5" style="stroke:none;stroke-width:1.0;fill:black;font-family:sans-serif">2</text><line x1="10.0" y1="45.0" x2="10.0" y2="47.5" style="stroke:black;stroke-width:0.25;fill:none" /><line x1="10.0" y1="52.5" x2="10.0" y2="55.0" style="stroke:black;stroke-width:0.25;fill:none" /><line x1="10.0" y1="52.5" x2="7.5" y2="47.5" style="stroke:black;stroke-width:0.25;fill:none" /><line x1="8.75" y1="46.25" x2="11.25" y2="48.75" style="stroke:black;stroke-width:0.25;fill:none" /><line x1="8.75" y1="48.75" x2="11.25" y2="46.25" style="stroke:black;stroke-width:0.25;fill:none" /><text x="8.5" y="45.0" text-anchor="end" dominant-baseline="auto" font-size="3.5" style="stroke:none;stroke-width:1.0;fill:black;font-family:sans-serif">3</text><text x="8.5" y="55.0" text-anchor="end" dominant-baseline="auto" font-size="3.5" style="stroke:none;stroke-width:1.0;fill:black;font-family:sans-serif">4</text><line x1="20.0" y1="45.0" x2="20.0" y2="47.5" style="stroke:black;stroke-width:0.25;fill:none" /><line x1="20.0" y1="52.5" x2="20.0" y2="55.0" style="stroke:black;stroke-width:0.25;fill:none" /><line x1="20.0" y1="52.5" x2="17.5" y2="47.5" style="stroke:black;stroke-width:0.25;fill:none" /><line x1="18.75" y1="46.25" x2="21.25" y2="48.75" style="stroke:black;stroke-width:0.25;fill:none" /><line x1="18.75" y1="48.75" x2="21.25" y2="46.25" style="stroke:black;stroke-width:0.25;fill:none" /><text x="18.5" y="45.0" text-anchor="end" dominant-baseline="auto" font-size="3.5" style="stroke:none;stroke-width:1.0;fill:black;font-family:sans-serif">5</text><text x="18.5" y="55.0" text-anchor="end" dominant-baseline="auto" font-size="3.5" style="stroke:none;stroke-width:1.0;fill:black;font-family:sans-serif">6</text></g><g class="symbol"><line x1="0.0" y1="70.0" x2="0.0" y2="71.25" style="stroke:black;stroke-width:0.25;fill:none" /><line x1="0.0" y1="71.25" x2="0.0" y2="73.75" style="stroke:black;stroke-width:0.25;fill:none" /><line x1="0.0" y1="73.75" x2="-2.5" y2="73.75" style="stroke:black;stroke-width:0.25;fill:none" /><line x1="-2.5" y1="73.75" x2="-2.5" y2="76.25" style="stroke:black;stroke-width:0.25;fill:none" /><line x1="-2.5" y1="76.25" x2="0.0" y2="76.25" style="stroke:black;stroke-width:0.25;fill:none" /><line x1="0.0" y1="76.25" x2="0.0" y2="78.75" style="stroke:black;stroke-width:0.25;fill:none" /><line x1="0.0" y1="78.75" x2="0.0" y2="80.0" style="stroke:black;stroke-width:0.25;fill:none" /><text x="-5.0" y="75.0" text-anchor="end" dominant-baseline="auto" font-size="5.0" style="stroke:none;stroke-width:1.0;fill:black;font-family:Times New Roman">FT1</text><text x="-1.5" y="80.0" text-anchor="end" dominant-baseline="auto" font-size="3.5" style="stroke:none;stroke-width:1.0;fill:black;font-family:sans-serif">T1</text><line x1="10.0" y1="70.0" x2="10.0" y2="71.25" style="stroke:black;stroke-width:0.25;fill:none" /><line x1="10.0" y1="71.25" x2="10.0" y2="73.75" style="stroke:black;stroke-width:0.25;fill:none" /><line x1="10.0" y1="73.75" x2="7.5" y2="73.75" style="stroke:black;stroke-width:0.25;fill:none" /><line x1="7.5" y1="73.75" x2="7.5" y2="76.25" style="stroke:black;stroke-width:0.25;fill:none" /><line x1="7.5" y1="76.25" x2="10.0" y2="76.25" style="stroke:black;stroke-width:0.25;fill:none" /><line x1="10.0" y1="76.25" x2="10.0" y2="78.75" style="stroke:black;stroke-width:0.25;fill:none" /><line x1="10.0" y1="78.75" x2="10.0" y2="80.0" style="stroke:black;stroke-width:0.25;fill:none" /><text x="8.5" y="80.0" text-anchor="end" dominant-baseline="auto" font-size="3.5" style="stroke:none;stroke-width:1.0;fill:black;font-family:sans-serif">T2</text><line x1="20.0" y1="70.0" x2="20.0" y2="71.25" style="stroke:black;stroke-width:0.25;fill:none" /><line x1="20.0" y1="71.25" x2="20.0" y2="73.75" style="stroke:black;stroke-width:0.25;fill:none" /><line x1="20.0" y1="73.75" x2="17.5" y2="73.75" style="stroke:black;stroke-width:0.25;fill:none" /><line x1="17.5" y1="73.75" x2="17.5" y2="76.25" style="stroke:black;stroke-width:0.25;fill:none" /><line x1="17.5" y1="76.25" x2="20.0" y2="76.25" style="stroke:black;stroke-width:0.25;fill:none" /><line x1="20.0" y1="76.25" x2="20.0" y2="78.75" style="stroke:black;stroke-width:0.25;fill:none" /><line x1="20.0" y1="78.75" x2="20.0" y2="80.0" style="stroke:black;stroke-width:0.25;fill:none" /><text x="18.5" y="80.0" text-anchor="end" dominant-baseline="auto" font-size="3.5" style="stroke:none;stroke-width:1.0;fill:black;font-family:sans-serif">T3</text></g><g class="symbol"><line x1="0.0" y1="120.0" x2="0.0" y2="122.5" style="stroke:black;stroke-width:0.25;fill:none" /><line x1="0.0" y1="127.5" x2="0.0" y2="130.0" style="stroke:black;stroke-width:0.25;fill:none" /><line x1="0.0" y1="127.5" x2="-2.5" y2="122.5" style="stroke:black;stroke-width:0.25;fill:none" /><text x="-1.5" y="120.0" text-anchor="end" dominant-baseline="auto" font-size="3.5" style="stroke:none;stroke-width:1.0;fill:black;font-family:sans-serif">1</text><text x="-1.5" y="130.0" text-anchor="end" dominant-baseline="auto" font-size="3.5" style="stroke:none;stroke-width:1.0;fill:black;font-family:sans-serif">2</text><line x1="10.0" y1="120.0" x2="10.0" y2="122.5" style="stroke:black;stroke-width:0.25;fill:none" /><line x1="10.0" y1="127.5" x2="10.0" y2="130.0" style="stroke:black;stroke-width:0.25;fill:none" /><line x1="10.0" y1="127.5" x2="7.5" y2="122.5" style="stroke:black;stroke-width:0.25;fill:none" /><text x="8.5" y="120.0" text-anchor="end" dominant-baseline="auto" font-size="3.5" style="stroke:none;stroke-width:1.0;fill:black;font-family:sans-serif">3</text><text x="8.5" y="130.0" text-anchor="end" dominant-baseline="auto" font-size="3.5" style="stroke:none;stroke-width:1.0;fill:black;font-family:sans-serif">4</text><line x1="20.0" y1="120.0" x2="20.0" y2="122.5" style="stroke:black;stroke-width:0.25;fill:none" /><line x1="20.0" y1="127.5" x2="20.0" y2="130.0" style="stroke:black;stroke-width:0.25;fill:none" /><line x1="20.0" y1="127.5" x2="17.5" y2="122.5" style="stroke:black;stroke-width:0.25;fill:none" /><text x="18.5" y="120.0" text-anchor="end" dominant-baseline="auto" font-size="3.5" style="stroke:none;stroke-width:1.0;fill:black;font-family:sans-serif">5</text><text x="18.5" y="130.0" text-anchor="end" dominant-baseline="auto" font-size="3.5" style="stroke:none;stroke-width:1.0;fill:black;font-family:sans-serif">6</text><polygon points="-25.0,122.5 -15.0,122.5 -15.0,127.5 -25.0,127.5" style="stroke:black;stroke-width:0.25;fill:none" /><text x="-27.5" y="125.0" text-anchor="end" dominant-baseline="auto" font-size="5.0" style="stroke:none;stroke-width:1.0;fill:black;font-family:Times New Roman">Q1</text><line x1="-15.0" y1="125.0" x2="17.5" y2="125.0" style="stroke:black;stroke-width:0.25;fill:none;stroke-dasharray:2.0, 2.0" /></g><g class="symbol"><circle cx="0.0" cy="175.0" r="2.5" style="stroke:black;stroke-width:0.25;fill:none" /><line x1="-2.5" y1="175.0" x2="-7.5" y2="175.0" style="stroke:black;stroke-width:0.25;fill:none" /><polygon points="-42.5,172.5 -7.5,172.5 -7.5,182.5 -42.5,182.5" style="stroke:black;stroke-width:0.25;fill:none" /><line x1="-40.0" y1="172.5" x2="-40.0" y2="170.0" style="stroke:black;stroke-width:0.25;fill:none" /><text x="-41.0" y="171.25" text-anchor="end" dominant-baseline="middle" font-size="3.5" style="stroke:none;stroke-width:1.0;fill:black;font-family:sans-serif">1</text><line x1="-30.0" y1="172.5" x2="-30.0" y2="170.0" style="stroke:black;stroke-width:0.25;fill:none" /><text x="-31.0" y="171.25" text-anchor="end" dominant-baseline="middle" font-size="3.5" style="stroke:none;stroke-width:1.0;fill:black;font-family:sans-serif">2</text><line x1="-20.0" y1="172.5" x2="-20.0" y2="170.0" style="stroke:black;stroke-width:0.25;fill:none" /><text x="-21.0" y="171.25" text-anchor="end" dominant-baseline="middle" font-size="3.5" style="stroke:none;stroke-width:1.0;fill:black;font-family:sans-serif">3</text><line x1="-10.0" y1="172.5" x2="-10.0" y2="170.0" style="stroke:black;stroke-width:0.25;fill:none" /><text x="-11.0" y="171.25" text-anchor="end" dominant-baseline="middle" font-size="3.5" style="stroke:none;stroke-width:1.0;fill:black;font-family:sans-serif">4</text><text x="-45.0" y="172.5" text-anchor="end" dominant-baseline="auto" font-size="5.0" style="stroke:none;stroke-width:1.0;fill:black;font-family:Times New Roman">CT1</text></g><g class="symbol"><circle cx="0.0" cy="225.0" r="1.25" style="stroke:black;stroke-width:0.25;fill:none" /><text x="-5.0" y="225.0" text-anchor="end" dominant-baseline="auto" font-size="5.0" style="stroke:none;stroke-width:1.0;fill:black;font-family:Times New Roman">X2</text><text x="-1.5" y="225.0" text-anchor="end" dominant-baseline="auto" font-size="3.5" style="stroke:none;stroke-width:1.0;fill:black;font-family:sans-serif">1</text><circle cx="10.0" cy="225.0" r="1.25" style="stroke:black;stroke-width:0.25;fill:none" /><text x="8.5" y="225.0" text-anchor="end" dominant-baseline="auto" font-size="3.5" style="stroke:none;stroke-width:1.0;fill:black;font-family:sans-serif">2</text><circle cx="20.0" cy="225.0" r="1.25" style="stroke:black;stroke-width:0.25;fill:none" /><text x="18.5" y="225.0" text-anchor="end" dominant-baseline="auto" font-size="3.5" style="stroke:none;stroke-width:1.0;fill:black;font-family:sans-serif">3</text></g><line x1="0.0" y1="0" x2="0.0" y2="45.0" style="stroke:black;stroke-width:0.25;fill:none" /><line x1="10.0" y1="0" x2="10.0" y2="45.0" style="stroke:black;stroke-width:0.25;fill:none" /><line x1="20.0" y1="0" x2="20.0" y2="45.0" style="stroke:black;stroke-width:0.25;fill:none" /><line x1="0.0" y1="55.0" x2="0.0" y2="70.0" style="stroke:black;stroke-width:0.25;fill:none" /><line x1="10.0" y1="55.0" x2="10.0" y2="70.0" style="stroke:black;stroke-width:0.25;fill:none" /><line x1="20.0" y1="55.0" x2="20.0" y2="70.0" style="stroke:black;stroke-width:0.25;fill:none" /><line x1="0.0" y1="80.0" x2="0.0" y2="120.0" style="stroke:black;stroke-width:0.25;fill:none" /><line x1="10.0" y1="80.0" x2="10.0" y2="120.0" style="stroke:black;stroke-width:0.25;fill:none" /><line x1="20.0" y1="80.0" x2="20.0" y2="120.0" style="stroke:black;stroke-width:0.25;fill:none" /><line x1="0.0" y1="130.0" x2="0.0" y2="225.0" style="stroke:black;stroke-width:0.25;fill:none" /><line x1="10.0" y1="130.0" x2="10.0" y2="225.0" style="stroke:black;stroke-width:0.25;fill:none" /><line x1="20.0" y1="130.0" x2="20.0" y2="225.0" style="stroke:black;stroke-width:0.25;fill:none" /></g></svg>
E         + <svg xmlns="http://www.w3.org/2000/svg" width="210.0mm" height="297.0mm" viewBox="0 0 210.0 297.0"><rect width="100%" height="100%" fill="white" /><g><g class="symbol"><circle cx="0.0" cy="0" r="1.25" style="stroke:black;stroke-width:0.25;fill:none" /><text x="-5.0" y="0" text-anchor="end" dominant-baseline="auto" font-size="5.0" style="stroke:none;stroke-width:1.0;fill:black;font-family:Times New Roman">X1</text><text x="-1.5" y="0.0" text-anchor="end" dominant-baseline="auto" font-size="3.5" style="stroke:none;stroke-width:1.0;fill:black;font-family:sans-serif">1</text><circle cx="10.0" cy="0" r="1.25" style="stroke:black;stroke-width:0.25;fill:none" /><text x="8.5" y="0.0" text-anchor="end" dominant-baseline="auto" font-size="3.5" style="stroke:none;stroke-width:1.0;fill:black;font-family:sans-serif">2</text><circle cx="20.0" cy="0" r="1.25" style="stroke:black;stroke-width:0.25;fill:none" /><text x="18.5" y="0.0" text-anchor="end" dominant-baseline="auto" font-size="3.5" style="stroke:none;stroke-width:1.0;fill:black;font-family:sans-serif">3</text></g><g class="symbol"><line x1="0.0" y1="28.333333333333336" x2="0.0" y2="30.833333333333336" style="stroke:black;stroke-width:0.25;fill:none" /><line x1="0.0" y1="35.833333333333336" x2="0.0" y2="38.333333333333336" style="stroke:black;stroke-width:0.25;fill:none" /><line x1="0.0" y1="35.833333333333336" x2="-2.5" y2="30.833333333333336" style="stroke:black;stroke-width:0.25;fill:none" /><line x1="-1.25" y1="29.583333333333336" x2="1.25" y2="32.083333333333336" style="stroke:black;stroke-width:0.25;fill:none" /><line x1="-1.25" y1="32.083333333333336" x2="1.25" y2="29.583333333333336" style="stroke:black;stroke-width:0.25;fill:none" /><text x="-5.0" y="33.333333333333336" text-anchor="end" dominant-baseline="auto" font-size="5.0" style="stroke:none;stroke-width:1.0;fill:black;font-family:Times New Roman">F1</text><text x="-1.5" y="28.333333333333336" text-anchor="end" dominant-baseline="auto" font-size="3.5" style="stroke:none;stroke-width:1.0;fill:black;font-family:sans-serif">1</text><text x="-1.5" y="38.333333333333336" text-anchor="end" dominant-baseline="auto" font-size="3.5" style="stroke:none;stroke-width:1.0;fill:black;font-family:sans-serif">2</text><line x1="10.0" y1="28.333333333333336" x2="10.0" y2="30.833333333333336" style="stroke:black;stroke-width:0.25;fill:none" /><line x1="10.0" y1="35.833333333333336" x2="10.0" y2="38.333333333333336" style="stroke:black;stroke-width:0.25;fill:none" /><line x1="10.0" y1="35.833333333333336" x2="7.5" y2="30.833333333333336" style="stroke:black;stroke-width:0.25;fill:none" /><line x1="8.75" y1="29.583333333333336" x2="11.25" y2="32.083333333333336" style="stroke:black;stroke-width:0.25;fill:none" /><line x1="8.75" y1="32.083333333333336" x2="11.25" y2="29.583333333333336" style="stroke:black;stroke-width:0.25;fill:none" /><text x="8.5" y="28.333333333333336" text-anchor="end" dominant-baseline="auto" font-size="3.5" style="stroke:none;stroke-width:1.0;fill:black;font-family:sans-serif">3</text><text x="8.5" y="38.333333333333336" text-anchor="end" dominant-baseline="auto" font-size="3.5" style="stroke:none;stroke-width:1.0;fill:black;font-family:sans-serif">4</text><line x1="20.0" y1="28.333333333333336" x2="20.0" y2="30.833333333333336" style="stroke:black;stroke-width:0.25;fill:none" /><line x1="20.0" y1="35.833333333333336" x2="20.0" y2="38.333333333333336" style="stroke:black;stroke-width:0.25;fill:none" /><line x1="20.0" y1="35.833333333333336" x2="17.5" y2="30.833333333333336" style="stroke:black;stroke-width:0.25;fill:none" /><line x1="18.75" y1="29.583333333333336" x2="21.25" y2="32.083333333333336" style="stroke:black;stroke-width:0.25;fill:none" /><line x1="18.75" y1="32.083333333333336" x2="21.25" y2="29.583333333333336" style="stroke:black;stroke-width:0.25;fill:none" /><text x="18.5" y="28.333333333333336" text-anchor="end" dominant-baseline="auto" font-size="3.5" style="stroke:none;stroke-width:1.0;fill:black;font-family:sans-serif">5</text><text x="18.5" y="38.333333333333336" text-anchor="end" dominant-baseline="auto" font-size="3.5" style="stroke:none;stroke-width:1.0;fill:black;font-family:sans-serif">6</text></g><g class="symbol"><line x1="0.0" y1="45.0" x2="0.0" y2="46.25" style="stroke:black;stroke-width:0.25;fill:none" /><line x1="0.0" y1="46.25" x2="0.0" y2="48.75" style="stroke:black;stroke-width:0.25;fill:none" /><line x1="0.0" y1="48.75" x2="-2.5" y2="48.75" style="stroke:black;stroke-width:0.25;fill:none" /><line x1="-2.5" y1="48.75" x2="-2.5" y2="51.25" style="stroke:black;stroke-width:0.25;fill:none" /><line x1="-2.5" y1="51.25" x2="0.0" y2="51.25" style="stroke:black;stroke-width:0.25;fill:none" /><line x1="0.0" y1="51.25" x2="0.0" y2="53.75" style="stroke:black;stroke-width:0.25;fill:none" /><line x1="0.0" y1="53.75" x2="0.0" y2="55.0" style="stroke:black;stroke-width:0.25;fill:none" /><text x="-5.0" y="50.0" text-anchor="end" dominant-baseline="auto" font-size="5.0" style="stroke:none;stroke-width:1.0;fill:black;font-family:Times New Roman">FT1</text><text x="-1.5" y="55.0" text-anchor="end" dominant-baseline="auto" font-size="3.5" style="stroke:none;stroke-width:1.0;fill:black;font-family:sans-serif">T1</text><line x1="10.0" y1="45.0" x2="10.0" y2="46.25" style="stroke:black;stroke-width:0.25;fill:none" /><line x1="10.0" y1="46.25" x2="10.0" y2="48.75" style="stroke:black;stroke-width:0.25;fill:none" /><line x1="10.0" y1="48.75" x2="7.5" y2="48.75" style="stroke:black;stroke-width:0.25;fill:none" /><line x1="7.5" y1="48.75" x2="7.5" y2="51.25" style="stroke:black;stroke-width:0.25;fill:none" /><line x1="7.5" y1="51.25" x2="10.0" y2="51.25" style="stroke:black;stroke-width:0.25;fill:none" /><line x1="10.0" y1="51.25" x2="10.0" y2="53.75" style="stroke:black;stroke-width:0.25;fill:none" /><line x1="10.0" y1="53.75" x2="10.0" y2="55.0" style="stroke:black;stroke-width:0.25;fill:none" /><text x="8.5" y="55.0" text-anchor="end" dominant-baseline="auto" font-size="3.5" style="stroke:none;stroke-width:1.0;fill:black;font-family:sans-serif">T2</text><line x1="20.0" y1="45.0" x2="20.0" y2="46.25" style="stroke:black;stroke-width:0.25;fill:none" /><line x1="20.0" y1="46.25" x2="20.0" y2="48.75" style="stroke:black;stroke-width:0.25;fill:none" /><line x1="20.0" y1="48.75" x2="17.5" y2="48.75" style="stroke:black;stroke-width:0.25;fill:none" /><line x1="17.5" y1="48.75" x2="17.5" y2="51.25" style="stroke:black;stroke-width:0.25;fill:none" /><line x1="17.5" y1="51.25" x2="20.0" y2="51.25" style="stroke:black;stroke-width:0.25;fill:none" /><line x1="20.0" y1="51.25" x2="20.0" y2="53.75" style="stroke:black;stroke-width:0.25;fill:none" /><line x1="20.0" y1="53.75" x2="20.0" y2="55.0" style="stroke:black;stroke-width:0.25;fill:none" /><text x="18.5" y="55.0" text-anchor="end" dominant-baseline="auto" font-size="3.5" style="stroke:none;stroke-width:1.0;fill:black;font-family:sans-serif">T3</text></g><g class="symbol"><line x1="0.0" y1="78.33333333333334" x2="0.0" y2="80.83333333333334" style="stroke:black;stroke-width:0.25;fill:none" /><line x1="0.0" y1="85.83333333333334" x2="0.0" y2="88.33333333333334" style="stroke:black;stroke-width:0.25;fill:none" /><line x1="0.0" y1="85.83333333333334" x2="-2.5" y2="80.83333333333334" style="stroke:black;stroke-width:0.25;fill:none" /><text x="-1.5" y="78.33333333333334" text-anchor="end" dominant-baseline="auto" font-size="3.5" style="stroke:none;stroke-width:1.0;fill:black;font-family:sans-serif">1</text><text x="-1.5" y="88.33333333333334" text-anchor="end" dominant-baseline="auto" font-size="3.5" style="stroke:none;stroke-width:1.0;fill:black;font-family:sans-serif">2</text><line x1="10.0" y1="78.33333333333334" x2="10.0" y2="80.83333333333334" style="stroke:black;stroke-width:0.25;fill:none" /><line x1="10.0" y1="85.83333333333334" x2="10.0" y2="88.33333333333334" style="stroke:black;stroke-width:0.25;fill:none" /><line x1="10.0" y1="85.83333333333334" x2="7.5" y2="80.83333333333334" style="stroke:black;stroke-width:0.25;fill:none" /><text x="8.5" y="78.33333333333334" text-anchor="end" dominant-baseline="auto" font-size="3.5" style="stroke:none;stroke-width:1.0;fill:black;font-family:sans-serif">3</text><text x="8.5" y="88.33333333333334" text-anchor="end" dominant-baseline="auto" font-size="3.5" style="stroke:none;stroke-width:1.0;fill:black;font-family:sans-serif">4</text><line x1="20.0" y1="78.33333333333334" x2="20.0" y2="80.83333333333334" style="stroke:black;stroke-width:0.25;fill:none" /><line x1="20.0" y1="85.83333333333334" x2="20.0" y2="88.33333333333334" style="stroke:black;stroke-width:0.25;fill:none" /><line x1="20.0" y1="85.83333333333334" x2="17.5" y2="80.83333333333334" style="stroke:black;stroke-width:0.25;fill:none" /><text x="18.5" y="78.33333333333334" text-anchor="end" dominant-baseline="auto" font-size="3.5" style="stroke:none;stroke-width:1.0;fill:black;font-family:sans-serif">5</text><text x="18.5" y="88.33333333333334" text-anchor="end" dominant-baseline="auto" font-size="3.5" style="stroke:none;stroke-width:1.0;fill:black;font-family:sans-serif">6</text><polygon points="-25.0,80.83333333333334 -15.0,80.83333333333334 -15.0,85.83333333333334 -25.0,85.83333333333334" style="stroke:black;stroke-width:0.25;fill:none" /><text x="-27.5" y="83.33333333333334" text-anchor="end" dominant-baseline="auto" font-size="5.0" style="stroke:none;stroke-width:1.0;fill:black;font-family:Times New Roman">Q1</text><line x1="-15.0" y1="83.33333333333334" x2="17.5" y2="83.33333333333334" style="stroke:black;stroke-width:0.25;fill:none;stroke-dasharray:2.0, 2.0" /></g><g class="symbol"><circle cx="0.0" cy="116.66666666666669" r="2.5" style="stroke:black;stroke-width:0.25;fill:none" /><line x1="-2.5" y1="116.66666666666669" x2="-7.5" y2="116.66666666666669" style="stroke:black;stroke-width:0.25;fill:none" /><polygon points="-42.5,114.16666666666669 -7.5,114.16666666666669 -7.5,124.16666666666669 -42.5,124.16666666666669" style="stroke:black;stroke-width:0.25;fill:none" /><line x1="-40.0" y1="114.16666666666669" x2="-40.0" y2="111.66666666666669" style="stroke:black;stroke-width:0.25;fill:none" /><text x="-41.0" y="112.91666666666669" text-anchor="end" dominant-baseline="middle" font-size="3.5" style="stroke:none;stroke-width:1.0;fill:black;font-family:sans-serif">1</text><line x1="-30.0" y1="114.16666666666669" x2="-30.0" y2="111.66666666666669" style="stroke:black;stroke-width:0.25;fill:none" /><text x="-31.0" y="112.91666666666669" text-anchor="end" dominant-baseline="middle" font-size="3.5" style="stroke:none;stroke-width:1.0;fill:black;font-family:sans-serif">2</text><line x1="-20.0" y1="114.16666666666669" x2="-20.0" y2="111.66666666666669" style="stroke:black;stroke-width:0.25;fill:none" /><text x="-21.0" y="112.91666666666669" text-anchor="end" dominant-baseline="middle" font-size="3.5" style="stroke:none;stroke-width:1.0;fill:black;font-family:sans-serif">3</text><line x1="-10.0" y1="114.16666666666669" x2="-10.0" y2="111.66666666666669" style="stroke:black;stroke-width:0.25;fill:none" /><text x="-11.0" y="112.91666666666669" text-anchor="end" dominant-baseline="middle" font-size="3.5" style="stroke:none;stroke-width:1.0;fill:black;font-family:sans-serif">4</text><text x="-45.0" y="114.16666666666669" text-anchor="end" dominant-baseline="auto" font-size="5.0" style="stroke:none;stroke-width:1.0;fill:black;font-family:Times New Roman">CT1</text></g><g class="symbol"><circle cx="0.0" cy="133.33333333333334" r="1.25" style="stroke:black;stroke-width:0.25;fill:none" /><text x="-5.0" y="133.33333333333334" text-anchor="end" dominant-baseline="auto" font-size="5.0" style="stroke:none;stroke-width:1.0;fill:black;font-family:Times New Roman">X2</text><text x="-1.5" y="133.33333333333334" text-anchor="end" dominant-baseline="auto" font-size="3.5" style="stroke:none;stroke-width:1.0;fill:black;font-family:sans-serif">1</text><circle cx="10.0" cy="133.33333333333334" r="1.25" style="stroke:black;stroke-width:0.25;fill:none" /><text x="8.5" y="133.33333333333334" text-anchor="end" dominant-baseline="auto" font-size="3.5" style="stroke:none;stroke-width:1.0;fill:black;font-family:sans-serif">2</text><circle cx="20.0" cy="133.33333333333334" r="1.25" style="stroke:black;stroke-width:0.25;fill:none" /><text x="18.5" y="133.33333333333334" text-anchor="end" dominant-baseline="auto" font-size="3.5" style="stroke:none;stroke-width:1.0;fill:black;font-family:sans-serif">3</text></g><g class="symbol"><circle cx="30.0" cy="133.33333333333334" r="1.25" style="stroke:black;stroke-width:0.25;fill:none" /><text x="35.0" y="133.33333333333334" text-anchor="start" dominant-baseline="auto" font-size="5.0" style="stroke:none;stroke-width:1.0;fill:black;font-family:Times New Roman">X3</text><text x="28.5" y="133.33333333333334" text-anchor="end" dominant-baseline="auto" font-size="3.5" style="stroke:none;stroke-width:1.0;fill:black;font-family:sans-serif">1</text></g><g class="symbol"><circle cx="10.0" cy="183.33333333333334" r="20.0" style="stroke:black;stroke-width:0.25;fill:none" /><text x="10.0" y="183.33333333333334" text-anchor="middle" dominant-baseline="auto" font-size="5.0" style="stroke:none;stroke-width:1.0;fill:black;font-family:Times New Roman">M1</text><line x1="0.0" y1="166.01282525764458" x2="0.0" y2="156.01282525764458" style="stroke:black;stroke-width:0.25;fill:none" /><line x1="10.0" y1="163.33333333333334" x2="10.0" y2="153.33333333333334" style="stroke:black;stroke-width:0.25;fill:none" /><line x1="20.0" y1="166.01282525764458" x2="20.0" y2="156.01282525764458" style="stroke:black;stroke-width:0.25;fill:none" /><line x1="30.0" y1="183.33333333333334" x2="30.0" y2="173.33333333333334" style="stroke:black;stroke-width:0.25;fill:none" /><text x="-1.5" y="156.01282525764458" text-anchor="end" dominant-baseline="auto" font-size="3.5" style="stroke:none;stroke-width:1.0;fill:black;font-family:sans-serif">U</text><text x="8.5" y="153.33333333333334" text-anchor="end" dominant-baseline="auto" font-size="3.5" style="stroke:none;stroke-width:1.0;fill:black;font-family:sans-serif">V</text><text x="18.5" y="156.01282525764458" text-anchor="end" dominant-baseline="auto" font-size="3.5" style="stroke:none;stroke-width:1.0;fill:black;font-family:sans-serif">W</text><text x="31.5" y="173.33333333333334" text-anchor="start" dominant-baseline="auto" font-size="3.5" style="stroke:none;stroke-width:1.0;fill:black;font-family:sans-serif">PE</text></g><line x1="0.0" y1="0" x2="0.0" y2="28.333333333333336" style="stroke:black;stroke-width:0.25;fill:none" /><line x1="10.0" y1="0" x2="10.0" y2="28.333333333333336" style="stroke:black;stroke-width:0.25;fill:none" /><line x1="20.0" y1="0" x2="20.0" y2="28.333333333333336" style="stroke:black;stroke-width:0.25;fill:none" /><line x1="0.0" y1="38.333333333333336" x2="0.0" y2="45.0" style="stroke:black;stroke-width:0.25;fill:none" /><line x1="10.0" y1="38.333333333333336" x2="10.0" y2="45.0" style="stroke:black;stroke-width:0.25;fill:none" /><line x1="20.0" y1="38.333333333333336" x2="20.0" y2="45.0" style="stroke:black;stroke-width:0.25;fill:none" /><line x1="0.0" y1="55.0" x2="0.0" y2="78.33333333333334" style="stroke:black;stroke-width:0.25;fill:none" /><line x1="10.0" y1="55.0" x2="10.0" y2="78.33333333333334" style="stroke:black;stroke-width:0.25;fill:none" /><line x1="20.0" y1="55.0" x2="20.0" y2="78.33333333333334" style="stroke:black;stroke-width:0.25;fill:none" /><line x1="0.0" y1="88.33333333333334" x2="0.0" y2="133.33333333333334" style="stroke:black;stroke-width:0.25;fill:none" /><line x1="10.0" y1="88.33333333333334" x2="10.0" y2="133.33333333333334" style="stroke:black;stroke-width:0.25;fill:none" /><line x1="20.0" y1="88.33333333333334" x2="20.0" y2="133.33333333333334" style="stroke:black;stroke-width:0.25;fill:none" /><line x1="30.0" y1="133.33333333333334" x2="30.0" y2="173.33333333333334" style="stroke:black;stroke-width:0.25;fill:none" /><line x1="30.0" y1="133.33333333333334" x2="30.0" y2="173.33333333333334" style="stroke:black;stroke-width:0.25;fill:none" /><line x1="0.0" y1="133.33333333333334" x2="0.0" y2="156.01282525764458" style="stroke:black;stroke-width:0.25;fill:none" /><line x1="10.0" y1="133.33333333333334" x2="10.0" y2="153.33333333333334" style="stroke:black;stroke-width:0.25;fill:none" /><line x1="20.0" y1="133.33333333333334" x2="20.0" y2="156.01282525764458" style="stroke:black;stroke-width:0.25;fill:none" /></g></svg>

tests\conftest.py:46: AssertionError
____________ TestStandardCircuitsSnapshot.test_changeover_snapshot ____________

self = <test_std_circuits.TestStandardCircuitsSnapshot object at 0x000002688FDBA5D0>
snapshot_svg = <function snapshot_svg.<locals>._compare at 0x000002688FEBECA0>

    def test_changeover_snapshot(self, snapshot_svg):
        state = create_autonumberer()
        state, circuit, _ = changeover(
            state, 0, 0, tm_top_left="X1", tm_top_right="X2", tm_bot="X3"
        )
        svg_content = render_circuit_to_string(circuit)
>       snapshot_svg(svg_content, "changeover_circuit")

tests\integration\test_std_circuits.py:50: 
_ _ _ _ _ _ _ _ _ _ _ _ _ _ _ _ _ _ _ _ _ _ _ _ _ _ _ _ _ _ _ _ _ _ _ _ _ _ _ _

content = '<svg xmlns="http://www.w3.org/2000/svg" width="210.0mm" height="297.0mm" viewBox="0 0 210.0 297.0"><rect width="100%"...l:none" /><line x1="82.5" y1="65.0" x2="82.5" y2="120.0" style="stroke:black;stroke-width:0.25;fill:none" /></g></svg>'
snapshot_name = 'changeover_circuit'

    def _compare(content: str, snapshot_name: str):
        # Normalize the content (optional: strip dynamic dates/ids if strictly necessary)
        # For now, we assume the generator is deterministic or mocked.
        # But we do trip whitespace from ends.
        content = content.strip()
    
        snapshot_file = snapshot_dir / f"{snapshot_name}.svg"
    
        # Environment variable to force update snapshots: PYTEST_UPDATE_SNAPSHOTS=1
        update_snapshots = os.getenv("PYTEST_UPDATE_SNAPSHOTS") == "1"
    
        if not snapshot_file.exists() or update_snapshots:
            # Write/Update snapshot
            snapshot_file.write_text(content, encoding="utf-8")
            # If we are just updating, we might want to warn or print
            if update_snapshots:
                print(f"Updated snapshot: {snapshot_file}")
            else:
                print(f"Created new snapshot: {snapshot_file}")
            return
    
        # Compare
        expected_content = snapshot_file.read_text(encoding="utf-8").strip()
    
        # Simple string equality
        # In a real scenario, XML parsing comparison might be more robust to ignore attribute order,
        # but string equality is stricter and strictly requested ("consistency").
>       assert content == expected_content, (
            f"Snapshot mismatch for {snapshot_name}. \n"
            f"Run with PYTEST_UPDATE_SNAPSHOTS=1 to update if this change is intentional."
        )
E       AssertionError: Snapshot mismatch for changeover_circuit. 
E         Run with PYTEST_UPDATE_SNAPSHOTS=1 to update if this change is intentional.
E       assert '<svg xmlns="http://www.w3.org/2000/svg" width="210.0mm" height="297.0mm" viewBox="0 0 210.0 297.0"><rect width="100%" height="100%" fill="white" /><g><g class="symbol"><line x1="2.5" y1="62.5" x2="2.5" y2="65.0" style="stroke:black;stroke-width:0.25;fill:none" /><line x1="2.5" y1="55.0" x2="2.5" y2="57.5" style="stroke:black;stroke-width:0.25;fill:none" /><line x1="-2.5" y1="55.0" x2="-2.5" y2="57.5" style="stroke:black;stroke-width:0.25;fill:none" /><line x1="-2.5" y1="57.5" x2="0.0" y2="57.5" style="stroke:black;stroke-width:0.25;fill:none" /><line x1="2.5" y1="62.5" x2="-0.5590169943749475" y2="56.38196601125011" style="stroke:black;stroke-width:0.25;fill:none" /><text x="-5.0" y="60.0" text-anchor="end" dominant-baseline="auto" font-size="5.0" style="stroke:none;stroke-width:1.0;fill:black;font-family:Times New Roman">K1</text><text x="4.5" y="65.0" text-anchor="start" dominant-baseline="auto" font-size="3.5" style="stroke:none;stroke-width:1.0;fill:black;font-family:sans-serif">11</text><text x="-4.5" y="55.0" text-anchor="end" dominant-baseline="auto" font-size="3.5" style="stroke:none;stroke-width:1.0;fill:black;font-family:sans-serif">12</text><text x="4.5" y="55.0" text-anchor="start" dominant-baseline="auto" font-size="3.5" style="stroke:none;stroke-width:1.0;fill:black;font-family:sans-serif">14</text><line x1="42.5" y1="62.5" x2="42.5" y2="65.0" style="stroke:black;stroke-width:0.25;fill:none" /><line x1="42.5" y1="55.0" x2="42.5" y2="57.5" style="stroke:black;stroke-width:0.25;fill:none" /><line x1="37.5" y1="55.0" x2="37.5" y2="57.5" style="stroke:black;stroke-width:0.25;fill:none" /><line x1="37.5" y1="57.5" x2="40.0" y2="57.5" style="stroke:black;stroke-width:0.25;fill:none" /><line x1="42.5" y1="62.5" x2="39.44098300562505" y2="56.38196601125011" style="stroke:black;stroke-width:0.25;fill:none" /><text x="44.5" y="65.0" text-anchor="start" dominant-baseline="auto" font-size="3.5" style="stroke:none;stroke-width:1.0;fill:black;font-family:sans-serif">21</text><text x="35.5" y="55.0" text-anchor="end" dominant-baseline="auto" font-size="3.5" style="stroke:none;stroke-width:1.0;fill:black;font-family:sans-serif">22</text><text x="44.5" y="55.0" text-anchor="start" dominant-baseline="auto" font-size="3.5" style="stroke:none;stroke-width:1.0;fill:black;font-family:sans-serif">24</text><line x1="82.5" y1="62.5" x2="82.5" y2="65.0" style="stroke:black;stroke-width:0.25;fill:none" /><line x1="82.5" y1="55.0" x2="82.5" y2="57.5" style="stroke:black;stroke-width:0.25;fill:none" /><line x1="77.5" y1="55.0" x2="77.5" y2="57.5" style="stroke:black;stroke-width:0.25;fill:none" /><line x1="77.5" y1="57.5" x2="80.0" y2="57.5" style="stroke:black;stroke-width:0.25;fill:none" /><line x1="82.5" y1="62.5" x2="79.44098300562506" y2="56.38196601125011" style="stroke:black;stroke-width:0.25;fill:none" /><text x="84.5" y="65.0" text-anchor="start" dominant-baseline="auto" font-size="3.5" style="stroke:none;stroke-width:1.0;fill:black;font-family:sans-serif">31</text><text x="75.5" y="55.0" text-anchor="end" dominant-baseline="auto" font-size="3.5" style="stroke:none;stroke-width:1.0;fill:black;font-family:sans-serif">32</text><text x="84.5" y="55.0" text-anchor="start" dominant-baseline="auto" font-size="3.5" style="stroke:none;stroke-width:1.0;fill:black;font-family:sans-serif">34</text></g><g class="symbol"><circle cx="-2.5" cy="0.0" r="1.25" style="stroke:black;stroke-width:0.25;fill:none" /><text x="-7.5" y="0.0" text-anchor="end" dominant-baseline="auto" font-size="5.0" style="stroke:none;stroke-width:1.0;fill:black;font-family:Times New Roman">X1</text><text x="-4.0" y="0.0" text-anchor="end" dominant-baseline="auto" font-size="3.5" style="stroke:none;stroke-width:1.0;fill:black;font-family:sans-serif">1</text></g><line x1="-2.5" y1="0.0" x2="-2.5" y2="55.0" style="stroke:black;stroke-width:0.25;fill:none" /><line x1="-2.5" y1="0.0" x2="-2.5" y2="55.0" style="stroke:black;stroke-width:0.25;fill:none" /><g class="symbol"><circle cx="2.5" cy="0.0" r="1.25" style="stroke:black;stroke-width:0.25;fill:none" /><text x="7.5" y="0.0" text-anchor="start" dominant-baseline="auto" font-size="5.0" style="stroke:none;stroke-width:1.0;fill:black;font-family:Times New Roman">X2</text><text x="1.0" y="0.0" text-anchor="end" dominant-baseline="auto" font-size="3.5" style="stroke:none;stroke-width:1.0;fill:black;font-family:sans-serif">1</text></g><line x1="2.5" y1="0.0" x2="2.5" y2="55.0" style="stroke:black;stroke-width:0.25;fill:none" /><line x1="2.5" y1="0.0" x2="2.5" y2="55.0" style="stroke:black;stroke-width:0.25;fill:none" /><g class="symbol"><circle cx="2.5" cy="120.0" r="1.25" style="stroke:black;stroke-width:0.25;fill:none" /><text x="-2.5" y="120.0" text-anchor="end" dominant-baseline="auto" font-size="5.0" style="stroke:none;stroke-width:1.0;fill:black;font-family:Times New Roman">X3</text><text x="1.0" y="120.0" text-anchor="end" dominant-baseline="auto" font-size="3.5" style="stroke:none;stroke-width:1.0;fill:black;font-family:sans-serif">1</text></g><line x1="2.5" y1="65.0" x2="2.5" y2="120.0" style="stroke:black;stroke-width:0.25;fill:none" /><line x1="2.5" y1="65.0" x2="2.5" y2="120.0" style="stroke:black;stroke-width:0.25;fill:none" /><g class="symbol"><circle cx="37.5" cy="0.0" r="1.25" style="stroke:black;stroke-width:0.25;fill:none" /><text x="32.5" y="0.0" text-anchor="end" dominant-baseline="auto" font-size="5.0" style="stroke:none;stroke-width:1.0;fill:black;font-family:Times New Roman">X1</text><text x="36.0" y="0.0" text-anchor="end" dominant-baseline="auto" font-size="3.5" style="stroke:none;stroke-width:1.0;fill:black;font-family:sans-serif">2</text></g><line x1="37.5" y1="0.0" x2="37.5" y2="55.0" style="stroke:black;stroke-width:0.25;fill:none" /><line x1="37.5" y1="0.0" x2="37.5" y2="55.0" style="stroke:black;stroke-width:0.25;fill:none" /><g class="symbol"><circle cx="42.5" cy="0.0" r="1.25" style="stroke:black;stroke-width:0.25;fill:none" /><text x="47.5" y="0.0" text-anchor="start" dominant-baseline="auto" font-size="5.0" style="stroke:none;stroke-width:1.0;fill:black;font-family:Times New Roman">X2</text><text x="41.0" y="0.0" text-anchor="end" dominant-baseline="auto" font-size="3.5" style="stroke:none;stroke-width:1.0;fill:black;font-family:sans-serif">2</text></g><line x1="42.5" y1="0.0" x2="42.5" y2="55.0" style="stroke:black;stroke-width:0.25;fill:none" /><line x1="42.5" y1="0.0" x2="42.5" y2="55.0" style="stroke:black;stroke-width:0.25;fill:none" /><g class="symbol"><circle cx="42.5" cy="120.0" r="1.25" style="stroke:black;stroke-width:0.25;fill:none" /><text x="37.5" y="120.0" text-anchor="end" dominant-baseline="auto" font-size="5.0" style="stroke:none;stroke-width:1.0;fill:black;font-family:Times New Roman">X3</text><text x="41.0" y="120.0" text-anchor="end" dominant-baseline="auto" font-size="3.5" style="stroke:none;stroke-width:1.0;fill:black;font-family:sans-serif">2</text></g><line x1="42.5" y1="65.0" x2="42.5" y2="120.0" style="stroke:black;stroke-width:0.25;fill:none" /><line x1="42.5" y1="65.0" x2="42.5" y2="120.0" style="stroke:black;stroke-width:0.25;fill:none" /><g class="symbol"><circle cx="77.5" cy="0.0" r="1.25" style="stroke:black;stroke-width:0.25;fill:none" /><text x="72.5" y="0.0" text-anchor="end" dominant-baseline="auto" font-size="5.0" style="stroke:none;stroke-width:1.0;fill:black;font-family:Times New Roman">X1</text><text x="76.0" y="0.0" text-anchor="end" dominant-baseline="auto" font-size="3.5" style="stroke:none;stroke-width:1.0;fill:black;font-family:sans-serif">3</text></g><line x1="77.5" y1="0.0" x2="77.5" y2="55.0" style="stroke:black;stroke-width:0.25;fill:none" /><line x1="77.5" y1="0.0" x2="77.5" y2="55.0" style="stroke:black;stroke-width:0.25;fill:none" /><g class="symbol"><circle cx="82.5" cy="0.0" r="1.25" style="stroke:black;stroke-width:0.25;fill:none" /><text x="87.5" y="0.0" text-anchor="start" dominant-baseline="auto" font-size="5.0" style="stroke:none;stroke-width:1.0;fill:black;font-family:Times New Roman">X2</text><text x="81.0" y="0.0" text-anchor="end" dominant-baseline="auto" font-size="3.5" style="stroke:none;stroke-width:1.0;fill:black;font-family:sans-serif">3</text></g><line x1="82.5" y1="0.0" x2="82.5" y2="55.0" style="stroke:black;stroke-width:0.25;fill:none" /><line x1="82.5" y1="0.0" x2="82.5" y2="55.0" style="stroke:black;stroke-width:0.25;fill:none" /><g class="symbol"><circle cx="82.5" cy="120.0" r="1.25" style="stroke:black;stroke-width:0.25;fill:none" /><text x="77.5" y="120.0" text-anchor="end" dominant-baseline="auto" font-size="5.0" style="stroke:none;stroke-width:1.0;fill:black;font-family:Times New Roman">X3</text><text x="81.0" y="120.0" text-anchor="end" dominant-baseline="auto" font-size="3.5" style="stroke:none;stroke-width:1.0;fill:black;font-family:sans-serif">3</text></g><line x1="82.5" y1="65.0" x2="82.5" y2="120.0" style="stroke:black;stroke-width:0.25;fill:none" /><line x1="82.5" y1="65.0" x2="82.5" y2="120.0" style="stroke:black;stroke-width:0.25;fill:none" /></g></svg>' == '<svg xmlns="http://www.w3.org/2000/svg" width="210.0mm" height="297.0mm" viewBox="0 0 210.0 297.0"><rect width="100%" height="100%" fill="white" /><g><g class="symbol"><line x1="2.5" y1="62.5" x2="2.5" y2="65.0" style="stroke:black;stroke-width:0.25;fill:none" /><line x1="2.5" y1="55.0" x2="2.5" y2="57.5" style="stroke:black;stroke-width:0.25;fill:none" /><line x1="-2.5" y1="55.0" x2="-2.5" y2="57.5" style="stroke:black;stroke-width:0.25;fill:none" /><line x1="-2.5" y1="57.5" x2="0.0" y2="57.5" style="stroke:black;stroke-width:0.25;fill:none" /><line x1="2.5" y1="62.5" x2="-0.5590169943749475" y2="56.38196601125011" style="stroke:black;stroke-width:0.25;fill:none" /><text x="-5.0" y="60.0" text-anchor="end" dominant-baseline="auto" font-size="5.0" style="stroke:none;stroke-width:1.0;fill:black;font-family:Times New Roman">K1</text><text x="4.5" y="65.0" text-anchor="start" dominant-baseline="auto" font-size="3.5" style="stroke:none;stroke-width:1.0;fill:black;font-family:sans-serif">11</text><text x="-4.5" y="55.0" text-anchor="end" dominant-baseline="auto" font-size="3.5" style="stroke:none;stroke-width:1.0;fill:black;font-family:sans-serif">12</text><text x="4.5" y="55.0" text-anchor="start" dominant-baseline="auto" font-size="3.5" style="stroke:none;stroke-width:1.0;fill:black;font-family:sans-serif">14</text><line x1="42.5" y1="62.5" x2="42.5" y2="65.0" style="stroke:black;stroke-width:0.25;fill:none" /><line x1="42.5" y1="55.0" x2="42.5" y2="57.5" style="stroke:black;stroke-width:0.25;fill:none" /><line x1="37.5" y1="55.0" x2="37.5" y2="57.5" style="stroke:black;stroke-width:0.25;fill:none" /><line x1="37.5" y1="57.5" x2="40.0" y2="57.5" style="stroke:black;stroke-width:0.25;fill:none" /><line x1="42.5" y1="62.5" x2="39.44098300562505" y2="56.38196601125011" style="stroke:black;stroke-width:0.25;fill:none" /><text x="44.5" y="65.0" text-anchor="start" dominant-baseline="auto" font-size="3.5" style="stroke:none;stroke-width:1.0;fill:black;font-family:sans-serif">21</text><text x="35.5" y="55.0" text-anchor="end" dominant-baseline="auto" font-size="3.5" style="stroke:none;stroke-width:1.0;fill:black;font-family:sans-serif">22</text><text x="44.5" y="55.0" text-anchor="start" dominant-baseline="auto" font-size="3.5" style="stroke:none;stroke-width:1.0;fill:black;font-family:sans-serif">24</text><line x1="82.5" y1="62.5" x2="82.5" y2="65.0" style="stroke:black;stroke-width:0.25;fill:none" /><line x1="82.5" y1="55.0" x2="82.5" y2="57.5" style="stroke:black;stroke-width:0.25;fill:none" /><line x1="77.5" y1="55.0" x2="77.5" y2="57.5" style="stroke:black;stroke-width:0.25;fill:none" /><line x1="77.5" y1="57.5" x2="80.0" y2="57.5" style="stroke:black;stroke-width:0.25;fill:none" /><line x1="82.5" y1="62.5" x2="79.44098300562506" y2="56.38196601125011" style="stroke:black;stroke-width:0.25;fill:none" /><text x="84.5" y="65.0" text-anchor="start" dominant-baseline="auto" font-size="3.5" style="stroke:none;stroke-width:1.0;fill:black;font-family:sans-serif">31</text><text x="75.5" y="55.0" text-anchor="end" dominant-baseline="auto" font-size="3.5" style="stroke:none;stroke-width:1.0;fill:black;font-family:sans-serif">32</text><text x="84.5" y="55.0" text-anchor="start" dominant-baseline="auto" font-size="3.5" style="stroke:none;stroke-width:1.0;fill:black;font-family:sans-serif">34</text></g><g class="symbol"><circle cx="-2.5" cy="0.0" r="1.25" style="stroke:black;stroke-width:0.25;fill:none" /><text x="-7.5" y="0.0" text-anchor="end" dominant-baseline="auto" font-size="5.0" style="stroke:none;stroke-width:1.0;fill:black;font-family:Times New Roman">X1</text><text x="-4.0" y="0.0" text-anchor="end" dominant-baseline="auto" font-size="3.5" style="stroke:none;stroke-width:1.0;fill:black;font-family:sans-serif">1</text></g><line x1="-2.5" y1="0.0" x2="-2.5" y2="55.0" style="stroke:black;stroke-width:0.25;fill:none" /><g class="symbol"><circle cx="2.5" cy="0.0" r="1.25" style="stroke:black;stroke-width:0.25;fill:none" /><text x="7.5" y="0.0" text-anchor="start" dominant-baseline="auto" font-size="5.0" style="stroke:none;stroke-width:1.0;fill:black;font-family:Times New Roman">X2</text><text x="1.0" y="0.0" text-anchor="end" dominant-baseline="auto" font-size="3.5" style="stroke:none;stroke-width:1.0;fill:black;font-family:sans-serif">1</text></g><line x1="2.5" y1="0.0" x2="2.5" y2="55.0" style="stroke:black;stroke-width:0.25;fill:none" /><g class="symbol"><circle cx="2.5" cy="120.0" r="1.25" style="stroke:black;stroke-width:0.25;fill:none" /><text x="-2.5" y="120.0" text-anchor="end" dominant-baseline="auto" font-size="5.0" style="stroke:none;stroke-width:1.0;fill:black;font-family:Times New Roman">X3</text><text x="1.0" y="120.0" text-anchor="end" dominant-baseline="auto" font-size="3.5" style="stroke:none;stroke-width:1.0;fill:black;font-family:sans-serif">1</text></g><line x1="2.5" y1="65.0" x2="2.5" y2="120.0" style="stroke:black;stroke-width:0.25;fill:none" /><g class="symbol"><circle cx="37.5" cy="0.0" r="1.25" style="stroke:black;stroke-width:0.25;fill:none" /><text x="32.5" y="0.0" text-anchor="end" dominant-baseline="auto" font-size="5.0" style="stroke:none;stroke-width:1.0;fill:black;font-family:Times New Roman">X1</text><text x="36.0" y="0.0" text-anchor="end" dominant-baseline="auto" font-size="3.5" style="stroke:none;stroke-width:1.0;fill:black;font-family:sans-serif">2</text></g><line x1="37.5" y1="0.0" x2="37.5" y2="55.0" style="stroke:black;stroke-width:0.25;fill:none" /><g class="symbol"><circle cx="42.5" cy="0.0" r="1.25" style="stroke:black;stroke-width:0.25;fill:none" /><text x="47.5" y="0.0" text-anchor="start" dominant-baseline="auto" font-size="5.0" style="stroke:none;stroke-width:1.0;fill:black;font-family:Times New Roman">X2</text><text x="41.0" y="0.0" text-anchor="end" dominant-baseline="auto" font-size="3.5" style="stroke:none;stroke-width:1.0;fill:black;font-family:sans-serif">2</text></g><line x1="42.5" y1="0.0" x2="42.5" y2="55.0" style="stroke:black;stroke-width:0.25;fill:none" /><g class="symbol"><circle cx="42.5" cy="120.0" r="1.25" style="stroke:black;stroke-width:0.25;fill:none" /><text x="37.5" y="120.0" text-anchor="end" dominant-baseline="auto" font-size="5.0" style="stroke:none;stroke-width:1.0;fill:black;font-family:Times New Roman">X3</text><text x="41.0" y="120.0" text-anchor="end" dominant-baseline="auto" font-size="3.5" style="stroke:none;stroke-width:1.0;fill:black;font-family:sans-serif">2</text></g><line x1="42.5" y1="65.0" x2="42.5" y2="120.0" style="stroke:black;stroke-width:0.25;fill:none" /><g class="symbol"><circle cx="77.5" cy="0.0" r="1.25" style="stroke:black;stroke-width:0.25;fill:none" /><text x="72.5" y="0.0" text-anchor="end" dominant-baseline="auto" font-size="5.0" style="stroke:none;stroke-width:1.0;fill:black;font-family:Times New Roman">X1</text><text x="76.0" y="0.0" text-anchor="end" dominant-baseline="auto" font-size="3.5" style="stroke:none;stroke-width:1.0;fill:black;font-family:sans-serif">3</text></g><line x1="77.5" y1="0.0" x2="77.5" y2="55.0" style="stroke:black;stroke-width:0.25;fill:none" /><g class="symbol"><circle cx="82.5" cy="0.0" r="1.25" style="stroke:black;stroke-width:0.25;fill:none" /><text x="87.5" y="0.0" text-anchor="start" dominant-baseline="auto" font-size="5.0" style="stroke:none;stroke-width:1.0;fill:black;font-family:Times New Roman">X2</text><text x="81.0" y="0.0" text-anchor="end" dominant-baseline="auto" font-size="3.5" style="stroke:none;stroke-width:1.0;fill:black;font-family:sans-serif">3</text></g><line x1="82.5" y1="0.0" x2="82.5" y2="55.0" style="stroke:black;stroke-width:0.25;fill:none" /><g class="symbol"><circle cx="82.5" cy="120.0" r="1.25" style="stroke:black;stroke-width:0.25;fill:none" /><text x="77.5" y="120.0" text-anchor="end" dominant-baseline="auto" font-size="5.0" style="stroke:none;stroke-width:1.0;fill:black;font-family:Times New Roman">X3</text><text x="81.0" y="120.0" text-anchor="end" dominant-baseline="auto" font-size="3.5" style="stroke:none;stroke-width:1.0;fill:black;font-family:sans-serif">3</text></g><line x1="82.5" y1="65.0" x2="82.5" y2="120.0" style="stroke:black;stroke-width:0.25;fill:none" /></g></svg>'
E         
E         - <svg xmlns="http://www.w3.org/2000/svg" width="210.0mm" height="297.0mm" viewBox="0 0 210.0 297.0"><rect width="100%" height="100%" fill="white" /><g><g class="symbol"><line x1="2.5" y1="62.5" x2="2.5" y2="65.0" style="stroke:black;stroke-width:0.25;fill:none" /><line x1="2.5" y1="55.0" x2="2.5" y2="57.5" style="stroke:black;stroke-width:0.25;fill:none" /><line x1="-2.5" y1="55.0" x2="-2.5" y2="57.5" style="stroke:black;stroke-width:0.25;fill:none" /><line x1="-2.5" y1="57.5" x2="0.0" y2="57.5" style="stroke:black;stroke-width:0.25;fill:none" /><line x1="2.5" y1="62.5" x2="-0.5590169943749475" y2="56.38196601125011" style="stroke:black;stroke-width:0.25;fill:none" /><text x="-5.0" y="60.0" text-anchor="end" dominant-baseline="auto" font-size="5.0" style="stroke:none;stroke-width:1.0;fill:black;font-family:Times New Roman">K1</text><text x="4.5" y="65.0" text-anchor="start" dominant-baseline="auto" font-size="3.5" style="stroke:none;stroke-width:1.0;fill:black;font-family:sans-serif">11</text><text x="-4.5" y="55.0" text-anchor="end" dominant-baseline="auto" font-size="3.5" style="stroke:none;stroke-width:1.0;fill:black;font-family:sans-serif">12</text><text x="4.5" y="55.0" text-anchor="start" dominant-baseline="auto" font-size="3.5" style="stroke:none;stroke-width:1.0;fill:black;font-family:sans-serif">14</text><line x1="42.5" y1="62.5" x2="42.5" y2="65.0" style="stroke:black;stroke-width:0.25;fill:none" /><line x1="42.5" y1="55.0" x2="42.5" y2="57.5" style="stroke:black;stroke-width:0.25;fill:none" /><line x1="37.5" y1="55.0" x2="37.5" y2="57.5" style="stroke:black;stroke-width:0.25;fill:none" /><line x1="37.5" y1="57.5" x2="40.0" y2="57.5" style="stroke:black;stroke-width:0.25;fill:none" /><line x1="42.5" y1="62.5" x2="39.44098300562505" y2="56.38196601125011" style="stroke:black;stroke-width:0.25;fill:none" /><text x="44.5" y="65.0" text-anchor="start" dominant-baseline="auto" font-size="3.5" style="stroke:none;stroke-width:1.0;fill:black;font-family:sans-serif">21</text><text x="35.5" y="55.0" text-anchor="end" dominant-baseline="auto" font-size="3.5" style="stroke:none;stroke-width:1.0;fill:black;font-family:sans-serif">22</text><text x="44.5" y="55.0" text-anchor="start" dominant-baseline="auto" font-size="3.5" style="stroke:none;stroke-width:1.0;fill:black;font-family:sans-serif">24</text><line x1="82.5" y1="62.5" x2="82.5" y2="65.0" style="stroke:black;stroke-width:0.25;fill:none" /><line x1="82.5" y1="55.0" x2="82.5" y2="57.5" style="stroke:black;stroke-width:0.25;fill:none" /><line x1="77.5" y1="55.0" x2="77.5" y2="57.5" style="stroke:black;stroke-width:0.25;fill:none" /><line x1="77.5" y1="57.5" x2="80.0" y2="57.5" style="stroke:black;stroke-width:0.25;fill:none" /><line x1="82.5" y1="62.5" x2="79.44098300562506" y2="56.38196601125011" style="stroke:black;stroke-width:0.25;fill:none" /><text x="84.5" y="65.0" text-anchor="start" dominant-baseline="auto" font-size="3.5" style="stroke:none;stroke-width:1.0;fill:black;font-family:sans-serif">31</text><text x="75.5" y="55.0" text-anchor="end" dominant-baseline="auto" font-size="3.5" style="stroke:none;stroke-width:1.0;fill:black;font-family:sans-serif">32</text><text x="84.5" y="55.0" text-anchor="start" dominant-baseline="auto" font-size="3.5" style="stroke:none;stroke-width:1.0;fill:black;font-family:sans-serif">34</text></g><g class="symbol"><circle cx="-2.5" cy="0.0" r="1.25" style="stroke:black;stroke-width:0.25;fill:none" /><text x="-7.5" y="0.0" text-anchor="end" dominant-baseline="auto" font-size="5.0" style="stroke:none;stroke-width:1.0;fill:black;font-family:Times New Roman">X1</text><text x="-4.0" y="0.0" text-anchor="end" dominant-baseline="auto" font-size="3.5" style="stroke:none;stroke-width:1.0;fill:black;font-family:sans-serif">1</text></g><line x1="-2.5" y1="0.0" x2="-2.5" y2="55.0" style="stroke:black;stroke-width:0.25;fill:none" /><g class="symbol"><circle cx="2.5" cy="0.0" r="1.25" style="stroke:black;stroke-width:0.25;fill:none" /><text x="7.5" y="0.0" text-anchor="start" dominant-baseline="auto" font-size="5.0" style="stroke:none;stroke-width:1.0;fill:black;font-family:Times New Roman">X2</text><text x="1.0" y="0.0" text-anchor="end" dominant-baseline="auto" font-size="3.5" style="stroke:none;stroke-width:1.0;fill:black;font-family:sans-serif">1</text></g><line x1="2.5" y1="0.0" x2="2.5" y2="55.0" style="stroke:black;stroke-width:0.25;fill:none" /><g class="symbol"><circle cx="2.5" cy="120.0" r="1.25" style="stroke:black;stroke-width:0.25;fill:none" /><text x="-2.5" y="120.0" text-anchor="end" dominant-baseline="auto" font-size="5.0" style="stroke:none;stroke-width:1.0;fill:black;font-family:Times New Roman">X3</text><text x="1.0" y="120.0" text-anchor="end" dominant-baseline="auto" font-size="3.5" style="stroke:none;stroke-width:1.0;fill:black;font-family:sans-serif">1</text></g><line x1="2.5" y1="65.0" x2="2.5" y2="120.0" style="stroke:black;stroke-width:0.25;fill:none" /><g class="symbol"><circle cx="37.5" cy="0.0" r="1.25" style="stroke:black;stroke-width:0.25;fill:none" /><text x="32.5" y="0.0" text-anchor="end" dominant-baseline="auto" font-size="5.0" style="stroke:none;stroke-width:1.0;fill:black;font-family:Times New Roman">X1</text><text x="36.0" y="0.0" text-anchor="end" dominant-baseline="auto" font-size="3.5" style="stroke:none;stroke-width:1.0;fill:black;font-family:sans-serif">2</text></g><line x1="37.5" y1="0.0" x2="37.5" y2="55.0" style="stroke:black;stroke-width:0.25;fill:none" /><g class="symbol"><circle cx="42.5" cy="0.0" r="1.25" style="stroke:black;stroke-width:0.25;fill:none" /><text x="47.5" y="0.0" text-anchor="start" dominant-baseline="auto" font-size="5.0" style="stroke:none;stroke-width:1.0;fill:black;font-family:Times New Roman">X2</text><text x="41.0" y="0.0" text-anchor="end" dominant-baseline="auto" font-size="3.5" style="stroke:none;stroke-width:1.0;fill:black;font-family:sans-serif">2</text></g><line x1="42.5" y1="0.0" x2="42.5" y2="55.0" style="stroke:black;stroke-width:0.25;fill:none" /><g class="symbol"><circle cx="42.5" cy="120.0" r="1.25" style="stroke:black;stroke-width:0.25;fill:none" /><text x="37.5" y="120.0" text-anchor="end" dominant-baseline="auto" font-size="5.0" style="stroke:none;stroke-width:1.0;fill:black;font-family:Times New Roman">X3</text><text x="41.0" y="120.0" text-anchor="end" dominant-baseline="auto" font-size="3.5" style="stroke:none;stroke-width:1.0;fill:black;font-family:sans-serif">2</text></g><line x1="42.5" y1="65.0" x2="42.5" y2="120.0" style="stroke:black;stroke-width:0.25;fill:none" /><g class="symbol"><circle cx="77.5" cy="0.0" r="1.25" style="stroke:black;stroke-width:0.25;fill:none" /><text x="72.5" y="0.0" text-anchor="end" dominant-baseline="auto" font-size="5.0" style="stroke:none;stroke-width:1.0;fill:black;font-family:Times New Roman">X1</text><text x="76.0" y="0.0" text-anchor="end" dominant-baseline="auto" font-size="3.5" style="stroke:none;stroke-width:1.0;fill:black;font-family:sans-serif">3</text></g><line x1="77.5" y1="0.0" x2="77.5" y2="55.0" style="stroke:black;stroke-width:0.25;fill:none" /><g class="symbol"><circle cx="82.5" cy="0.0" r="1.25" style="stroke:black;stroke-width:0.25;fill:none" /><text x="87.5" y="0.0" text-anchor="start" dominant-baseline="auto" font-size="5.0" style="stroke:none;stroke-width:1.0;fill:black;font-family:Times New Roman">X2</text><text x="81.0" y="0.0" text-anchor="end" dominant-baseline="auto" font-size="3.5" style="stroke:none;stroke-width:1.0;fill:black;font-family:sans-serif">3</text></g><line x1="82.5" y1="0.0" x2="82.5" y2="55.0" style="stroke:black;stroke-width:0.25;fill:none" /><g class="symbol"><circle cx="82.5" cy="120.0" r="1.25" style="stroke:black;stroke-width:0.25;fill:none" /><text x="77.5" y="120.0" text-anchor="end" dominant-baseline="auto" font-size="5.0" style="stroke:none;stroke-width:1.0;fill:black;font-family:Times New Roman">X3</text><text x="81.0" y="120.0" text-anchor="end" dominant-baseline="auto" font-size="3.5" style="stroke:none;stroke-width:1.0;fill:black;font-family:sans-serif">3</text></g><line x1="82.5" y1="65.0" x2="82.5" y2="120.0" style="stroke:black;stroke-width:0.25;fill:none" /></g></svg>
E         + <svg xmlns="http://www.w3.org/2000/svg" width="210.0mm" height="297.0mm" viewBox="0 0 210.0 297.0"><rect width="100%" height="100%" fill="white" /><g><g class="symbol"><line x1="2.5" y1="62.5" x2="2.5" y2="65.0" style="stroke:black;stroke-width:0.25;fill:none" /><line x1="2.5" y1="55.0" x2="2.5" y2="57.5" style="stroke:black;stroke-width:0.25;fill:none" /><line x1="-2.5" y1="55.0" x2="-2.5" y2="57.5" style="stroke:black;stroke-width:0.25;fill:none" /><line x1="-2.5" y1="57.5" x2="0.0" y2="57.5" style="stroke:black;stroke-width:0.25;fill:none" /><line x1="2.5" y1="62.5" x2="-0.5590169943749475" y2="56.38196601125011" style="stroke:black;stroke-width:0.25;fill:none" /><text x="-5.0" y="60.0" text-anchor="end" dominant-baseline="auto" font-size="5.0" style="stroke:none;stroke-width:1.0;fill:black;font-family:Times New Roman">K1</text><text x="4.5" y="65.0" text-anchor="start" dominant-baseline="auto" font-size="3.5" style="stroke:none;stroke-width:1.0;fill:black;font-family:sans-serif">11</text><text x="-4.5" y="55.0" text-anchor="end" dominant-baseline="auto" font-size="3.5" style="stroke:none;stroke-width:1.0;fill:black;font-family:sans-serif">12</text><text x="4.5" y="55.0" text-anchor="start" dominant-baseline="auto" font-size="3.5" style="stroke:none;stroke-width:1.0;fill:black;font-family:sans-serif">14</text><line x1="42.5" y1="62.5" x2="42.5" y2="65.0" style="stroke:black;stroke-width:0.25;fill:none" /><line x1="42.5" y1="55.0" x2="42.5" y2="57.5" style="stroke:black;stroke-width:0.25;fill:none" /><line x1="37.5" y1="55.0" x2="37.5" y2="57.5" style="stroke:black;stroke-width:0.25;fill:none" /><line x1="37.5" y1="57.5" x2="40.0" y2="57.5" style="stroke:black;stroke-width:0.25;fill:none" /><line x1="42.5" y1="62.5" x2="39.44098300562505" y2="56.38196601125011" style="stroke:black;stroke-width:0.25;fill:none" /><text x="44.5" y="65.0" text-anchor="start" dominant-baseline="auto" font-size="3.5" style="stroke:none;stroke-width:1.0;fill:black;font-family:sans-serif">21</text><text x="35.5" y="55.0" text-anchor="end" dominant-baseline="auto" font-size="3.5" style="stroke:none;stroke-width:1.0;fill:black;font-family:sans-serif">22</text><text x="44.5" y="55.0" text-anchor="start" dominant-baseline="auto" font-size="3.5" style="stroke:none;stroke-width:1.0;fill:black;font-family:sans-serif">24</text><line x1="82.5" y1="62.5" x2="82.5" y2="65.0" style="stroke:black;stroke-width:0.25;fill:none" /><line x1="82.5" y1="55.0" x2="82.5" y2="57.5" style="stroke:black;stroke-width:0.25;fill:none" /><line x1="77.5" y1="55.0" x2="77.5" y2="57.5" style="stroke:black;stroke-width:0.25;fill:none" /><line x1="77.5" y1="57.5" x2="80.0" y2="57.5" style="stroke:black;stroke-width:0.25;fill:none" /><line x1="82.5" y1="62.5" x2="79.44098300562506" y2="56.38196601125011" style="stroke:black;stroke-width:0.25;fill:none" /><text x="84.5" y="65.0" text-anchor="start" dominant-baseline="auto" font-size="3.5" style="stroke:none;stroke-width:1.0;fill:black;font-family:sans-serif">31</text><text x="75.5" y="55.0" text-anchor="end" dominant-baseline="auto" font-size="3.5" style="stroke:none;stroke-width:1.0;fill:black;font-family:sans-serif">32</text><text x="84.5" y="55.0" text-anchor="start" dominant-baseline="auto" font-size="3.5" style="stroke:none;stroke-width:1.0;fill:black;font-family:sans-serif">34</text></g><g class="symbol"><circle cx="-2.5" cy="0.0" r="1.25" style="stroke:black;stroke-width:0.25;fill:none" /><text x="-7.5" y="0.0" text-anchor="end" dominant-baseline="auto" font-size="5.0" style="stroke:none;stroke-width:1.0;fill:black;font-family:Times New Roman">X1</text><text x="-4.0" y="0.0" text-anchor="end" dominant-baseline="auto" font-size="3.5" style="stroke:none;stroke-width:1.0;fill:black;font-family:sans-serif">1</text></g><line x1="-2.5" y1="0.0" x2="-2.5" y2="55.0" style="stroke:black;stroke-width:0.25;fill:none" /><line x1="-2.5" y1="0.0" x2="-2.5" y2="55.0" style="stroke:black;stroke-width:0.25;fill:none" /><g class="symbol"><circle cx="2.5" cy="0.0" r="1.25" style="stroke:black;stroke-width:0.25;fill:none" /><text x="7.5" y="0.0" text-anchor="start" dominant-baseline="auto" font-size="5.0" style="stroke:none;stroke-width:1.0;fill:black;font-family:Times New Roman">X2</text><text x="1.0" y="0.0" text-anchor="end" dominant-baseline="auto" font-size="3.5" style="stroke:none;stroke-width:1.0;fill:black;font-family:sans-serif">1</text></g><line x1="2.5" y1="0.0" x2="2.5" y2="55.0" style="stroke:black;stroke-width:0.25;fill:none" /><line x1="2.5" y1="0.0" x2="2.5" y2="55.0" style="stroke:black;stroke-width:0.25;fill:none" /><g class="symbol"><circle cx="2.5" cy="120.0" r="1.25" style="stroke:black;stroke-width:0.25;fill:none" /><text x="-2.5" y="120.0" text-anchor="end" dominant-baseline="auto" font-size="5.0" style="stroke:none;stroke-width:1.0;fill:black;font-family:Times New Roman">X3</text><text x="1.0" y="120.0" text-anchor="end" dominant-baseline="auto" font-size="3.5" style="stroke:none;stroke-width:1.0;fill:black;font-family:sans-serif">1</text></g><line x1="2.5" y1="65.0" x2="2.5" y2="120.0" style="stroke:black;stroke-width:0.25;fill:none" /><line x1="2.5" y1="65.0" x2="2.5" y2="120.0" style="stroke:black;stroke-width:0.25;fill:none" /><g class="symbol"><circle cx="37.5" cy="0.0" r="1.25" style="stroke:black;stroke-width:0.25;fill:none" /><text x="32.5" y="0.0" text-anchor="end" dominant-baseline="auto" font-size="5.0" style="stroke:none;stroke-width:1.0;fill:black;font-family:Times New Roman">X1</text><text x="36.0" y="0.0" text-anchor="end" dominant-baseline="auto" font-size="3.5" style="stroke:none;stroke-width:1.0;fill:black;font-family:sans-serif">2</text></g><line x1="37.5" y1="0.0" x2="37.5" y2="55.0" style="stroke:black;stroke-width:0.25;fill:none" /><line x1="37.5" y1="0.0" x2="37.5" y2="55.0" style="stroke:black;stroke-width:0.25;fill:none" /><g class="symbol"><circle cx="42.5" cy="0.0" r="1.25" style="stroke:black;stroke-width:0.25;fill:none" /><text x="47.5" y="0.0" text-anchor="start" dominant-baseline="auto" font-size="5.0" style="stroke:none;stroke-width:1.0;fill:black;font-family:Times New Roman">X2</text><text x="41.0" y="0.0" text-anchor="end" dominant-baseline="auto" font-size="3.5" style="stroke:none;stroke-width:1.0;fill:black;font-family:sans-serif">2</text></g><line x1="42.5" y1="0.0" x2="42.5" y2="55.0" style="stroke:black;stroke-width:0.25;fill:none" /><line x1="42.5" y1="0.0" x2="42.5" y2="55.0" style="stroke:black;stroke-width:0.25;fill:none" /><g class="symbol"><circle cx="42.5" cy="120.0" r="1.25" style="stroke:black;stroke-width:0.25;fill:none" /><text x="37.5" y="120.0" text-anchor="end" dominant-baseline="auto" font-size="5.0" style="stroke:none;stroke-width:1.0;fill:black;font-family:Times New Roman">X3</text><text x="41.0" y="120.0" text-anchor="end" dominant-baseline="auto" font-size="3.5" style="stroke:none;stroke-width:1.0;fill:black;font-family:sans-serif">2</text></g><line x1="42.5" y1="65.0" x2="42.5" y2="120.0" style="stroke:black;stroke-width:0.25;fill:none" /><line x1="42.5" y1="65.0" x2="42.5" y2="120.0" style="stroke:black;stroke-width:0.25;fill:none" /><g class="symbol"><circle cx="77.5" cy="0.0" r="1.25" style="stroke:black;stroke-width:0.25;fill:none" /><text x="72.5" y="0.0" text-anchor="end" dominant-baseline="auto" font-size="5.0" style="stroke:none;stroke-width:1.0;fill:black;font-family:Times New Roman">X1</text><text x="76.0" y="0.0" text-anchor="end" dominant-baseline="auto" font-size="3.5" style="stroke:none;stroke-width:1.0;fill:black;font-family:sans-serif">3</text></g><line x1="77.5" y1="0.0" x2="77.5" y2="55.0" style="stroke:black;stroke-width:0.25;fill:none" /><line x1="77.5" y1="0.0" x2="77.5" y2="55.0" style="stroke:black;stroke-width:0.25;fill:none" /><g class="symbol"><circle cx="82.5" cy="0.0" r="1.25" style="stroke:black;stroke-width:0.25;fill:none" /><text x="87.5" y="0.0" text-anchor="start" dominant-baseline="auto" font-size="5.0" style="stroke:none;stroke-width:1.0;fill:black;font-family:Times New Roman">X2</text><text x="81.0" y="0.0" text-anchor="end" dominant-baseline="auto" font-size="3.5" style="stroke:none;stroke-width:1.0;fill:black;font-family:sans-serif">3</text></g><line x1="82.5" y1="0.0" x2="82.5" y2="55.0" style="stroke:black;stroke-width:0.25;fill:none" /><line x1="82.5" y1="0.0" x2="82.5" y2="55.0" style="stroke:black;stroke-width:0.25;fill:none" /><g class="symbol"><circle cx="82.5" cy="120.0" r="1.25" style="stroke:black;stroke-width:0.25;fill:none" /><text x="77.5" y="120.0" text-anchor="end" dominant-baseline="auto" font-size="5.0" style="stroke:none;stroke-width:1.0;fill:black;font-family:Times New Roman">X3</text><text x="81.0" y="120.0" text-anchor="end" dominant-baseline="auto" font-size="3.5" style="stroke:none;stroke-width:1.0;fill:black;font-family:sans-serif">3</text></g><line x1="82.5" y1="65.0" x2="82.5" y2="120.0" style="stroke:black;stroke-width:0.25;fill:none" /><line x1="82.5" y1="65.0" x2="82.5" y2="120.0" style="stroke:black;stroke-width:0.25;fill:none" /></g></svg>
E         ?                                                                                                                                                                                                                                                                                                                                                                                                                                                                                                                                                                                                                                                                                                                                                                                                                                                                                                                                                                                                                                                                                                                                                                                                                                                                                                                                                                                                                                                                                                                                                                                                                                                                                                                                                                                                                                                                                                                                                                                                                                                                                                                                                                                                                                                                                                                                                                                                                                                                                                                                                                                                                                                                                                                                                                                                                                                                                                                                                                                                                                                                                                                                                                                                                                                                                                                                                                                                                                                                                                                                                                                                                                                                                                                                                                                                                                                                                                                                                                                                                                         ++++++++++++++++++++++++++++++++++++++++++++++++++++++++++++++++++++++++++++++++++++++++++++++++                                                                                                                                                                                                                                                                                                                                                                                                                                                                                                                                                  ++++++++++++++++++++++++++++++++++++++++++++++++++++++++++++++++++++++++++++++++++++++++++++++                                                                                                                                                                                                                                                                                                                                                                                                                                                                                                                                                         ++++++++++++++++++++++++++++++++++++++++++++++++++++++++++++++++++++++++++++++++++++++++++++++++                                                                                                                                                                                                                                                                                                                                                                                                                                                                                                                                                     ++++++++++++++++++++++++++++++++++++++++++++++++++++++++++++++++++++++++++++++++++++++++++++++++                                                                                                                                                                                                                                                                                                                                                                                                                                                                                                                                                       ++++++++++++++++++++++++++++++++++++++++++++++++++++++++++++++++++++++++++++++++++++++++++++++++                                                                                                                                                                                                                                                                                                                                                                                                                                                                                                                                                             ++++++++++++++++++++++++++++++++++++++++++++++++++++++++++++++++++++++++++++++++++++++++++++++++++                                                                                                                                                                                                                                                                                                                                                                                                                                                                                                                                                     ++++++++++++++++++++++++++++++++++++++++++++++++++++++++++++++++++++++++++++++++++++++++++++++++                                                                                                                                                                                                                                                                                                                                                                                                                                                                                                                                                       ++++++++++++++++++++++++++++++++++++++++++++++++++++++++++++++++++++++++++++++++++++++++++++++++                                                                                                                                                                                                                                                                                                                                                                                                                                                                                                                                                         ++++++++++++++++++++++++++++++++++++++++++++++++++++++++++++++++++++++++++++++++++++++++++++++++++

tests\conftest.py:46: AssertionError
__________ TestStandardCircuitsSnapshot.test_emergency_stop_snapshot __________

self = <test_std_circuits.TestStandardCircuitsSnapshot object at 0x000002688FDF5810>
snapshot_svg = <function snapshot_svg.<locals>._compare at 0x000002688FEBF060>

    def test_emergency_stop_snapshot(self, snapshot_svg):
        state = create_autonumberer()
        state, circuit, _ = emergency_stop(state, 0, 0, tm_top="X1", tm_bot="X2")
        svg_content = render_circuit_to_string(circuit)
>       snapshot_svg(svg_content, "emergency_stop")

tests\integration\test_std_circuits.py:56: 
_ _ _ _ _ _ _ _ _ _ _ _ _ _ _ _ _ _ _ _ _ _ _ _ _ _ _ _ _ _ _ _ _ _ _ _ _ _ _ _

content = '<svg xmlns="http://www.w3.org/2000/svg" width="210.0mm" height="297.0mm" viewBox="0 0 210.0 297.0"><rect width="100%"...ill:none" /><line x1="0.0" y1="55.0" x2="0.0" y2="100.0" style="stroke:black;stroke-width:0.25;fill:none" /></g></svg>'
snapshot_name = 'emergency_stop'

    def _compare(content: str, snapshot_name: str):
        # Normalize the content (optional: strip dynamic dates/ids if strictly necessary)
        # For now, we assume the generator is deterministic or mocked.
        # But we do trip whitespace from ends.
        content = content.strip()
    
        snapshot_file = snapshot_dir / f"{snapshot_name}.svg"
    
        # Environment variable to force update snapshots: PYTEST_UPDATE_SNAPSHOTS=1
        update_snapshots = os.getenv("PYTEST_UPDATE_SNAPSHOTS") == "1"
    
        if not snapshot_file.exists() or update_snapshots:
            # Write/Update snapshot
            snapshot_file.write_text(content, encoding="utf-8")
            # If we are just updating, we might want to warn or print
            if update_snapshots:
                print(f"Updated snapshot: {snapshot_file}")
            else:
                print(f"Created new snapshot: {snapshot_file}")
            return
    
        # Compare
        expected_content = snapshot_file.read_text(encoding="utf-8").strip()
    
        # Simple string equality
        # In a real scenario, XML parsing comparison might be more robust to ignore attribute order,
        # but string equality is stricter and strictly requested ("consistency").
>       assert content == expected_content, (
            f"Snapshot mismatch for {snapshot_name}. \n"
            f"Run with PYTEST_UPDATE_SNAPSHOTS=1 to update if this change is intentional."
        )
E       AssertionError: Snapshot mismatch for emergency_stop. 
E         Run with PYTEST_UPDATE_SNAPSHOTS=1 to update if this change is intentional.
E       assert '<svg xmlns="http://www.w3.org/2000/svg" width="210.0mm" height="297.0mm" viewBox="0 0 210.0 297.0"><rect width="100%" height="100%" fill="white" /><g><g class="symbol"><circle cx="0.0" cy="0" r="1.25" style="stroke:black;stroke-width:0.25;fill:none" /><text x="-5.0" y="0" text-anchor="end" dominant-baseline="auto" font-size="5.0" style="stroke:none;stroke-width:1.0;fill:black;font-family:Times New Roman">X1</text><text x="-1.5" y="0.0" text-anchor="end" dominant-baseline="auto" font-size="3.5" style="stroke:none;stroke-width:1.0;fill:black;font-family:sans-serif">1</text></g><g class="symbol"><line x1="0.0" y1="45.0" x2="0.0" y2="47.5" style="stroke:black;stroke-width:0.25;fill:none" /><line x1="0.0" y1="52.5" x2="0.0" y2="55.0" style="stroke:black;stroke-width:0.25;fill:none" /><line x1="0.0" y1="47.5" x2="2.5" y2="47.5" style="stroke:black;stroke-width:0.25;fill:none" /><line x1="0.0" y1="52.5" x2="3.0590169943749475" y2="46.38196601125011" style="stroke:black;stroke-width:0.25;fill:none" /><text x="-5.0" y="50.0" text-anchor="end" dominant-baseline="auto" font-size="5.0" style="stroke:none;stroke-width:1.0;fill:black;font-family:Times New Roman">S1</text><text x="-1.5" y="45.0" text-anchor="end" dominant-baseline="auto" font-size="3.5" style="stroke:none;stroke-width:1.0;fill:black;font-family:sans-serif">1</text><text x="-1.5" y="55.0" text-anchor="end" dominant-baseline="auto" font-size="3.5" style="stroke:none;stroke-width:1.0;fill:black;font-family:sans-serif">2</text><line x1="0.0" y1="50.0" x2="-2.5" y2="50.0" style="stroke:black;stroke-width:0.25;fill:none;stroke-dasharray:2.0, 2.0" /><polygon points="-2.5,51.25 -2.5,51.25 -2.886271242968684,51.18882064536894 -3.2347315653655913,51.01127124296868 -3.511271242968684,50.73473156536559 -3.688820645368942,50.38627124296868 -3.75,50.0 -3.688820645368942,49.61372875703132 -3.511271242968684,49.26526843463441 -3.2347315653655917,48.98872875703132 -2.8862712429686845,48.81117935463106 -2.5000000000000004,48.75" style="stroke:black;stroke-width:0.25;fill:none" /></g><g class="symbol"><circle cx="0.0" cy="100.0" r="1.25" style="stroke:black;stroke-width:0.25;fill:none" /><text x="-5.0" y="100.0" text-anchor="end" dominant-baseline="auto" font-size="5.0" style="stroke:none;stroke-width:1.0;fill:black;font-family:Times New Roman">X2</text><text x="-1.5" y="100.0" text-anchor="end" dominant-baseline="auto" font-size="3.5" style="stroke:none;stroke-width:1.0;fill:black;font-family:sans-serif">1</text></g><line x1="0.0" y1="0" x2="0.0" y2="45.0" style="stroke:black;stroke-width:0.25;fill:none" /><line x1="0.0" y1="0" x2="0.0" y2="45.0" style="stroke:black;stroke-width:0.25;fill:none" /><line x1="0.0" y1="55.0" x2="0.0" y2="100.0" style="stroke:black;stroke-width:0.25;fill:none" /><line x1="0.0" y1="55.0" x2="0.0" y2="100.0" style="stroke:black;stroke-width:0.25;fill:none" /></g></svg>' == '<svg xmlns="http://www.w3.org/2000/svg" width="210.0mm" height="297.0mm" viewBox="0 0 210.0 297.0"><rect width="100%" height="100%" fill="white" /><g><g class="symbol"><circle cx="0.0" cy="0" r="1.25" style="stroke:black;stroke-width:0.25;fill:none" /><text x="-5.0" y="0" text-anchor="end" dominant-baseline="auto" font-size="5.0" style="stroke:none;stroke-width:1.0;fill:black;font-family:Times New Roman">X1</text><text x="-1.5" y="0.0" text-anchor="end" dominant-baseline="auto" font-size="3.5" style="stroke:none;stroke-width:1.0;fill:black;font-family:sans-serif">1</text></g><g class="symbol"><line x1="0.0" y1="45.0" x2="0.0" y2="47.5" style="stroke:black;stroke-width:0.25;fill:none" /><line x1="0.0" y1="52.5" x2="0.0" y2="55.0" style="stroke:black;stroke-width:0.25;fill:none" /><line x1="0.0" y1="47.5" x2="2.5" y2="47.5" style="stroke:black;stroke-width:0.25;fill:none" /><line x1="0.0" y1="52.5" x2="3.0590169943749475" y2="46.38196601125011" style="stroke:black;stroke-width:0.25;fill:none" /><text x="-5.0" y="50.0" text-anchor="end" dominant-baseline="auto" font-size="5.0" style="stroke:none;stroke-width:1.0;fill:black;font-family:Times New Roman">S1</text><text x="-1.5" y="45.0" text-anchor="end" dominant-baseline="auto" font-size="3.5" style="stroke:none;stroke-width:1.0;fill:black;font-family:sans-serif">1</text><text x="-1.5" y="55.0" text-anchor="end" dominant-baseline="auto" font-size="3.5" style="stroke:none;stroke-width:1.0;fill:black;font-family:sans-serif">2</text><line x1="0.0" y1="50.0" x2="-2.5" y2="50.0" style="stroke:black;stroke-width:0.25;fill:none;stroke-dasharray:2.0, 2.0" /><polygon points="-2.5,51.25 -2.5,51.25 -2.886271242968684,51.18882064536894 -3.2347315653655913,51.01127124296868 -3.511271242968684,50.73473156536559 -3.688820645368942,50.38627124296868 -3.75,50.0 -3.688820645368942,49.61372875703132 -3.511271242968684,49.26526843463441 -3.2347315653655917,48.98872875703132 -2.8862712429686845,48.81117935463106 -2.5000000000000004,48.75" style="stroke:black;stroke-width:0.25;fill:none" /></g><g class="symbol"><circle cx="0.0" cy="100.0" r="1.25" style="stroke:black;stroke-width:0.25;fill:none" /><text x="-5.0" y="100.0" text-anchor="end" dominant-baseline="auto" font-size="5.0" style="stroke:none;stroke-width:1.0;fill:black;font-family:Times New Roman">X2</text><text x="-1.5" y="100.0" text-anchor="end" dominant-baseline="auto" font-size="3.5" style="stroke:none;stroke-width:1.0;fill:black;font-family:sans-serif">1</text></g><line x1="0.0" y1="0" x2="0.0" y2="45.0" style="stroke:black;stroke-width:0.25;fill:none" /><line x1="0.0" y1="55.0" x2="0.0" y2="100.0" style="stroke:black;stroke-width:0.25;fill:none" /></g></svg>'
E         
E         - <svg xmlns="http://www.w3.org/2000/svg" width="210.0mm" height="297.0mm" viewBox="0 0 210.0 297.0"><rect width="100%" height="100%" fill="white" /><g><g class="symbol"><circle cx="0.0" cy="0" r="1.25" style="stroke:black;stroke-width:0.25;fill:none" /><text x="-5.0" y="0" text-anchor="end" dominant-baseline="auto" font-size="5.0" style="stroke:none;stroke-width:1.0;fill:black;font-family:Times New Roman">X1</text><text x="-1.5" y="0.0" text-anchor="end" dominant-baseline="auto" font-size="3.5" style="stroke:none;stroke-width:1.0;fill:black;font-family:sans-serif">1</text></g><g class="symbol"><line x1="0.0" y1="45.0" x2="0.0" y2="47.5" style="stroke:black;stroke-width:0.25;fill:none" /><line x1="0.0" y1="52.5" x2="0.0" y2="55.0" style="stroke:black;stroke-width:0.25;fill:none" /><line x1="0.0" y1="47.5" x2="2.5" y2="47.5" style="stroke:black;stroke-width:0.25;fill:none" /><line x1="0.0" y1="52.5" x2="3.0590169943749475" y2="46.38196601125011" style="stroke:black;stroke-width:0.25;fill:none" /><text x="-5.0" y="50.0" text-anchor="end" dominant-baseline="auto" font-size="5.0" style="stroke:none;stroke-width:1.0;fill:black;font-family:Times New Roman">S1</text><text x="-1.5" y="45.0" text-anchor="end" dominant-baseline="auto" font-size="3.5" style="stroke:none;stroke-width:1.0;fill:black;font-family:sans-serif">1</text><text x="-1.5" y="55.0" text-anchor="end" dominant-baseline="auto" font-size="3.5" style="stroke:none;stroke-width:1.0;fill:black;font-family:sans-serif">2</text><line x1="0.0" y1="50.0" x2="-2.5" y2="50.0" style="stroke:black;stroke-width:0.25;fill:none;stroke-dasharray:2.0, 2.0" /><polygon points="-2.5,51.25 -2.5,51.25 -2.886271242968684,51.18882064536894 -3.2347315653655913,51.01127124296868 -3.511271242968684,50.73473156536559 -3.688820645368942,50.38627124296868 -3.75,50.0 -3.688820645368942,49.61372875703132 -3.511271242968684,49.26526843463441 -3.2347315653655917,48.98872875703132 -2.8862712429686845,48.81117935463106 -2.5000000000000004,48.75" style="stroke:black;stroke-width:0.25;fill:none" /></g><g class="symbol"><circle cx="0.0" cy="100.0" r="1.25" style="stroke:black;stroke-width:0.25;fill:none" /><text x="-5.0" y="100.0" text-anchor="end" dominant-baseline="auto" font-size="5.0" style="stroke:none;stroke-width:1.0;fill:black;font-family:Times New Roman">X2</text><text x="-1.5" y="100.0" text-anchor="end" dominant-baseline="auto" font-size="3.5" style="stroke:none;stroke-width:1.0;fill:black;font-family:sans-serif">1</text></g><line x1="0.0" y1="0" x2="0.0" y2="45.0" style="stroke:black;stroke-width:0.25;fill:none" /><line x1="0.0" y1="55.0" x2="0.0" y2="100.0" style="stroke:black;stroke-width:0.25;fill:none" /></g></svg>
E         ?                                                                                                                                                                                                                                                                                                                                                                                                                                                                                                                                                                                                                                                                                                                                                                                                                                                                                                                                                                                                                                                                                                                                                                                                                                                                                                                                                                                                                                                                                                                                                                                                                                                                                                                                                                                                                                                                                                                                                                                                                                                                                                                                                                                                                                                                                                                                                                                                                                                                                                                                                                                                                                                                                                               ^^^^^^^^^^^^^^^^^^^^^^^^^
E         + <svg xmlns="http://www.w3.org/2000/svg" width="210.0mm" height="297.0mm" viewBox="0 0 210.0 297.0"><rect width="100%" height="100%" fill="white" /><g><g class="symbol"><circle cx="0.0" cy="0" r="1.25" style="stroke:black;stroke-width:0.25;fill:none" /><text x="-5.0" y="0" text-anchor="end" dominant-baseline="auto" font-size="5.0" style="stroke:none;stroke-width:1.0;fill:black;font-family:Times New Roman">X1</text><text x="-1.5" y="0.0" text-anchor="end" dominant-baseline="auto" font-size="3.5" style="stroke:none;stroke-width:1.0;fill:black;font-family:sans-serif">1</text></g><g class="symbol"><line x1="0.0" y1="45.0" x2="0.0" y2="47.5" style="stroke:black;stroke-width:0.25;fill:none" /><line x1="0.0" y1="52.5" x2="0.0" y2="55.0" style="stroke:black;stroke-width:0.25;fill:none" /><line x1="0.0" y1="47.5" x2="2.5" y2="47.5" style="stroke:black;stroke-width:0.25;fill:none" /><line x1="0.0" y1="52.5" x2="3.0590169943749475" y2="46.38196601125011" style="stroke:black;stroke-width:0.25;fill:none" /><text x="-5.0" y="50.0" text-anchor="end" dominant-baseline="auto" font-size="5.0" style="stroke:none;stroke-width:1.0;fill:black;font-family:Times New Roman">S1</text><text x="-1.5" y="45.0" text-anchor="end" dominant-baseline="auto" font-size="3.5" style="stroke:none;stroke-width:1.0;fill:black;font-family:sans-serif">1</text><text x="-1.5" y="55.0" text-anchor="end" dominant-baseline="auto" font-size="3.5" style="stroke:none;stroke-width:1.0;fill:black;font-family:sans-serif">2</text><line x1="0.0" y1="50.0" x2="-2.5" y2="50.0" style="stroke:black;stroke-width:0.25;fill:none;stroke-dasharray:2.0, 2.0" /><polygon points="-2.5,51.25 -2.5,51.25 -2.886271242968684,51.18882064536894 -3.2347315653655913,51.01127124296868 -3.511271242968684,50.73473156536559 -3.688820645368942,50.38627124296868 -3.75,50.0 -3.688820645368942,49.61372875703132 -3.511271242968684,49.26526843463441 -3.2347315653655917,48.98872875703132 -2.8862712429686845,48.81117935463106 -2.5000000000000004,48.75" style="stroke:black;stroke-width:0.25;fill:none" /></g><g class="symbol"><circle cx="0.0" cy="100.0" r="1.25" style="stroke:black;stroke-width:0.25;fill:none" /><text x="-5.0" y="100.0" text-anchor="end" dominant-baseline="auto" font-size="5.0" style="stroke:none;stroke-width:1.0;fill:black;font-family:Times New Roman">X2</text><text x="-1.5" y="100.0" text-anchor="end" dominant-baseline="auto" font-size="3.5" style="stroke:none;stroke-width:1.0;fill:black;font-family:sans-serif">1</text></g><line x1="0.0" y1="0" x2="0.0" y2="45.0" style="stroke:black;stroke-width:0.25;fill:none" /><line x1="0.0" y1="0" x2="0.0" y2="45.0" style="stroke:black;stroke-width:0.25;fill:none" /><line x1="0.0" y1="55.0" x2="0.0" y2="100.0" style="stroke:black;stroke-width:0.25;fill:none" /><line x1="0.0" y1="55.0" x2="0.0" y2="100.0" style="stroke:black;stroke-width:0.25;fill:none" /></g></svg>
E         ?                                                                                                                                                                                                                                                                                                                                                                                                                                                                                                                                                                                                                                                                                                                                                                                                                                                                                                                                                                                                                                                                                                                                                                                                                                                                                                                                                                                                                                                                                                                                                                                                                                                                                                                                                                                                                                                                                                                                                                                                                                                                                                                                                                                                                                                                                                                                                                                                                                                                                                                                                                                                                                                                                                               ^^^^^^^^^^^^^^^^^^^^^                                                 ++++++++++++++++++++++++++++++++++++++++++++++++++++++++++++++++++++++++++++++++++++++++++++++++++++++++++++++++++++++++++++++++++++++++++++++++++++++++++++++++++++++++++++++++++++++++++++++++

tests\conftest.py:46: AssertionError
__________ TestStandardCircuitsSnapshot.test_motor_control_snapshot ___________

self = <test_std_circuits.TestStandardCircuitsSnapshot object at 0x000002688FDF5A70>
snapshot_svg = <function snapshot_svg.<locals>._compare at 0x000002688FEBF4C0>

    def test_motor_control_snapshot(self, snapshot_svg):
        state = create_autonumberer()
        state, circuit, _ = spdt(
            state, 0, 0, tm_top="X1", tm_bot_left="X2", tm_bot_right="X3"
        )
        svg_content = render_circuit_to_string(circuit)
>       snapshot_svg(svg_content, "motor_control")

tests\integration\test_std_circuits.py:64: 
_ _ _ _ _ _ _ _ _ _ _ _ _ _ _ _ _ _ _ _ _ _ _ _ _ _ _ _ _ _ _ _ _ _ _ _ _ _ _ _

content = '<svg xmlns="http://www.w3.org/2000/svg" width="210.0mm" height="297.0mm" viewBox="0 0 210.0 297.0"><rect width="100%"...ll:none" /><line x1="0.0" y1="105.0" x2="0.0" y2="150.0" style="stroke:black;stroke-width:0.25;fill:none" /></g></svg>'
snapshot_name = 'motor_control'

    def _compare(content: str, snapshot_name: str):
        # Normalize the content (optional: strip dynamic dates/ids if strictly necessary)
        # For now, we assume the generator is deterministic or mocked.
        # But we do trip whitespace from ends.
        content = content.strip()
    
        snapshot_file = snapshot_dir / f"{snapshot_name}.svg"
    
        # Environment variable to force update snapshots: PYTEST_UPDATE_SNAPSHOTS=1
        update_snapshots = os.getenv("PYTEST_UPDATE_SNAPSHOTS") == "1"
    
        if not snapshot_file.exists() or update_snapshots:
            # Write/Update snapshot
            snapshot_file.write_text(content, encoding="utf-8")
            # If we are just updating, we might want to warn or print
            if update_snapshots:
                print(f"Updated snapshot: {snapshot_file}")
            else:
                print(f"Created new snapshot: {snapshot_file}")
            return
    
        # Compare
        expected_content = snapshot_file.read_text(encoding="utf-8").strip()
    
        # Simple string equality
        # In a real scenario, XML parsing comparison might be more robust to ignore attribute order,
        # but string equality is stricter and strictly requested ("consistency").
>       assert content == expected_content, (
            f"Snapshot mismatch for {snapshot_name}. \n"
            f"Run with PYTEST_UPDATE_SNAPSHOTS=1 to update if this change is intentional."
        )
E       AssertionError: Snapshot mismatch for motor_control. 
E         Run with PYTEST_UPDATE_SNAPSHOTS=1 to update if this change is intentional.
E       assert '<svg xmlns="http://www.w3.org/2000/svg" width="210.0mm" height="297.0mm" viewBox="0 0 210.0 297.0"><rect width="100%" height="100%" fill="white" /><g><g class="symbol"><circle cx="0.0" cy="0" r="1.25" style="stroke:black;stroke-width:0.25;fill:none" /><text x="-5.0" y="0" text-anchor="end" dominant-baseline="auto" font-size="5.0" style="stroke:none;stroke-width:1.0;fill:black;font-family:Times New Roman">X1</text><text x="-1.5" y="0.0" text-anchor="end" dominant-baseline="auto" font-size="3.5" style="stroke:none;stroke-width:1.0;fill:black;font-family:sans-serif">1</text></g><g class="symbol"><polygon points="-5.0,47.5 5.0,47.5 5.0,52.5 -5.0,52.5" style="stroke:black;stroke-width:0.25;fill:none" /><line x1="0.0" y1="47.5" x2="0.0" y2="45.0" style="stroke:black;stroke-width:0.25;fill:none" /><line x1="0.0" y1="52.5" x2="0.0" y2="55.0" style="stroke:black;stroke-width:0.25;fill:none" /><text x="-7.5" y="50.0" text-anchor="end" dominant-baseline="auto" font-size="5.0" style="stroke:none;stroke-width:1.0;fill:black;font-family:Times New Roman">Q1</text><text x="-1.5" y="45.0" text-anchor="end" dominant-baseline="auto" font-size="3.5" style="stroke:none;stroke-width:1.0;fill:black;font-family:sans-serif">A1</text><text x="-1.5" y="55.0" text-anchor="end" dominant-baseline="auto" font-size="3.5" style="stroke:none;stroke-width:1.0;fill:black;font-family:sans-serif">A2</text></g><g class="symbol"><line x1="0.0" y1="97.5" x2="0.0" y2="95.0" style="stroke:black;stroke-width:0.25;fill:none" /><line x1="0.0" y1="102.5" x2="0.0" y2="105.0" style="stroke:black;stroke-width:0.25;fill:none" /><line x1="-5.0" y1="102.5" x2="-5.0" y2="105.0" style="stroke:black;stroke-width:0.25;fill:none" /><line x1="-5.0" y1="102.5" x2="-2.5" y2="102.5" style="stroke:black;stroke-width:0.25;fill:none" /><line x1="0.0" y1="97.5" x2="-3.0590169943749475" y2="103.6180339887499" style="stroke:black;stroke-width:0.25;fill:none" /><text x="-7.5" y="100.0" text-anchor="end" dominant-baseline="auto" font-size="5.0" style="stroke:none;stroke-width:1.0;fill:black;font-family:Times New Roman">K1</text><text x="2.0" y="95.0" text-anchor="start" dominant-baseline="auto" font-size="3.5" style="stroke:none;stroke-width:1.0;fill:black;font-family:sans-serif">11</text><text x="-7.0" y="105.0" text-anchor="end" dominant-baseline="auto" font-size="3.5" style="stroke:none;stroke-width:1.0;fill:black;font-family:sans-serif">12</text><text x="2.0" y="105.0" text-anchor="start" dominant-baseline="auto" font-size="3.5" style="stroke:none;stroke-width:1.0;fill:black;font-family:sans-serif">14</text></g><g class="symbol"><circle cx="-5.0" cy="150.0" r="1.25" style="stroke:black;stroke-width:0.25;fill:none" /><text x="-10.0" y="150.0" text-anchor="end" dominant-baseline="auto" font-size="5.0" style="stroke:none;stroke-width:1.0;fill:black;font-family:Times New Roman">X2</text><text x="-6.5" y="150.0" text-anchor="end" dominant-baseline="auto" font-size="3.5" style="stroke:none;stroke-width:1.0;fill:black;font-family:sans-serif">1</text><line x1="0.0" y1="150.0" x2="0.0" y2="160.0" style="stroke:black;stroke-width:0.25;fill:none" /><polygon points="-1.25,157.0 0.0,160.0 1.25,157.0" style="stroke:black;stroke-width:0.25;fill:none" /><text x="5.0" y="155.0" text-anchor="start" dominant-baseline="auto" font-size="5.0" style="stroke:none;stroke-width:1.0;fill:black;font-family:Times New Roman">X3</text></g><line x1="0.0" y1="0" x2="0.0" y2="45.0" style="stroke:black;stroke-width:0.25;fill:none" /><line x1="0.0" y1="0" x2="0.0" y2="45.0" style="stroke:black;stroke-width:0.25;fill:none" /><line x1="0.0" y1="55.0" x2="0.0" y2="95.0" style="stroke:black;stroke-width:0.25;fill:none" /><line x1="-5.0" y1="105.0" x2="-5.0" y2="150.0" style="stroke:black;stroke-width:0.25;fill:none" /><line x1="-5.0" y1="105.0" x2="-5.0" y2="150.0" style="stroke:black;stroke-width:0.25;fill:none" /><line x1="0.0" y1="105.0" x2="0.0" y2="150.0" style="stroke:black;stroke-width:0.25;fill:none" /></g></svg>' == '<svg xmlns="http://www.w3.org/2000/svg" width="210.0mm" height="297.0mm" viewBox="0 0 210.0 297.0"><rect width="100%" height="100%" fill="white" /><g><g class="symbol"><circle cx="0.0" cy="0" r="1.25" style="stroke:black;stroke-width:0.25;fill:none" /><text x="-5.0" y="0" text-anchor="end" dominant-baseline="auto" font-size="5.0" style="stroke:none;stroke-width:1.0;fill:black;font-family:Times New Roman">X1</text><text x="-1.5" y="0.0" text-anchor="end" dominant-baseline="auto" font-size="3.5" style="stroke:none;stroke-width:1.0;fill:black;font-family:sans-serif">1</text></g><g class="symbol"><polygon points="-5.0,47.5 5.0,47.5 5.0,52.5 -5.0,52.5" style="stroke:black;stroke-width:0.25;fill:none" /><line x1="0.0" y1="47.5" x2="0.0" y2="45.0" style="stroke:black;stroke-width:0.25;fill:none" /><line x1="0.0" y1="52.5" x2="0.0" y2="55.0" style="stroke:black;stroke-width:0.25;fill:none" /><text x="-7.5" y="50.0" text-anchor="end" dominant-baseline="auto" font-size="5.0" style="stroke:none;stroke-width:1.0;fill:black;font-family:Times New Roman">Q1</text><text x="-1.5" y="45.0" text-anchor="end" dominant-baseline="auto" font-size="3.5" style="stroke:none;stroke-width:1.0;fill:black;font-family:sans-serif">A1</text><text x="-1.5" y="55.0" text-anchor="end" dominant-baseline="auto" font-size="3.5" style="stroke:none;stroke-width:1.0;fill:black;font-family:sans-serif">A2</text></g><g class="symbol"><line x1="0.0" y1="97.5" x2="0.0" y2="95.0" style="stroke:black;stroke-width:0.25;fill:none" /><line x1="0.0" y1="102.5" x2="0.0" y2="105.0" style="stroke:black;stroke-width:0.25;fill:none" /><line x1="-5.0" y1="102.5" x2="-5.0" y2="105.0" style="stroke:black;stroke-width:0.25;fill:none" /><line x1="-5.0" y1="102.5" x2="-2.5" y2="102.5" style="stroke:black;stroke-width:0.25;fill:none" /><line x1="0.0" y1="97.5" x2="-3.0590169943749475" y2="103.6180339887499" style="stroke:black;stroke-width:0.25;fill:none" /><text x="-7.5" y="100.0" text-anchor="end" dominant-baseline="auto" font-size="5.0" style="stroke:none;stroke-width:1.0;fill:black;font-family:Times New Roman">K1</text><text x="2.0" y="95.0" text-anchor="start" dominant-baseline="auto" font-size="3.5" style="stroke:none;stroke-width:1.0;fill:black;font-family:sans-serif">11</text><text x="-7.0" y="105.0" text-anchor="end" dominant-baseline="auto" font-size="3.5" style="stroke:none;stroke-width:1.0;fill:black;font-family:sans-serif">12</text><text x="2.0" y="105.0" text-anchor="start" dominant-baseline="auto" font-size="3.5" style="stroke:none;stroke-width:1.0;fill:black;font-family:sans-serif">14</text></g><g class="symbol"><circle cx="-5.0" cy="150.0" r="1.25" style="stroke:black;stroke-width:0.25;fill:none" /><text x="-10.0" y="150.0" text-anchor="end" dominant-baseline="auto" font-size="5.0" style="stroke:none;stroke-width:1.0;fill:black;font-family:Times New Roman">X2</text><text x="-6.5" y="150.0" text-anchor="end" dominant-baseline="auto" font-size="3.5" style="stroke:none;stroke-width:1.0;fill:black;font-family:sans-serif">1</text><line x1="0.0" y1="150.0" x2="0.0" y2="160.0" style="stroke:black;stroke-width:0.25;fill:none" /><polygon points="-1.25,157.0 0.0,160.0 1.25,157.0" style="stroke:black;stroke-width:0.25;fill:none" /><text x="5.0" y="155.0" text-anchor="start" dominant-baseline="auto" font-size="5.0" style="stroke:none;stroke-width:1.0;fill:black;font-family:Times New Roman">X3</text></g><line x1="0.0" y1="0" x2="0.0" y2="45.0" style="stroke:black;stroke-width:0.25;fill:none" /><line x1="0.0" y1="55.0" x2="0.0" y2="95.0" style="stroke:black;stroke-width:0.25;fill:none" /><line x1="-5.0" y1="105.0" x2="-5.0" y2="150.0" style="stroke:black;stroke-width:0.25;fill:none" /><line x1="0.0" y1="105.0" x2="0.0" y2="150.0" style="stroke:black;stroke-width:0.25;fill:none" /></g></svg>'
E         
E         - <svg xmlns="http://www.w3.org/2000/svg" width="210.0mm" height="297.0mm" viewBox="0 0 210.0 297.0"><rect width="100%" height="100%" fill="white" /><g><g class="symbol"><circle cx="0.0" cy="0" r="1.25" style="stroke:black;stroke-width:0.25;fill:none" /><text x="-5.0" y="0" text-anchor="end" dominant-baseline="auto" font-size="5.0" style="stroke:none;stroke-width:1.0;fill:black;font-family:Times New Roman">X1</text><text x="-1.5" y="0.0" text-anchor="end" dominant-baseline="auto" font-size="3.5" style="stroke:none;stroke-width:1.0;fill:black;font-family:sans-serif">1</text></g><g class="symbol"><polygon points="-5.0,47.5 5.0,47.5 5.0,52.5 -5.0,52.5" style="stroke:black;stroke-width:0.25;fill:none" /><line x1="0.0" y1="47.5" x2="0.0" y2="45.0" style="stroke:black;stroke-width:0.25;fill:none" /><line x1="0.0" y1="52.5" x2="0.0" y2="55.0" style="stroke:black;stroke-width:0.25;fill:none" /><text x="-7.5" y="50.0" text-anchor="end" dominant-baseline="auto" font-size="5.0" style="stroke:none;stroke-width:1.0;fill:black;font-family:Times New Roman">Q1</text><text x="-1.5" y="45.0" text-anchor="end" dominant-baseline="auto" font-size="3.5" style="stroke:none;stroke-width:1.0;fill:black;font-family:sans-serif">A1</text><text x="-1.5" y="55.0" text-anchor="end" dominant-baseline="auto" font-size="3.5" style="stroke:none;stroke-width:1.0;fill:black;font-family:sans-serif">A2</text></g><g class="symbol"><line x1="0.0" y1="97.5" x2="0.0" y2="95.0" style="stroke:black;stroke-width:0.25;fill:none" /><line x1="0.0" y1="102.5" x2="0.0" y2="105.0" style="stroke:black;stroke-width:0.25;fill:none" /><line x1="-5.0" y1="102.5" x2="-5.0" y2="105.0" style="stroke:black;stroke-width:0.25;fill:none" /><line x1="-5.0" y1="102.5" x2="-2.5" y2="102.5" style="stroke:black;stroke-width:0.25;fill:none" /><line x1="0.0" y1="97.5" x2="-3.0590169943749475" y2="103.6180339887499" style="stroke:black;stroke-width:0.25;fill:none" /><text x="-7.5" y="100.0" text-anchor="end" dominant-baseline="auto" font-size="5.0" style="stroke:none;stroke-width:1.0;fill:black;font-family:Times New Roman">K1</text><text x="2.0" y="95.0" text-anchor="start" dominant-baseline="auto" font-size="3.5" style="stroke:none;stroke-width:1.0;fill:black;font-family:sans-serif">11</text><text x="-7.0" y="105.0" text-anchor="end" dominant-baseline="auto" font-size="3.5" style="stroke:none;stroke-width:1.0;fill:black;font-family:sans-serif">12</text><text x="2.0" y="105.0" text-anchor="start" dominant-baseline="auto" font-size="3.5" style="stroke:none;stroke-width:1.0;fill:black;font-family:sans-serif">14</text></g><g class="symbol"><circle cx="-5.0" cy="150.0" r="1.25" style="stroke:black;stroke-width:0.25;fill:none" /><text x="-10.0" y="150.0" text-anchor="end" dominant-baseline="auto" font-size="5.0" style="stroke:none;stroke-width:1.0;fill:black;font-family:Times New Roman">X2</text><text x="-6.5" y="150.0" text-anchor="end" dominant-baseline="auto" font-size="3.5" style="stroke:none;stroke-width:1.0;fill:black;font-family:sans-serif">1</text><line x1="0.0" y1="150.0" x2="0.0" y2="160.0" style="stroke:black;stroke-width:0.25;fill:none" /><polygon points="-1.25,157.0 0.0,160.0 1.25,157.0" style="stroke:black;stroke-width:0.25;fill:none" /><text x="5.0" y="155.0" text-anchor="start" dominant-baseline="auto" font-size="5.0" style="stroke:none;stroke-width:1.0;fill:black;font-family:Times New Roman">X3</text></g><line x1="0.0" y1="0" x2="0.0" y2="45.0" style="stroke:black;stroke-width:0.25;fill:none" /><line x1="0.0" y1="55.0" x2="0.0" y2="95.0" style="stroke:black;stroke-width:0.25;fill:none" /><line x1="-5.0" y1="105.0" x2="-5.0" y2="150.0" style="stroke:black;stroke-width:0.25;fill:none" /><line x1="0.0" y1="105.0" x2="0.0" y2="150.0" style="stroke:black;stroke-width:0.25;fill:none" /></g></svg>
E         ?                                                                                                                                                                                                                                                                                                                                                                                                                                                                                                                                                                                                                                                                                                                                                                                                                                                                                                                                                                                                                                                                                                                                                                                                                                                                                                                                                                                                                                                                                                                                                                                                                                                                                                                                                                                                                                                                                                                                                                                                                                                                                                                                                                                                                                                                                                                                                                                                                                                                                                                                                                                                                                                                                                                                                                                                                                                                                                                                                                                                                                                                                                                                                                                                                                                                                                                                                                                                                                                                                                                                                                                                                                                              ^^^^^^^^^^^^^^                                                                                                                                                                           ^^^^^^^^^^^^^^^^^^^^^^^^^^^^^^^^^^^^^^^^^^^^^^^^^^^^^^^^^^^^^^^^^^^^^^^^^^^^^^^^^^^^
E         + <svg xmlns="http://www.w3.org/2000/svg" width="210.0mm" height="297.0mm" viewBox="0 0 210.0 297.0"><rect width="100%" height="100%" fill="white" /><g><g class="symbol"><circle cx="0.0" cy="0" r="1.25" style="stroke:black;stroke-width:0.25;fill:none" /><text x="-5.0" y="0" text-anchor="end" dominant-baseline="auto" font-size="5.0" style="stroke:none;stroke-width:1.0;fill:black;font-family:Times New Roman">X1</text><text x="-1.5" y="0.0" text-anchor="end" dominant-baseline="auto" font-size="3.5" style="stroke:none;stroke-width:1.0;fill:black;font-family:sans-serif">1</text></g><g class="symbol"><polygon points="-5.0,47.5 5.0,47.5 5.0,52.5 -5.0,52.5" style="stroke:black;stroke-width:0.25;fill:none" /><line x1="0.0" y1="47.5" x2="0.0" y2="45.0" style="stroke:black;stroke-width:0.25;fill:none" /><line x1="0.0" y1="52.5" x2="0.0" y2="55.0" style="stroke:black;stroke-width:0.25;fill:none" /><text x="-7.5" y="50.0" text-anchor="end" dominant-baseline="auto" font-size="5.0" style="stroke:none;stroke-width:1.0;fill:black;font-family:Times New Roman">Q1</text><text x="-1.5" y="45.0" text-anchor="end" dominant-baseline="auto" font-size="3.5" style="stroke:none;stroke-width:1.0;fill:black;font-family:sans-serif">A1</text><text x="-1.5" y="55.0" text-anchor="end" dominant-baseline="auto" font-size="3.5" style="stroke:none;stroke-width:1.0;fill:black;font-family:sans-serif">A2</text></g><g class="symbol"><line x1="0.0" y1="97.5" x2="0.0" y2="95.0" style="stroke:black;stroke-width:0.25;fill:none" /><line x1="0.0" y1="102.5" x2="0.0" y2="105.0" style="stroke:black;stroke-width:0.25;fill:none" /><line x1="-5.0" y1="102.5" x2="-5.0" y2="105.0" style="stroke:black;stroke-width:0.25;fill:none" /><line x1="-5.0" y1="102.5" x2="-2.5" y2="102.5" style="stroke:black;stroke-width:0.25;fill:none" /><line x1="0.0" y1="97.5" x2="-3.0590169943749475" y2="103.6180339887499" style="stroke:black;stroke-width:0.25;fill:none" /><text x="-7.5" y="100.0" text-anchor="end" dominant-baseline="auto" font-size="5.0" style="stroke:none;stroke-width:1.0;fill:black;font-family:Times New Roman">K1</text><text x="2.0" y="95.0" text-anchor="start" dominant-baseline="auto" font-size="3.5" style="stroke:none;stroke-width:1.0;fill:black;font-family:sans-serif">11</text><text x="-7.0" y="105.0" text-anchor="end" dominant-baseline="auto" font-size="3.5" style="stroke:none;stroke-width:1.0;fill:black;font-family:sans-serif">12</text><text x="2.0" y="105.0" text-anchor="start" dominant-baseline="auto" font-size="3.5" style="stroke:none;stroke-width:1.0;fill:black;font-family:sans-serif">14</text></g><g class="symbol"><circle cx="-5.0" cy="150.0" r="1.25" style="stroke:black;stroke-width:0.25;fill:none" /><text x="-10.0" y="150.0" text-anchor="end" dominant-baseline="auto" font-size="5.0" style="stroke:none;stroke-width:1.0;fill:black;font-family:Times New Roman">X2</text><text x="-6.5" y="150.0" text-anchor="end" dominant-baseline="auto" font-size="3.5" style="stroke:none;stroke-width:1.0;fill:black;font-family:sans-serif">1</text><line x1="0.0" y1="150.0" x2="0.0" y2="160.0" style="stroke:black;stroke-width:0.25;fill:none" /><polygon points="-1.25,157.0 0.0,160.0 1.25,157.0" style="stroke:black;stroke-width:0.25;fill:none" /><text x="5.0" y="155.0" text-anchor="start" dominant-baseline="auto" font-size="5.0" style="stroke:none;stroke-width:1.0;fill:black;font-family:Times New Roman">X3</text></g><line x1="0.0" y1="0" x2="0.0" y2="45.0" style="stroke:black;stroke-width:0.25;fill:none" /><line x1="0.0" y1="0" x2="0.0" y2="45.0" style="stroke:black;stroke-width:0.25;fill:none" /><line x1="0.0" y1="55.0" x2="0.0" y2="95.0" style="stroke:black;stroke-width:0.25;fill:none" /><line x1="-5.0" y1="105.0" x2="-5.0" y2="150.0" style="stroke:black;stroke-width:0.25;fill:none" /><line x1="-5.0" y1="105.0" x2="-5.0" y2="150.0" style="stroke:black;stroke-width:0.25;fill:none" /><line x1="0.0" y1="105.0" x2="0.0" y2="150.0" style="stroke:black;stroke-width:0.25;fill:none" /></g></svg>
E         ?                                                                                                                                                                                                                                                                                                                                                                                                                                                                                                                                                                                                                                                                                                                                                                                                                                                                                                                                                                                                                                                                                                                                                                                                                                                                                                                                                                                                                                                                                                                                                                                                                                                                                                                                                                                                                                                                                                                                                                                                                                                                                                                                                                                                                                                                                                                                                                                                                                                                                                                                                                                                                                                                                                                                                                                                                                                                                                                                                                                                                                                                                                                                                                                                                                                                                                                                                                                                                                                                                                                                                                                                                                                              ^^^^^^^^^^^^^^^^^^^^^^^^^^^^^^^^^^^^^^^^^^^^^^^^^^^^^^^^^^^^^^^^^^^^^^^^^^^^^^^^^^^^^^^^^^^^^^^^^^^^^^^^^^                                                                                                                                                                           ^^^^^^^^^^^^^^^^^^^^^^^^^^^^^^^^^^^^^^^^^^^^^^^^^^^^^^^^^^^^^^^^^^^^^^^^^^^^^^^^^^^^^^^^^^^^^^^^^^^^^^^^^^^^^^^^^^^^^^^^^^^^^^^^^^^^^^^^^^^^^^^^^^^^^^^^^^^^^^^^^^^^^^^^^^^^^^^^^^^^^^^

tests\conftest.py:46: AssertionError
=============================== tests coverage ================================
_______________ coverage: platform win32, python 3.13.7-final-0 _______________

Name                                                   Stmts   Miss  Cover   Missing
------------------------------------------------------------------------------------
src\pyschemaelectrical\__init__.py                         9      0   100%
src\pyschemaelectrical\builder.py                        212     47    78%   69, 115, 177-178, 194-195, 197-198, 236, 279, 282, 285, 296, 321, 340-354, 392-393, 402-423, 462-463, 494-511
src\pyschemaelectrical\layout\__init__.py                  1      0   100%
src\pyschemaelectrical\layout\layout.py                   89     51    43%   68-78, 86-96, 124-150, 164-190, 219-228, 250
src\pyschemaelectrical\layout\wire_labels.py              53     53     0%   8-240
src\pyschemaelectrical\model\__init__.py                   4      0   100%
src\pyschemaelectrical\model\constants.py                 94      0   100%
src\pyschemaelectrical\model\core.py                      46     10    78%   18-20, 24, 51-53, 68-70
src\pyschemaelectrical\model\parts.py                     89     21    76%   147, 196, 246-275
src\pyschemaelectrical\model\primitives.py                34      0   100%
src\pyschemaelectrical\std_circuits\__init__.py            4      0   100%
src\pyschemaelectrical\std_circuits\control.py            87     21    76%   94, 99, 113, 119, 124, 129, 197, 269-293, 328-366
src\pyschemaelectrical\std_circuits\motor.py              88      3    97%   115, 120, 125
src\pyschemaelectrical\std_circuits\power.py             112     60    46%   60-153, 316-385
src\pyschemaelectrical\std_circuits\safety.py             12      0   100%
src\pyschemaelectrical\symbols\__init__.py                11      0   100%
src\pyschemaelectrical\symbols\actuators.py               23      0   100%
src\pyschemaelectrical\symbols\assemblies.py              33      0   100%
src\pyschemaelectrical\symbols\blocks.py                 124     89    28%   41, 127-198, 251-392
src\pyschemaelectrical\symbols\breakers.py                31      1    97%   115
src\pyschemaelectrical\symbols\coils.py                   28      0   100%
src\pyschemaelectrical\symbols\contacts.py               136      4    97%   91, 117, 312, 396
src\pyschemaelectrical\symbols\motors.py                  78     22    72%   110, 159, 177-178, 220-267
src\pyschemaelectrical\symbols\protection.py              46     12    74%   96-117
src\pyschemaelectrical\symbols\references.py              35      9    74%   45-64
src\pyschemaelectrical\symbols\terminals.py               54      1    98%   113
src\pyschemaelectrical\symbols\transducers.py             35      0   100%
src\pyschemaelectrical\system\__init__.py                  1      0   100%
src\pyschemaelectrical\system\connection_registry.py      61     30    51%   32, 88-93, 118, 146, 158-194
src\pyschemaelectrical\system\system.py                   33      9    73%   82-94, 105-106
src\pyschemaelectrical\system\system_analysis.py         111    111     0%   1-215
src\pyschemaelectrical\utils\__init__.py                   6      0   100%
src\pyschemaelectrical\utils\autonumbering.py             42      8    81%   124-127, 140, 200, 218, 238, 248
src\pyschemaelectrical\utils\export_utils.py              12      9    25%   16-28
src\pyschemaelectrical\utils\renderer.py                 144     63    56%   56, 61-63, 66-70, 96-137, 157-166, 174, 179-181, 187, 190, 200, 208-211, 234-235, 247-248
src\pyschemaelectrical\utils\terminal_bridges.py         105     93    11%   54, 83-103, 130-137, 157-198, 225-284
src\pyschemaelectrical\utils\transform.py                 85     23    73%   45, 60, 102-105, 114, 119, 124, 133, 142, 160-162, 174, 179-190
src\pyschemaelectrical\utils\utils.py                     30     23    23%   21-24, 31-35, 54-70, 84-88, 101, 112
------------------------------------------------------------------------------------
TOTAL                                                   2198    773    65%
=========================== short test summary info ===========================
FAILED tests/integration/test_std_circuits.py::TestStandardCircuitsSnapshot::test_dol_starter_snapshot - AssertionError: Snapshot mismatch for dol_starter. 
  Run with PYTEST_UPDATE_SNAPSHOTS=1 to update if this change is intentional.
assert '<svg xmlns="http://www.w3.org/2000/svg" width="210.0mm" height="297.0mm" viewBox="0 0 210.0 297.0"><rect width="100%" height="100%" fill="white" /><g><g class="symbol"><circle cx="0.0" cy="0" r="1.25" style="stroke:black;stroke-width:0.25;fill:none" /><text x="-5.0" y="0" text-anchor="end" dominant-baseline="auto" font-size="5.0" style="stroke:none;stroke-width:1.0;fill:black;font-family:Times New Roman">X1</text><text x="-1.5" y="0.0" text-anchor="end" dominant-baseline="auto" font-size="3.5" style="stroke:none;stroke-width:1.0;fill:black;font-family:sans-serif">1</text><circle cx="10.0" cy="0" r="1.25" style="stroke:black;stroke-width:0.25;fill:none" /><text x="8.5" y="0.0" text-anchor="end" dominant-baseline="auto" font-size="3.5" style="stroke:none;stroke-width:1.0;fill:black;font-family:sans-serif">2</text><circle cx="20.0" cy="0" r="1.25" style="stroke:black;stroke-width:0.25;fill:none" /><text x="18.5" y="0.0" text-anchor="end" dominant-baseline="auto" font-size="3.5" style="stroke:none;stroke-width:1.0;fill:black;font-family:sans-serif">3</text></g><g class="symbol"><line x1="0.0" y1="28.333333333333336" x2="0.0" y2="30.833333333333336" style="stroke:black;stroke-width:0.25;fill:none" /><line x1="0.0" y1="35.833333333333336" x2="0.0" y2="38.333333333333336" style="stroke:black;stroke-width:0.25;fill:none" /><line x1="0.0" y1="35.833333333333336" x2="-2.5" y2="30.833333333333336" style="stroke:black;stroke-width:0.25;fill:none" /><line x1="-1.25" y1="29.583333333333336" x2="1.25" y2="32.083333333333336" style="stroke:black;stroke-width:0.25;fill:none" /><line x1="-1.25" y1="32.083333333333336" x2="1.25" y2="29.583333333333336" style="stroke:black;stroke-width:0.25;fill:none" /><text x="-5.0" y="33.333333333333336" text-anchor="end" dominant-baseline="auto" font-size="5.0" style="stroke:none;stroke-width:1.0;fill:black;font-family:Times New Roman">F1</text><text x="-1.5" y="28.333333333333336" text-anchor="end" dominant-baseline="auto" font-size="3.5" style="stroke:none;stroke-width:1.0;fill:black;font-family:sans-serif">1</text><text x="-1.5" y="38.333333333333336" text-anchor="end" dominant-baseline="auto" font-size="3.5" style="stroke:none;stroke-width:1.0;fill:black;font-family:sans-serif">2</text><line x1="10.0" y1="28.333333333333336" x2="10.0" y2="30.833333333333336" style="stroke:black;stroke-width:0.25;fill:none" /><line x1="10.0" y1="35.833333333333336" x2="10.0" y2="38.333333333333336" style="stroke:black;stroke-width:0.25;fill:none" /><line x1="10.0" y1="35.833333333333336" x2="7.5" y2="30.833333333333336" style="stroke:black;stroke-width:0.25;fill:none" /><line x1="8.75" y1="29.583333333333336" x2="11.25" y2="32.083333333333336" style="stroke:black;stroke-width:0.25;fill:none" /><line x1="8.75" y1="32.083333333333336" x2="11.25" y2="29.583333333333336" style="stroke:black;stroke-width:0.25;fill:none" /><text x="8.5" y="28.333333333333336" text-anchor="end" dominant-baseline="auto" font-size="3.5" style="stroke:none;stroke-width:1.0;fill:black;font-family:sans-serif">3</text><text x="8.5" y="38.333333333333336" text-anchor="end" dominant-baseline="auto" font-size="3.5" style="stroke:none;stroke-width:1.0;fill:black;font-family:sans-serif">4</text><line x1="20.0" y1="28.333333333333336" x2="20.0" y2="30.833333333333336" style="stroke:black;stroke-width:0.25;fill:none" /><line x1="20.0" y1="35.833333333333336" x2="20.0" y2="38.333333333333336" style="stroke:black;stroke-width:0.25;fill:none" /><line x1="20.0" y1="35.833333333333336" x2="17.5" y2="30.833333333333336" style="stroke:black;stroke-width:0.25;fill:none" /><line x1="18.75" y1="29.583333333333336" x2="21.25" y2="32.083333333333336" style="stroke:black;stroke-width:0.25;fill:none" /><line x1="18.75" y1="32.083333333333336" x2="21.25" y2="29.583333333333336" style="stroke:black;stroke-width:0.25;fill:none" /><text x="18.5" y="28.333333333333336" text-anchor="end" dominant-baseline="auto" font-size="3.5" style="stroke:none;stroke-width:1.0;fill:black;font-family:sans-serif">5</text><text x="18.5" y="38.333333333333336" text-anchor="end" dominant-baseline="auto" font-size="3.5" style="stroke:none;stroke-width:1.0;fill:black;font-family:sans-serif">6</text></g><g class="symbol"><line x1="0.0" y1="45.0" x2="0.0" y2="46.25" style="stroke:black;stroke-width:0.25;fill:none" /><line x1="0.0" y1="46.25" x2="0.0" y2="48.75" style="stroke:black;stroke-width:0.25;fill:none" /><line x1="0.0" y1="48.75" x2="-2.5" y2="48.75" style="stroke:black;stroke-width:0.25;fill:none" /><line x1="-2.5" y1="48.75" x2="-2.5" y2="51.25" style="stroke:black;stroke-width:0.25;fill:none" /><line x1="-2.5" y1="51.25" x2="0.0" y2="51.25" style="stroke:black;stroke-width:0.25;fill:none" /><line x1="0.0" y1="51.25" x2="0.0" y2="53.75" style="stroke:black;stroke-width:0.25;fill:none" /><line x1="0.0" y1="53.75" x2="0.0" y2="55.0" style="stroke:black;stroke-width:0.25;fill:none" /><text x="-5.0" y="50.0" text-anchor="end" dominant-baseline="auto" font-size="5.0" style="stroke:none;stroke-width:1.0;fill:black;font-family:Times New Roman">FT1</text><text x="-1.5" y="55.0" text-anchor="end" dominant-baseline="auto" font-size="3.5" style="stroke:none;stroke-width:1.0;fill:black;font-family:sans-serif">T1</text><line x1="10.0" y1="45.0" x2="10.0" y2="46.25" style="stroke:black;stroke-width:0.25;fill:none" /><line x1="10.0" y1="46.25" x2="10.0" y2="48.75" style="stroke:black;stroke-width:0.25;fill:none" /><line x1="10.0" y1="48.75" x2="7.5" y2="48.75" style="stroke:black;stroke-width:0.25;fill:none" /><line x1="7.5" y1="48.75" x2="7.5" y2="51.25" style="stroke:black;stroke-width:0.25;fill:none" /><line x1="7.5" y1="51.25" x2="10.0" y2="51.25" style="stroke:black;stroke-width:0.25;fill:none" /><line x1="10.0" y1="51.25" x2="10.0" y2="53.75" style="stroke:black;stroke-width:0.25;fill:none" /><line x1="10.0" y1="53.75" x2="10.0" y2="55.0" style="stroke:black;stroke-width:0.25;fill:none" /><text x="8.5" y="55.0" text-anchor="end" dominant-baseline="auto" font-size="3.5" style="stroke:none;stroke-width:1.0;fill:black;font-family:sans-serif">T2</text><line x1="20.0" y1="45.0" x2="20.0" y2="46.25" style="stroke:black;stroke-width:0.25;fill:none" /><line x1="20.0" y1="46.25" x2="20.0" y2="48.75" style="stroke:black;stroke-width:0.25;fill:none" /><line x1="20.0" y1="48.75" x2="17.5" y2="48.75" style="stroke:black;stroke-width:0.25;fill:none" /><line x1="17.5" y1="48.75" x2="17.5" y2="51.25" style="stroke:black;stroke-width:0.25;fill:none" /><line x1="17.5" y1="51.25" x2="20.0" y2="51.25" style="stroke:black;stroke-width:0.25;fill:none" /><line x1="20.0" y1="51.25" x2="20.0" y2="53.75" style="stroke:black;stroke-width:0.25;fill:none" /><line x1="20.0" y1="53.75" x2="20.0" y2="55.0" style="stroke:black;stroke-width:0.25;fill:none" /><text x="18.5" y="55.0" text-anchor="end" dominant-baseline="auto" font-size="3.5" style="stroke:none;stroke-width:1.0;fill:black;font-family:sans-serif">T3</text></g><g class="symbol"><line x1="0.0" y1="78.33333333333334" x2="0.0" y2="80.83333333333334" style="stroke:black;stroke-width:0.25;fill:none" /><line x1="0.0" y1="85.83333333333334" x2="0.0" y2="88.33333333333334" style="stroke:black;stroke-width:0.25;fill:none" /><line x1="0.0" y1="85.83333333333334" x2="-2.5" y2="80.83333333333334" style="stroke:black;stroke-width:0.25;fill:none" /><text x="-1.5" y="78.33333333333334" text-anchor="end" dominant-baseline="auto" font-size="3.5" style="stroke:none;stroke-width:1.0;fill:black;font-family:sans-serif">1</text><text x="-1.5" y="88.33333333333334" text-anchor="end" dominant-baseline="auto" font-size="3.5" style="stroke:none;stroke-width:1.0;fill:black;font-family:sans-serif">2</text><line x1="10.0" y1="78.33333333333334" x2="10.0" y2="80.83333333333334" style="stroke:black;stroke-width:0.25;fill:none" /><line x1="10.0" y1="85.83333333333334" x2="10.0" y2="88.33333333333334" style="stroke:black;stroke-width:0.25;fill:none" /><line x1="10.0" y1="85.83333333333334" x2="7.5" y2="80.83333333333334" style="stroke:black;stroke-width:0.25;fill:none" /><text x="8.5" y="78.33333333333334" text-anchor="end" dominant-baseline="auto" font-size="3.5" style="stroke:none;stroke-width:1.0;fill:black;font-family:sans-serif">3</text><text x="8.5" y="88.33333333333334" text-anchor="end" dominant-baseline="auto" font-size="3.5" style="stroke:none;stroke-width:1.0;fill:black;font-family:sans-serif">4</text><line x1="20.0" y1="78.33333333333334" x2="20.0" y2="80.83333333333334" style="stroke:black;stroke-width:0.25;fill:none" /><line x1="20.0" y1="85.83333333333334" x2="20.0" y2="88.33333333333334" style="stroke:black;stroke-width:0.25;fill:none" /><line x1="20.0" y1="85.83333333333334" x2="17.5" y2="80.83333333333334" style="stroke:black;stroke-width:0.25;fill:none" /><text x="18.5" y="78.33333333333334" text-anchor="end" dominant-baseline="auto" font-size="3.5" style="stroke:none;stroke-width:1.0;fill:black;font-family:sans-serif">5</text><text x="18.5" y="88.33333333333334" text-anchor="end" dominant-baseline="auto" font-size="3.5" style="stroke:none;stroke-width:1.0;fill:black;font-family:sans-serif">6</text><polygon points="-25.0,80.83333333333334 -15.0,80.83333333333334 -15.0,85.83333333333334 -25.0,85.83333333333334" style="stroke:black;stroke-width:0.25;fill:none" /><text x="-27.5" y="83.33333333333334" text-anchor="end" dominant-baseline="auto" font-size="5.0" style="stroke:none;stroke-width:1.0;fill:black;font-family:Times New Roman">Q1</text><line x1="-15.0" y1="83.33333333333334" x2="17.5" y2="83.33333333333334" style="stroke:black;stroke-width:0.25;fill:none;stroke-dasharray:2.0, 2.0" /></g><g class="symbol"><circle cx="0.0" cy="116.66666666666669" r="2.5" style="stroke:black;stroke-width:0.25;fill:none" /><line x1="-2.5" y1="116.66666666666669" x2="-7.5" y2="116.66666666666669" style="stroke:black;stroke-width:0.25;fill:none" /><polygon points="-42.5,114.16666666666669 -7.5,114.16666666666669 -7.5,124.16666666666669 -42.5,124.16666666666669" style="stroke:black;stroke-width:0.25;fill:none" /><line x1="-40.0" y1="114.16666666666669" x2="-40.0" y2="111.66666666666669" style="stroke:black;stroke-width:0.25;fill:none" /><text x="-41.0" y="112.91666666666669" text-anchor="end" dominant-baseline="middle" font-size="3.5" style="stroke:none;stroke-width:1.0;fill:black;font-family:sans-serif">1</text><line x1="-30.0" y1="114.16666666666669" x2="-30.0" y2="111.66666666666669" style="stroke:black;stroke-width:0.25;fill:none" /><text x="-31.0" y="112.91666666666669" text-anchor="end" dominant-baseline="middle" font-size="3.5" style="stroke:none;stroke-width:1.0;fill:black;font-family:sans-serif">2</text><line x1="-20.0" y1="114.16666666666669" x2="-20.0" y2="111.66666666666669" style="stroke:black;stroke-width:0.25;fill:none" /><text x="-21.0" y="112.91666666666669" text-anchor="end" dominant-baseline="middle" font-size="3.5" style="stroke:none;stroke-width:1.0;fill:black;font-family:sans-serif">3</text><line x1="-10.0" y1="114.16666666666669" x2="-10.0" y2="111.66666666666669" style="stroke:black;stroke-width:0.25;fill:none" /><text x="-11.0" y="112.91666666666669" text-anchor="end" dominant-baseline="middle" font-size="3.5" style="stroke:none;stroke-width:1.0;fill:black;font-family:sans-serif">4</text><text x="-45.0" y="114.16666666666669" text-anchor="end" dominant-baseline="auto" font-size="5.0" style="stroke:none;stroke-width:1.0;fill:black;font-family:Times New Roman">CT1</text></g><g class="symbol"><circle cx="0.0" cy="133.33333333333334" r="1.25" style="stroke:black;stroke-width:0.25;fill:none" /><text x="-5.0" y="133.33333333333334" text-anchor="end" dominant-baseline="auto" font-size="5.0" style="stroke:none;stroke-width:1.0;fill:black;font-family:Times New Roman">X2</text><text x="-1.5" y="133.33333333333334" text-anchor="end" dominant-baseline="auto" font-size="3.5" style="stroke:none;stroke-width:1.0;fill:black;font-family:sans-serif">1</text><circle cx="10.0" cy="133.33333333333334" r="1.25" style="stroke:black;stroke-width:0.25;fill:none" /><text x="8.5" y="133.33333333333334" text-anchor="end" dominant-baseline="auto" font-size="3.5" style="stroke:none;stroke-width:1.0;fill:black;font-family:sans-serif">2</text><circle cx="20.0" cy="133.33333333333334" r="1.25" style="stroke:black;stroke-width:0.25;fill:none" /><text x="18.5" y="133.33333333333334" text-anchor="end" dominant-baseline="auto" font-size="3.5" style="stroke:none;stroke-width:1.0;fill:black;font-family:sans-serif">3</text></g><g class="symbol"><circle cx="30.0" cy="133.33333333333334" r="1.25" style="stroke:black;stroke-width:0.25;fill:none" /><text x="35.0" y="133.33333333333334" text-anchor="start" dominant-baseline="auto" font-size="5.0" style="stroke:none;stroke-width:1.0;fill:black;font-family:Times New Roman">X3</text><text x="28.5" y="133.33333333333334" text-anchor="end" dominant-baseline="auto" font-size="3.5" style="stroke:none;stroke-width:1.0;fill:black;font-family:sans-serif">1</text></g><g class="symbol"><circle cx="10.0" cy="183.33333333333334" r="20.0" style="stroke:black;stroke-width:0.25;fill:none" /><text x="10.0" y="183.33333333333334" text-anchor="middle" dominant-baseline="auto" font-size="5.0" style="stroke:none;stroke-width:1.0;fill:black;font-family:Times New Roman">M1</text><line x1="0.0" y1="166.01282525764458" x2="0.0" y2="156.01282525764458" style="stroke:black;stroke-width:0.25;fill:none" /><line x1="10.0" y1="163.33333333333334" x2="10.0" y2="153.33333333333334" style="stroke:black;stroke-width:0.25;fill:none" /><line x1="20.0" y1="166.01282525764458" x2="20.0" y2="156.01282525764458" style="stroke:black;stroke-width:0.25;fill:none" /><line x1="30.0" y1="183.33333333333334" x2="30.0" y2="173.33333333333334" style="stroke:black;stroke-width:0.25;fill:none" /><text x="-1.5" y="156.01282525764458" text-anchor="end" dominant-baseline="auto" font-size="3.5" style="stroke:none;stroke-width:1.0;fill:black;font-family:sans-serif">U</text><text x="8.5" y="153.33333333333334" text-anchor="end" dominant-baseline="auto" font-size="3.5" style="stroke:none;stroke-width:1.0;fill:black;font-family:sans-serif">V</text><text x="18.5" y="156.01282525764458" text-anchor="end" dominant-baseline="auto" font-size="3.5" style="stroke:none;stroke-width:1.0;fill:black;font-family:sans-serif">W</text><text x="31.5" y="173.33333333333334" text-anchor="start" dominant-baseline="auto" font-size="3.5" style="stroke:none;stroke-width:1.0;fill:black;font-family:sans-serif">PE</text></g><line x1="0.0" y1="0" x2="0.0" y2="28.333333333333336" style="stroke:black;stroke-width:0.25;fill:none" /><line x1="10.0" y1="0" x2="10.0" y2="28.333333333333336" style="stroke:black;stroke-width:0.25;fill:none" /><line x1="20.0" y1="0" x2="20.0" y2="28.333333333333336" style="stroke:black;stroke-width:0.25;fill:none" /><line x1="0.0" y1="38.333333333333336" x2="0.0" y2="45.0" style="stroke:black;stroke-width:0.25;fill:none" /><line x1="10.0" y1="38.333333333333336" x2="10.0" y2="45.0" style="stroke:black;stroke-width:0.25;fill:none" /><line x1="20.0" y1="38.333333333333336" x2="20.0" y2="45.0" style="stroke:black;stroke-width:0.25;fill:none" /><line x1="0.0" y1="55.0" x2="0.0" y2="78.33333333333334" style="stroke:black;stroke-width:0.25;fill:none" /><line x1="10.0" y1="55.0" x2="10.0" y2="78.33333333333334" style="stroke:black;stroke-width:0.25;fill:none" /><line x1="20.0" y1="55.0" x2="20.0" y2="78.33333333333334" style="stroke:black;stroke-width:0.25;fill:none" /><line x1="0.0" y1="88.33333333333334" x2="0.0" y2="133.33333333333334" style="stroke:black;stroke-width:0.25;fill:none" /><line x1="10.0" y1="88.33333333333334" x2="10.0" y2="133.33333333333334" style="stroke:black;stroke-width:0.25;fill:none" /><line x1="20.0" y1="88.33333333333334" x2="20.0" y2="133.33333333333334" style="stroke:black;stroke-width:0.25;fill:none" /><line x1="30.0" y1="133.33333333333334" x2="30.0" y2="173.33333333333334" style="stroke:black;stroke-width:0.25;fill:none" /><line x1="30.0" y1="133.33333333333334" x2="30.0" y2="173.33333333333334" style="stroke:black;stroke-width:0.25;fill:none" /><line x1="0.0" y1="133.33333333333334" x2="0.0" y2="156.01282525764458" style="stroke:black;stroke-width:0.25;fill:none" /><line x1="10.0" y1="133.33333333333334" x2="10.0" y2="153.33333333333334" style="stroke:black;stroke-width:0.25;fill:none" /><line x1="20.0" y1="133.33333333333334" x2="20.0" y2="156.01282525764458" style="stroke:black;stroke-width:0.25;fill:none" /></g></svg>' == '<svg xmlns="http://www.w3.org/2000/svg" width="210.0mm" height="297.0mm" viewBox="0 0 210.0 297.0"><rect width="100%" height="100%" fill="white" /><g><g class="symbol"><circle cx="0.0" cy="0" r="1.25" style="stroke:black;stroke-width:0.25;fill:none" /><text x="-5.0" y="0" text-anchor="end" dominant-baseline="auto" font-size="5.0" style="stroke:none;stroke-width:1.0;fill:black;font-family:Times New Roman">X1</text><text x="-1.5" y="0.0" text-anchor="end" dominant-baseline="auto" font-size="3.5" style="stroke:none;stroke-width:1.0;fill:black;font-family:sans-serif">1</text><circle cx="10.0" cy="0" r="1.25" style="stroke:black;stroke-width:0.25;fill:none" /><text x="8.5" y="0.0" text-anchor="end" dominant-baseline="auto" font-size="3.5" style="stroke:none;stroke-width:1.0;fill:black;font-family:sans-serif">2</text><circle cx="20.0" cy="0" r="1.25" style="stroke:black;stroke-width:0.25;fill:none" /><text x="18.5" y="0.0" text-anchor="end" dominant-baseline="auto" font-size="3.5" style="stroke:none;stroke-width:1.0;fill:black;font-family:sans-serif">3</text></g><g class="symbol"><line x1="0.0" y1="45.0" x2="0.0" y2="47.5" style="stroke:black;stroke-width:0.25;fill:none" /><line x1="0.0" y1="52.5" x2="0.0" y2="55.0" style="stroke:black;stroke-width:0.25;fill:none" /><line x1="0.0" y1="52.5" x2="-2.5" y2="47.5" style="stroke:black;stroke-width:0.25;fill:none" /><line x1="-1.25" y1="46.25" x2="1.25" y2="48.75" style="stroke:black;stroke-width:0.25;fill:none" /><line x1="-1.25" y1="48.75" x2="1.25" y2="46.25" style="stroke:black;stroke-width:0.25;fill:none" /><text x="-5.0" y="50.0" text-anchor="end" dominant-baseline="auto" font-size="5.0" style="stroke:none;stroke-width:1.0;fill:black;font-family:Times New Roman">F1</text><text x="-1.5" y="45.0" text-anchor="end" dominant-baseline="auto" font-size="3.5" style="stroke:none;stroke-width:1.0;fill:black;font-family:sans-serif">1</text><text x="-1.5" y="55.0" text-anchor="end" dominant-baseline="auto" font-size="3.5" style="stroke:none;stroke-width:1.0;fill:black;font-family:sans-serif">2</text><line x1="10.0" y1="45.0" x2="10.0" y2="47.5" style="stroke:black;stroke-width:0.25;fill:none" /><line x1="10.0" y1="52.5" x2="10.0" y2="55.0" style="stroke:black;stroke-width:0.25;fill:none" /><line x1="10.0" y1="52.5" x2="7.5" y2="47.5" style="stroke:black;stroke-width:0.25;fill:none" /><line x1="8.75" y1="46.25" x2="11.25" y2="48.75" style="stroke:black;stroke-width:0.25;fill:none" /><line x1="8.75" y1="48.75" x2="11.25" y2="46.25" style="stroke:black;stroke-width:0.25;fill:none" /><text x="8.5" y="45.0" text-anchor="end" dominant-baseline="auto" font-size="3.5" style="stroke:none;stroke-width:1.0;fill:black;font-family:sans-serif">3</text><text x="8.5" y="55.0" text-anchor="end" dominant-baseline="auto" font-size="3.5" style="stroke:none;stroke-width:1.0;fill:black;font-family:sans-serif">4</text><line x1="20.0" y1="45.0" x2="20.0" y2="47.5" style="stroke:black;stroke-width:0.25;fill:none" /><line x1="20.0" y1="52.5" x2="20.0" y2="55.0" style="stroke:black;stroke-width:0.25;fill:none" /><line x1="20.0" y1="52.5" x2="17.5" y2="47.5" style="stroke:black;stroke-width:0.25;fill:none" /><line x1="18.75" y1="46.25" x2="21.25" y2="48.75" style="stroke:black;stroke-width:0.25;fill:none" /><line x1="18.75" y1="48.75" x2="21.25" y2="46.25" style="stroke:black;stroke-width:0.25;fill:none" /><text x="18.5" y="45.0" text-anchor="end" dominant-baseline="auto" font-size="3.5" style="stroke:none;stroke-width:1.0;fill:black;font-family:sans-serif">5</text><text x="18.5" y="55.0" text-anchor="end" dominant-baseline="auto" font-size="3.5" style="stroke:none;stroke-width:1.0;fill:black;font-family:sans-serif">6</text></g><g class="symbol"><line x1="0.0" y1="70.0" x2="0.0" y2="71.25" style="stroke:black;stroke-width:0.25;fill:none" /><line x1="0.0" y1="71.25" x2="0.0" y2="73.75" style="stroke:black;stroke-width:0.25;fill:none" /><line x1="0.0" y1="73.75" x2="-2.5" y2="73.75" style="stroke:black;stroke-width:0.25;fill:none" /><line x1="-2.5" y1="73.75" x2="-2.5" y2="76.25" style="stroke:black;stroke-width:0.25;fill:none" /><line x1="-2.5" y1="76.25" x2="0.0" y2="76.25" style="stroke:black;stroke-width:0.25;fill:none" /><line x1="0.0" y1="76.25" x2="0.0" y2="78.75" style="stroke:black;stroke-width:0.25;fill:none" /><line x1="0.0" y1="78.75" x2="0.0" y2="80.0" style="stroke:black;stroke-width:0.25;fill:none" /><text x="-5.0" y="75.0" text-anchor="end" dominant-baseline="auto" font-size="5.0" style="stroke:none;stroke-width:1.0;fill:black;font-family:Times New Roman">FT1</text><text x="-1.5" y="80.0" text-anchor="end" dominant-baseline="auto" font-size="3.5" style="stroke:none;stroke-width:1.0;fill:black;font-family:sans-serif">T1</text><line x1="10.0" y1="70.0" x2="10.0" y2="71.25" style="stroke:black;stroke-width:0.25;fill:none" /><line x1="10.0" y1="71.25" x2="10.0" y2="73.75" style="stroke:black;stroke-width:0.25;fill:none" /><line x1="10.0" y1="73.75" x2="7.5" y2="73.75" style="stroke:black;stroke-width:0.25;fill:none" /><line x1="7.5" y1="73.75" x2="7.5" y2="76.25" style="stroke:black;stroke-width:0.25;fill:none" /><line x1="7.5" y1="76.25" x2="10.0" y2="76.25" style="stroke:black;stroke-width:0.25;fill:none" /><line x1="10.0" y1="76.25" x2="10.0" y2="78.75" style="stroke:black;stroke-width:0.25;fill:none" /><line x1="10.0" y1="78.75" x2="10.0" y2="80.0" style="stroke:black;stroke-width:0.25;fill:none" /><text x="8.5" y="80.0" text-anchor="end" dominant-baseline="auto" font-size="3.5" style="stroke:none;stroke-width:1.0;fill:black;font-family:sans-serif">T2</text><line x1="20.0" y1="70.0" x2="20.0" y2="71.25" style="stroke:black;stroke-width:0.25;fill:none" /><line x1="20.0" y1="71.25" x2="20.0" y2="73.75" style="stroke:black;stroke-width:0.25;fill:none" /><line x1="20.0" y1="73.75" x2="17.5" y2="73.75" style="stroke:black;stroke-width:0.25;fill:none" /><line x1="17.5" y1="73.75" x2="17.5" y2="76.25" style="stroke:black;stroke-width:0.25;fill:none" /><line x1="17.5" y1="76.25" x2="20.0" y2="76.25" style="stroke:black;stroke-width:0.25;fill:none" /><line x1="20.0" y1="76.25" x2="20.0" y2="78.75" style="stroke:black;stroke-width:0.25;fill:none" /><line x1="20.0" y1="78.75" x2="20.0" y2="80.0" style="stroke:black;stroke-width:0.25;fill:none" /><text x="18.5" y="80.0" text-anchor="end" dominant-baseline="auto" font-size="3.5" style="stroke:none;stroke-width:1.0;fill:black;font-family:sans-serif">T3</text></g><g class="symbol"><line x1="0.0" y1="120.0" x2="0.0" y2="122.5" style="stroke:black;stroke-width:0.25;fill:none" /><line x1="0.0" y1="127.5" x2="0.0" y2="130.0" style="stroke:black;stroke-width:0.25;fill:none" /><line x1="0.0" y1="127.5" x2="-2.5" y2="122.5" style="stroke:black;stroke-width:0.25;fill:none" /><text x="-1.5" y="120.0" text-anchor="end" dominant-baseline="auto" font-size="3.5" style="stroke:none;stroke-width:1.0;fill:black;font-family:sans-serif">1</text><text x="-1.5" y="130.0" text-anchor="end" dominant-baseline="auto" font-size="3.5" style="stroke:none;stroke-width:1.0;fill:black;font-family:sans-serif">2</text><line x1="10.0" y1="120.0" x2="10.0" y2="122.5" style="stroke:black;stroke-width:0.25;fill:none" /><line x1="10.0" y1="127.5" x2="10.0" y2="130.0" style="stroke:black;stroke-width:0.25;fill:none" /><line x1="10.0" y1="127.5" x2="7.5" y2="122.5" style="stroke:black;stroke-width:0.25;fill:none" /><text x="8.5" y="120.0" text-anchor="end" dominant-baseline="auto" font-size="3.5" style="stroke:none;stroke-width:1.0;fill:black;font-family:sans-serif">3</text><text x="8.5" y="130.0" text-anchor="end" dominant-baseline="auto" font-size="3.5" style="stroke:none;stroke-width:1.0;fill:black;font-family:sans-serif">4</text><line x1="20.0" y1="120.0" x2="20.0" y2="122.5" style="stroke:black;stroke-width:0.25;fill:none" /><line x1="20.0" y1="127.5" x2="20.0" y2="130.0" style="stroke:black;stroke-width:0.25;fill:none" /><line x1="20.0" y1="127.5" x2="17.5" y2="122.5" style="stroke:black;stroke-width:0.25;fill:none" /><text x="18.5" y="120.0" text-anchor="end" dominant-baseline="auto" font-size="3.5" style="stroke:none;stroke-width:1.0;fill:black;font-family:sans-serif">5</text><text x="18.5" y="130.0" text-anchor="end" dominant-baseline="auto" font-size="3.5" style="stroke:none;stroke-width:1.0;fill:black;font-family:sans-serif">6</text><polygon points="-25.0,122.5 -15.0,122.5 -15.0,127.5 -25.0,127.5" style="stroke:black;stroke-width:0.25;fill:none" /><text x="-27.5" y="125.0" text-anchor="end" dominant-baseline="auto" font-size="5.0" style="stroke:none;stroke-width:1.0;fill:black;font-family:Times New Roman">Q1</text><line x1="-15.0" y1="125.0" x2="17.5" y2="125.0" style="stroke:black;stroke-width:0.25;fill:none;stroke-dasharray:2.0, 2.0" /></g><g class="symbol"><circle cx="0.0" cy="175.0" r="2.5" style="stroke:black;stroke-width:0.25;fill:none" /><line x1="-2.5" y1="175.0" x2="-7.5" y2="175.0" style="stroke:black;stroke-width:0.25;fill:none" /><polygon points="-42.5,172.5 -7.5,172.5 -7.5,182.5 -42.5,182.5" style="stroke:black;stroke-width:0.25;fill:none" /><line x1="-40.0" y1="172.5" x2="-40.0" y2="170.0" style="stroke:black;stroke-width:0.25;fill:none" /><text x="-41.0" y="171.25" text-anchor="end" dominant-baseline="middle" font-size="3.5" style="stroke:none;stroke-width:1.0;fill:black;font-family:sans-serif">1</text><line x1="-30.0" y1="172.5" x2="-30.0" y2="170.0" style="stroke:black;stroke-width:0.25;fill:none" /><text x="-31.0" y="171.25" text-anchor="end" dominant-baseline="middle" font-size="3.5" style="stroke:none;stroke-width:1.0;fill:black;font-family:sans-serif">2</text><line x1="-20.0" y1="172.5" x2="-20.0" y2="170.0" style="stroke:black;stroke-width:0.25;fill:none" /><text x="-21.0" y="171.25" text-anchor="end" dominant-baseline="middle" font-size="3.5" style="stroke:none;stroke-width:1.0;fill:black;font-family:sans-serif">3</text><line x1="-10.0" y1="172.5" x2="-10.0" y2="170.0" style="stroke:black;stroke-width:0.25;fill:none" /><text x="-11.0" y="171.25" text-anchor="end" dominant-baseline="middle" font-size="3.5" style="stroke:none;stroke-width:1.0;fill:black;font-family:sans-serif">4</text><text x="-45.0" y="172.5" text-anchor="end" dominant-baseline="auto" font-size="5.0" style="stroke:none;stroke-width:1.0;fill:black;font-family:Times New Roman">CT1</text></g><g class="symbol"><circle cx="0.0" cy="225.0" r="1.25" style="stroke:black;stroke-width:0.25;fill:none" /><text x="-5.0" y="225.0" text-anchor="end" dominant-baseline="auto" font-size="5.0" style="stroke:none;stroke-width:1.0;fill:black;font-family:Times New Roman">X2</text><text x="-1.5" y="225.0" text-anchor="end" dominant-baseline="auto" font-size="3.5" style="stroke:none;stroke-width:1.0;fill:black;font-family:sans-serif">1</text><circle cx="10.0" cy="225.0" r="1.25" style="stroke:black;stroke-width:0.25;fill:none" /><text x="8.5" y="225.0" text-anchor="end" dominant-baseline="auto" font-size="3.5" style="stroke:none;stroke-width:1.0;fill:black;font-family:sans-serif">2</text><circle cx="20.0" cy="225.0" r="1.25" style="stroke:black;stroke-width:0.25;fill:none" /><text x="18.5" y="225.0" text-anchor="end" dominant-baseline="auto" font-size="3.5" style="stroke:none;stroke-width:1.0;fill:black;font-family:sans-serif">3</text></g><line x1="0.0" y1="0" x2="0.0" y2="45.0" style="stroke:black;stroke-width:0.25;fill:none" /><line x1="10.0" y1="0" x2="10.0" y2="45.0" style="stroke:black;stroke-width:0.25;fill:none" /><line x1="20.0" y1="0" x2="20.0" y2="45.0" style="stroke:black;stroke-width:0.25;fill:none" /><line x1="0.0" y1="55.0" x2="0.0" y2="70.0" style="stroke:black;stroke-width:0.25;fill:none" /><line x1="10.0" y1="55.0" x2="10.0" y2="70.0" style="stroke:black;stroke-width:0.25;fill:none" /><line x1="20.0" y1="55.0" x2="20.0" y2="70.0" style="stroke:black;stroke-width:0.25;fill:none" /><line x1="0.0" y1="80.0" x2="0.0" y2="120.0" style="stroke:black;stroke-width:0.25;fill:none" /><line x1="10.0" y1="80.0" x2="10.0" y2="120.0" style="stroke:black;stroke-width:0.25;fill:none" /><line x1="20.0" y1="80.0" x2="20.0" y2="120.0" style="stroke:black;stroke-width:0.25;fill:none" /><line x1="0.0" y1="130.0" x2="0.0" y2="225.0" style="stroke:black;stroke-width:0.25;fill:none" /><line x1="10.0" y1="130.0" x2="10.0" y2="225.0" style="stroke:black;stroke-width:0.25;fill:none" /><line x1="20.0" y1="130.0" x2="20.0" y2="225.0" style="stroke:black;stroke-width:0.25;fill:none" /></g></svg>'
  
  - <svg xmlns="http://www.w3.org/2000/svg" width="210.0mm" height="297.0mm" viewBox="0 0 210.0 297.0"><rect width="100%" height="100%" fill="white" /><g><g class="symbol"><circle cx="0.0" cy="0" r="1.25" style="stroke:black;stroke-width:0.25;fill:none" /><text x="-5.0" y="0" text-anchor="end" dominant-baseline="auto" font-size="5.0" style="stroke:none;stroke-width:1.0;fill:black;font-family:Times New Roman">X1</text><text x="-1.5" y="0.0" text-anchor="end" dominant-baseline="auto" font-size="3.5" style="stroke:none;stroke-width:1.0;fill:black;font-family:sans-serif">1</text><circle cx="10.0" cy="0" r="1.25" style="stroke:black;stroke-width:0.25;fill:none" /><text x="8.5" y="0.0" text-anchor="end" dominant-baseline="auto" font-size="3.5" style="stroke:none;stroke-width:1.0;fill:black;font-family:sans-serif">2</text><circle cx="20.0" cy="0" r="1.25" style="stroke:black;stroke-width:0.25;fill:none" /><text x="18.5" y="0.0" text-anchor="end" dominant-baseline="auto" font-size="3.5" style="stroke:none;stroke-width:1.0;fill:black;font-family:sans-serif">3</text></g><g class="symbol"><line x1="0.0" y1="45.0" x2="0.0" y2="47.5" style="stroke:black;stroke-width:0.25;fill:none" /><line x1="0.0" y1="52.5" x2="0.0" y2="55.0" style="stroke:black;stroke-width:0.25;fill:none" /><line x1="0.0" y1="52.5" x2="-2.5" y2="47.5" style="stroke:black;stroke-width:0.25;fill:none" /><line x1="-1.25" y1="46.25" x2="1.25" y2="48.75" style="stroke:black;stroke-width:0.25;fill:none" /><line x1="-1.25" y1="48.75" x2="1.25" y2="46.25" style="stroke:black;stroke-width:0.25;fill:none" /><text x="-5.0" y="50.0" text-anchor="end" dominant-baseline="auto" font-size="5.0" style="stroke:none;stroke-width:1.0;fill:black;font-family:Times New Roman">F1</text><text x="-1.5" y="45.0" text-anchor="end" dominant-baseline="auto" font-size="3.5" style="stroke:none;stroke-width:1.0;fill:black;font-family:sans-serif">1</text><text x="-1.5" y="55.0" text-anchor="end" dominant-baseline="auto" font-size="3.5" style="stroke:none;stroke-width:1.0;fill:black;font-family:sans-serif">2</text><line x1="10.0" y1="45.0" x2="10.0" y2="47.5" style="stroke:black;stroke-width:0.25;fill:none" /><line x1="10.0" y1="52.5" x2="10.0" y2="55.0" style="stroke:black;stroke-width:0.25;fill:none" /><line x1="10.0" y1="52.5" x2="7.5" y2="47.5" style="stroke:black;stroke-width:0.25;fill:none" /><line x1="8.75" y1="46.25" x2="11.25" y2="48.75" style="stroke:black;stroke-width:0.25;fill:none" /><line x1="8.75" y1="48.75" x2="11.25" y2="46.25" style="stroke:black;stroke-width:0.25;fill:none" /><text x="8.5" y="45.0" text-anchor="end" dominant-baseline="auto" font-size="3.5" style="stroke:none;stroke-width:1.0;fill:black;font-family:sans-serif">3</text><text x="8.5" y="55.0" text-anchor="end" dominant-baseline="auto" font-size="3.5" style="stroke:none;stroke-width:1.0;fill:black;font-family:sans-serif">4</text><line x1="20.0" y1="45.0" x2="20.0" y2="47.5" style="stroke:black;stroke-width:0.25;fill:none" /><line x1="20.0" y1="52.5" x2="20.0" y2="55.0" style="stroke:black;stroke-width:0.25;fill:none" /><line x1="20.0" y1="52.5" x2="17.5" y2="47.5" style="stroke:black;stroke-width:0.25;fill:none" /><line x1="18.75" y1="46.25" x2="21.25" y2="48.75" style="stroke:black;stroke-width:0.25;fill:none" /><line x1="18.75" y1="48.75" x2="21.25" y2="46.25" style="stroke:black;stroke-width:0.25;fill:none" /><text x="18.5" y="45.0" text-anchor="end" dominant-baseline="auto" font-size="3.5" style="stroke:none;stroke-width:1.0;fill:black;font-family:sans-serif">5</text><text x="18.5" y="55.0" text-anchor="end" dominant-baseline="auto" font-size="3.5" style="stroke:none;stroke-width:1.0;fill:black;font-family:sans-serif">6</text></g><g class="symbol"><line x1="0.0" y1="70.0" x2="0.0" y2="71.25" style="stroke:black;stroke-width:0.25;fill:none" /><line x1="0.0" y1="71.25" x2="0.0" y2="73.75" style="stroke:black;stroke-width:0.25;fill:none" /><line x1="0.0" y1="73.75" x2="-2.5" y2="73.75" style="stroke:black;stroke-width:0.25;fill:none" /><line x1="-2.5" y1="73.75" x2="-2.5" y2="76.25" style="stroke:black;stroke-width:0.25;fill:none" /><line x1="-2.5" y1="76.25" x2="0.0" y2="76.25" style="stroke:black;stroke-width:0.25;fill:none" /><line x1="0.0" y1="76.25" x2="0.0" y2="78.75" style="stroke:black;stroke-width:0.25;fill:none" /><line x1="0.0" y1="78.75" x2="0.0" y2="80.0" style="stroke:black;stroke-width:0.25;fill:none" /><text x="-5.0" y="75.0" text-anchor="end" dominant-baseline="auto" font-size="5.0" style="stroke:none;stroke-width:1.0;fill:black;font-family:Times New Roman">FT1</text><text x="-1.5" y="80.0" text-anchor="end" dominant-baseline="auto" font-size="3.5" style="stroke:none;stroke-width:1.0;fill:black;font-family:sans-serif">T1</text><line x1="10.0" y1="70.0" x2="10.0" y2="71.25" style="stroke:black;stroke-width:0.25;fill:none" /><line x1="10.0" y1="71.25" x2="10.0" y2="73.75" style="stroke:black;stroke-width:0.25;fill:none" /><line x1="10.0" y1="73.75" x2="7.5" y2="73.75" style="stroke:black;stroke-width:0.25;fill:none" /><line x1="7.5" y1="73.75" x2="7.5" y2="76.25" style="stroke:black;stroke-width:0.25;fill:none" /><line x1="7.5" y1="76.25" x2="10.0" y2="76.25" style="stroke:black;stroke-width:0.25;fill:none" /><line x1="10.0" y1="76.25" x2="10.0" y2="78.75" style="stroke:black;stroke-width:0.25;fill:none" /><line x1="10.0" y1="78.75" x2="10.0" y2="80.0" style="stroke:black;stroke-width:0.25;fill:none" /><text x="8.5" y="80.0" text-anchor="end" dominant-baseline="auto" font-size="3.5" style="stroke:none;stroke-width:1.0;fill:black;font-family:sans-serif">T2</text><line x1="20.0" y1="70.0" x2="20.0" y2="71.25" style="stroke:black;stroke-width:0.25;fill:none" /><line x1="20.0" y1="71.25" x2="20.0" y2="73.75" style="stroke:black;stroke-width:0.25;fill:none" /><line x1="20.0" y1="73.75" x2="17.5" y2="73.75" style="stroke:black;stroke-width:0.25;fill:none" /><line x1="17.5" y1="73.75" x2="17.5" y2="76.25" style="stroke:black;stroke-width:0.25;fill:none" /><line x1="17.5" y1="76.25" x2="20.0" y2="76.25" style="stroke:black;stroke-width:0.25;fill:none" /><line x1="20.0" y1="76.25" x2="20.0" y2="78.75" style="stroke:black;stroke-width:0.25;fill:none" /><line x1="20.0" y1="78.75" x2="20.0" y2="80.0" style="stroke:black;stroke-width:0.25;fill:none" /><text x="18.5" y="80.0" text-anchor="end" dominant-baseline="auto" font-size="3.5" style="stroke:none;stroke-width:1.0;fill:black;font-family:sans-serif">T3</text></g><g class="symbol"><line x1="0.0" y1="120.0" x2="0.0" y2="122.5" style="stroke:black;stroke-width:0.25;fill:none" /><line x1="0.0" y1="127.5" x2="0.0" y2="130.0" style="stroke:black;stroke-width:0.25;fill:none" /><line x1="0.0" y1="127.5" x2="-2.5" y2="122.5" style="stroke:black;stroke-width:0.25;fill:none" /><text x="-1.5" y="120.0" text-anchor="end" dominant-baseline="auto" font-size="3.5" style="stroke:none;stroke-width:1.0;fill:black;font-family:sans-serif">1</text><text x="-1.5" y="130.0" text-anchor="end" dominant-baseline="auto" font-size="3.5" style="stroke:none;stroke-width:1.0;fill:black;font-family:sans-serif">2</text><line x1="10.0" y1="120.0" x2="10.0" y2="122.5" style="stroke:black;stroke-width:0.25;fill:none" /><line x1="10.0" y1="127.5" x2="10.0" y2="130.0" style="stroke:black;stroke-width:0.25;fill:none" /><line x1="10.0" y1="127.5" x2="7.5" y2="122.5" style="stroke:black;stroke-width:0.25;fill:none" /><text x="8.5" y="120.0" text-anchor="end" dominant-baseline="auto" font-size="3.5" style="stroke:none;stroke-width:1.0;fill:black;font-family:sans-serif">3</text><text x="8.5" y="130.0" text-anchor="end" dominant-baseline="auto" font-size="3.5" style="stroke:none;stroke-width:1.0;fill:black;font-family:sans-serif">4</text><line x1="20.0" y1="120.0" x2="20.0" y2="122.5" style="stroke:black;stroke-width:0.25;fill:none" /><line x1="20.0" y1="127.5" x2="20.0" y2="130.0" style="stroke:black;stroke-width:0.25;fill:none" /><line x1="20.0" y1="127.5" x2="17.5" y2="122.5" style="stroke:black;stroke-width:0.25;fill:none" /><text x="18.5" y="120.0" text-anchor="end" dominant-baseline="auto" font-size="3.5" style="stroke:none;stroke-width:1.0;fill:black;font-family:sans-serif">5</text><text x="18.5" y="130.0" text-anchor="end" dominant-baseline="auto" font-size="3.5" style="stroke:none;stroke-width:1.0;fill:black;font-family:sans-serif">6</text><polygon points="-25.0,122.5 -15.0,122.5 -15.0,127.5 -25.0,127.5" style="stroke:black;stroke-width:0.25;fill:none" /><text x="-27.5" y="125.0" text-anchor="end" dominant-baseline="auto" font-size="5.0" style="stroke:none;stroke-width:1.0;fill:black;font-family:Times New Roman">Q1</text><line x1="-15.0" y1="125.0" x2="17.5" y2="125.0" style="stroke:black;stroke-width:0.25;fill:none;stroke-dasharray:2.0, 2.0" /></g><g class="symbol"><circle cx="0.0" cy="175.0" r="2.5" style="stroke:black;stroke-width:0.25;fill:none" /><line x1="-2.5" y1="175.0" x2="-7.5" y2="175.0" style="stroke:black;stroke-width:0.25;fill:none" /><polygon points="-42.5,172.5 -7.5,172.5 -7.5,182.5 -42.5,182.5" style="stroke:black;stroke-width:0.25;fill:none" /><line x1="-40.0" y1="172.5" x2="-40.0" y2="170.0" style="stroke:black;stroke-width:0.25;fill:none" /><text x="-41.0" y="171.25" text-anchor="end" dominant-baseline="middle" font-size="3.5" style="stroke:none;stroke-width:1.0;fill:black;font-family:sans-serif">1</text><line x1="-30.0" y1="172.5" x2="-30.0" y2="170.0" style="stroke:black;stroke-width:0.25;fill:none" /><text x="-31.0" y="171.25" text-anchor="end" dominant-baseline="middle" font-size="3.5" style="stroke:none;stroke-width:1.0;fill:black;font-family:sans-serif">2</text><line x1="-20.0" y1="172.5" x2="-20.0" y2="170.0" style="stroke:black;stroke-width:0.25;fill:none" /><text x="-21.0" y="171.25" text-anchor="end" dominant-baseline="middle" font-size="3.5" style="stroke:none;stroke-width:1.0;fill:black;font-family:sans-serif">3</text><line x1="-10.0" y1="172.5" x2="-10.0" y2="170.0" style="stroke:black;stroke-width:0.25;fill:none" /><text x="-11.0" y="171.25" text-anchor="end" dominant-baseline="middle" font-size="3.5" style="stroke:none;stroke-width:1.0;fill:black;font-family:sans-serif">4</text><text x="-45.0" y="172.5" text-anchor="end" dominant-baseline="auto" font-size="5.0" style="stroke:none;stroke-width:1.0;fill:black;font-family:Times New Roman">CT1</text></g><g class="symbol"><circle cx="0.0" cy="225.0" r="1.25" style="stroke:black;stroke-width:0.25;fill:none" /><text x="-5.0" y="225.0" text-anchor="end" dominant-baseline="auto" font-size="5.0" style="stroke:none;stroke-width:1.0;fill:black;font-family:Times New Roman">X2</text><text x="-1.5" y="225.0" text-anchor="end" dominant-baseline="auto" font-size="3.5" style="stroke:none;stroke-width:1.0;fill:black;font-family:sans-serif">1</text><circle cx="10.0" cy="225.0" r="1.25" style="stroke:black;stroke-width:0.25;fill:none" /><text x="8.5" y="225.0" text-anchor="end" dominant-baseline="auto" font-size="3.5" style="stroke:none;stroke-width:1.0;fill:black;font-family:sans-serif">2</text><circle cx="20.0" cy="225.0" r="1.25" style="stroke:black;stroke-width:0.25;fill:none" /><text x="18.5" y="225.0" text-anchor="end" dominant-baseline="auto" font-size="3.5" style="stroke:none;stroke-width:1.0;fill:black;font-family:sans-serif">3</text></g><line x1="0.0" y1="0" x2="0.0" y2="45.0" style="stroke:black;stroke-width:0.25;fill:none" /><line x1="10.0" y1="0" x2="10.0" y2="45.0" style="stroke:black;stroke-width:0.25;fill:none" /><line x1="20.0" y1="0" x2="20.0" y2="45.0" style="stroke:black;stroke-width:0.25;fill:none" /><line x1="0.0" y1="55.0" x2="0.0" y2="70.0" style="stroke:black;stroke-width:0.25;fill:none" /><line x1="10.0" y1="55.0" x2="10.0" y2="70.0" style="stroke:black;stroke-width:0.25;fill:none" /><line x1="20.0" y1="55.0" x2="20.0" y2="70.0" style="stroke:black;stroke-width:0.25;fill:none" /><line x1="0.0" y1="80.0" x2="0.0" y2="120.0" style="stroke:black;stroke-width:0.25;fill:none" /><line x1="10.0" y1="80.0" x2="10.0" y2="120.0" style="stroke:black;stroke-width:0.25;fill:none" /><line x1="20.0" y1="80.0" x2="20.0" y2="120.0" style="stroke:black;stroke-width:0.25;fill:none" /><line x1="0.0" y1="130.0" x2="0.0" y2="225.0" style="stroke:black;stroke-width:0.25;fill:none" /><line x1="10.0" y1="130.0" x2="10.0" y2="225.0" style="stroke:black;stroke-width:0.25;fill:none" /><line x1="20.0" y1="130.0" x2="20.0" y2="225.0" style="stroke:black;stroke-width:0.25;fill:none" /></g></svg>
  + <svg xmlns="http://www.w3.org/2000/svg" width="210.0mm" height="297.0mm" viewBox="0 0 210.0 297.0"><rect width="100%" height="100%" fill="white" /><g><g class="symbol"><circle cx="0.0" cy="0" r="1.25" style="stroke:black;stroke-width:0.25;fill:none" /><text x="-5.0" y="0" text-anchor="end" dominant-baseline="auto" font-size="5.0" style="stroke:none;stroke-width:1.0;fill:black;font-family:Times New Roman">X1</text><text x="-1.5" y="0.0" text-anchor="end" dominant-baseline="auto" font-size="3.5" style="stroke:none;stroke-width:1.0;fill:black;font-family:sans-serif">1</text><circle cx="10.0" cy="0" r="1.25" style="stroke:black;stroke-width:0.25;fill:none" /><text x="8.5" y="0.0" text-anchor="end" dominant-baseline="auto" font-size="3.5" style="stroke:none;stroke-width:1.0;fill:black;font-family:sans-serif">2</text><circle cx="20.0" cy="0" r="1.25" style="stroke:black;stroke-width:0.25;fill:none" /><text x="18.5" y="0.0" text-anchor="end" dominant-baseline="auto" font-size="3.5" style="stroke:none;stroke-width:1.0;fill:black;font-family:sans-serif">3</text></g><g class="symbol"><line x1="0.0" y1="28.333333333333336" x2="0.0" y2="30.833333333333336" style="stroke:black;stroke-width:0.25;fill:none" /><line x1="0.0" y1="35.833333333333336" x2="0.0" y2="38.333333333333336" style="stroke:black;stroke-width:0.25;fill:none" /><line x1="0.0" y1="35.833333333333336" x2="-2.5" y2="30.833333333333336" style="stroke:black;stroke-width:0.25;fill:none" /><line x1="-1.25" y1="29.583333333333336" x2="1.25" y2="32.083333333333336" style="stroke:black;stroke-width:0.25;fill:none" /><line x1="-1.25" y1="32.083333333333336" x2="1.25" y2="29.583333333333336" style="stroke:black;stroke-width:0.25;fill:none" /><text x="-5.0" y="33.333333333333336" text-anchor="end" dominant-baseline="auto" font-size="5.0" style="stroke:none;stroke-width:1.0;fill:black;font-family:Times New Roman">F1</text><text x="-1.5" y="28.333333333333336" text-anchor="end" dominant-baseline="auto" font-size="3.5" style="stroke:none;stroke-width:1.0;fill:black;font-family:sans-serif">1</text><text x="-1.5" y="38.333333333333336" text-anchor="end" dominant-baseline="auto" font-size="3.5" style="stroke:none;stroke-width:1.0;fill:black;font-family:sans-serif">2</text><line x1="10.0" y1="28.333333333333336" x2="10.0" y2="30.833333333333336" style="stroke:black;stroke-width:0.25;fill:none" /><line x1="10.0" y1="35.833333333333336" x2="10.0" y2="38.333333333333336" style="stroke:black;stroke-width:0.25;fill:none" /><line x1="10.0" y1="35.833333333333336" x2="7.5" y2="30.833333333333336" style="stroke:black;stroke-width:0.25;fill:none" /><line x1="8.75" y1="29.583333333333336" x2="11.25" y2="32.083333333333336" style="stroke:black;stroke-width:0.25;fill:none" /><line x1="8.75" y1="32.083333333333336" x2="11.25" y2="29.583333333333336" style="stroke:black;stroke-width:0.25;fill:none" /><text x="8.5" y="28.333333333333336" text-anchor="end" dominant-baseline="auto" font-size="3.5" style="stroke:none;stroke-width:1.0;fill:black;font-family:sans-serif">3</text><text x="8.5" y="38.333333333333336" text-anchor="end" dominant-baseline="auto" font-size="3.5" style="stroke:none;stroke-width:1.0;fill:black;font-family:sans-serif">4</text><line x1="20.0" y1="28.333333333333336" x2="20.0" y2="30.833333333333336" style="stroke:black;stroke-width:0.25;fill:none" /><line x1="20.0" y1="35.833333333333336" x2="20.0" y2="38.333333333333336" style="stroke:black;stroke-width:0.25;fill:none" /><line x1="20.0" y1="35.833333333333336" x2="17.5" y2="30.833333333333336" style="stroke:black;stroke-width:0.25;fill:none" /><line x1="18.75" y1="29.583333333333336" x2="21.25" y2="32.083333333333336" style="stroke:black;stroke-width:0.25;fill:none" /><line x1="18.75" y1="32.083333333333336" x2="21.25" y2="29.583333333333336" style="stroke:black;stroke-width:0.25;fill:none" /><text x="18.5" y="28.333333333333336" text-anchor="end" dominant-baseline="auto" font-size="3.5" style="stroke:none;stroke-width:1.0;fill:black;font-family:sans-serif">5</text><text x="18.5" y="38.333333333333336" text-anchor="end" dominant-baseline="auto" font-size="3.5" style="stroke:none;stroke-width:1.0;fill:black;font-family:sans-serif">6</text></g><g class="symbol"><line x1="0.0" y1="45.0" x2="0.0" y2="46.25" style="stroke:black;stroke-width:0.25;fill:none" /><line x1="0.0" y1="46.25" x2="0.0" y2="48.75" style="stroke:black;stroke-width:0.25;fill:none" /><line x1="0.0" y1="48.75" x2="-2.5" y2="48.75" style="stroke:black;stroke-width:0.25;fill:none" /><line x1="-2.5" y1="48.75" x2="-2.5" y2="51.25" style="stroke:black;stroke-width:0.25;fill:none" /><line x1="-2.5" y1="51.25" x2="0.0" y2="51.25" style="stroke:black;stroke-width:0.25;fill:none" /><line x1="0.0" y1="51.25" x2="0.0" y2="53.75" style="stroke:black;stroke-width:0.25;fill:none" /><line x1="0.0" y1="53.75" x2="0.0" y2="55.0" style="stroke:black;stroke-width:0.25;fill:none" /><text x="-5.0" y="50.0" text-anchor="end" dominant-baseline="auto" font-size="5.0" style="stroke:none;stroke-width:1.0;fill:black;font-family:Times New Roman">FT1</text><text x="-1.5" y="55.0" text-anchor="end" dominant-baseline="auto" font-size="3.5" style="stroke:none;stroke-width:1.0;fill:black;font-family:sans-serif">T1</text><line x1="10.0" y1="45.0" x2="10.0" y2="46.25" style="stroke:black;stroke-width:0.25;fill:none" /><line x1="10.0" y1="46.25" x2="10.0" y2="48.75" style="stroke:black;stroke-width:0.25;fill:none" /><line x1="10.0" y1="48.75" x2="7.5" y2="48.75" style="stroke:black;stroke-width:0.25;fill:none" /><line x1="7.5" y1="48.75" x2="7.5" y2="51.25" style="stroke:black;stroke-width:0.25;fill:none" /><line x1="7.5" y1="51.25" x2="10.0" y2="51.25" style="stroke:black;stroke-width:0.25;fill:none" /><line x1="10.0" y1="51.25" x2="10.0" y2="53.75" style="stroke:black;stroke-width:0.25;fill:none" /><line x1="10.0" y1="53.75" x2="10.0" y2="55.0" style="stroke:black;stroke-width:0.25;fill:none" /><text x="8.5" y="55.0" text-anchor="end" dominant-baseline="auto" font-size="3.5" style="stroke:none;stroke-width:1.0;fill:black;font-family:sans-serif">T2</text><line x1="20.0" y1="45.0" x2="20.0" y2="46.25" style="stroke:black;stroke-width:0.25;fill:none" /><line x1="20.0" y1="46.25" x2="20.0" y2="48.75" style="stroke:black;stroke-width:0.25;fill:none" /><line x1="20.0" y1="48.75" x2="17.5" y2="48.75" style="stroke:black;stroke-width:0.25;fill:none" /><line x1="17.5" y1="48.75" x2="17.5" y2="51.25" style="stroke:black;stroke-width:0.25;fill:none" /><line x1="17.5" y1="51.25" x2="20.0" y2="51.25" style="stroke:black;stroke-width:0.25;fill:none" /><line x1="20.0" y1="51.25" x2="20.0" y2="53.75" style="stroke:black;stroke-width:0.25;fill:none" /><line x1="20.0" y1="53.75" x2="20.0" y2="55.0" style="stroke:black;stroke-width:0.25;fill:none" /><text x="18.5" y="55.0" text-anchor="end" dominant-baseline="auto" font-size="3.5" style="stroke:none;stroke-width:1.0;fill:black;font-family:sans-serif">T3</text></g><g class="symbol"><line x1="0.0" y1="78.33333333333334" x2="0.0" y2="80.83333333333334" style="stroke:black;stroke-width:0.25;fill:none" /><line x1="0.0" y1="85.83333333333334" x2="0.0" y2="88.33333333333334" style="stroke:black;stroke-width:0.25;fill:none" /><line x1="0.0" y1="85.83333333333334" x2="-2.5" y2="80.83333333333334" style="stroke:black;stroke-width:0.25;fill:none" /><text x="-1.5" y="78.33333333333334" text-anchor="end" dominant-baseline="auto" font-size="3.5" style="stroke:none;stroke-width:1.0;fill:black;font-family:sans-serif">1</text><text x="-1.5" y="88.33333333333334" text-anchor="end" dominant-baseline="auto" font-size="3.5" style="stroke:none;stroke-width:1.0;fill:black;font-family:sans-serif">2</text><line x1="10.0" y1="78.33333333333334" x2="10.0" y2="80.83333333333334" style="stroke:black;stroke-width:0.25;fill:none" /><line x1="10.0" y1="85.83333333333334" x2="10.0" y2="88.33333333333334" style="stroke:black;stroke-width:0.25;fill:none" /><line x1="10.0" y1="85.83333333333334" x2="7.5" y2="80.83333333333334" style="stroke:black;stroke-width:0.25;fill:none" /><text x="8.5" y="78.33333333333334" text-anchor="end" dominant-baseline="auto" font-size="3.5" style="stroke:none;stroke-width:1.0;fill:black;font-family:sans-serif">3</text><text x="8.5" y="88.33333333333334" text-anchor="end" dominant-baseline="auto" font-size="3.5" style="stroke:none;stroke-width:1.0;fill:black;font-family:sans-serif">4</text><line x1="20.0" y1="78.33333333333334" x2="20.0" y2="80.83333333333334" style="stroke:black;stroke-width:0.25;fill:none" /><line x1="20.0" y1="85.83333333333334" x2="20.0" y2="88.33333333333334" style="stroke:black;stroke-width:0.25;fill:none" /><line x1="20.0" y1="85.83333333333334" x2="17.5" y2="80.83333333333334" style="stroke:black;stroke-width:0.25;fill:none" /><text x="18.5" y="78.33333333333334" text-anchor="end" dominant-baseline="auto" font-size="3.5" style="stroke:none;stroke-width:1.0;fill:black;font-family:sans-serif">5</text><text x="18.5" y="88.33333333333334" text-anchor="end" dominant-baseline="auto" font-size="3.5" style="stroke:none;stroke-width:1.0;fill:black;font-family:sans-serif">6</text><polygon points="-25.0,80.83333333333334 -15.0,80.83333333333334 -15.0,85.83333333333334 -25.0,85.83333333333334" style="stroke:black;stroke-width:0.25;fill:none" /><text x="-27.5" y="83.33333333333334" text-anchor="end" dominant-baseline="auto" font-size="5.0" style="stroke:none;stroke-width:1.0;fill:black;font-family:Times New Roman">Q1</text><line x1="-15.0" y1="83.33333333333334" x2="17.5" y2="83.33333333333334" style="stroke:black;stroke-width:0.25;fill:none;stroke-dasharray:2.0, 2.0" /></g><g class="symbol"><circle cx="0.0" cy="116.66666666666669" r="2.5" style="stroke:black;stroke-width:0.25;fill:none" /><line x1="-2.5" y1="116.66666666666669" x2="-7.5" y2="116.66666666666669" style="stroke:black;stroke-width:0.25;fill:none" /><polygon points="-42.5,114.16666666666669 -7.5,114.16666666666669 -7.5,124.16666666666669 -42.5,124.16666666666669" style="stroke:black;stroke-width:0.25;fill:none" /><line x1="-40.0" y1="114.16666666666669" x2="-40.0" y2="111.66666666666669" style="stroke:black;stroke-width:0.25;fill:none" /><text x="-41.0" y="112.91666666666669" text-anchor="end" dominant-baseline="middle" font-size="3.5" style="stroke:none;stroke-width:1.0;fill:black;font-family:sans-serif">1</text><line x1="-30.0" y1="114.16666666666669" x2="-30.0" y2="111.66666666666669" style="stroke:black;stroke-width:0.25;fill:none" /><text x="-31.0" y="112.91666666666669" text-anchor="end" dominant-baseline="middle" font-size="3.5" style="stroke:none;stroke-width:1.0;fill:black;font-family:sans-serif">2</text><line x1="-20.0" y1="114.16666666666669" x2="-20.0" y2="111.66666666666669" style="stroke:black;stroke-width:0.25;fill:none" /><text x="-21.0" y="112.91666666666669" text-anchor="end" dominant-baseline="middle" font-size="3.5" style="stroke:none;stroke-width:1.0;fill:black;font-family:sans-serif">3</text><line x1="-10.0" y1="114.16666666666669" x2="-10.0" y2="111.66666666666669" style="stroke:black;stroke-width:0.25;fill:none" /><text x="-11.0" y="112.91666666666669" text-anchor="end" dominant-baseline="middle" font-size="3.5" style="stroke:none;stroke-width:1.0;fill:black;font-family:sans-serif">4</text><text x="-45.0" y="114.16666666666669" text-anchor="end" dominant-baseline="auto" font-size="5.0" style="stroke:none;stroke-width:1.0;fill:black;font-family:Times New Roman">CT1</text></g><g class="symbol"><circle cx="0.0" cy="133.33333333333334" r="1.25" style="stroke:black;stroke-width:0.25;fill:none" /><text x="-5.0" y="133.33333333333334" text-anchor="end" dominant-baseline="auto" font-size="5.0" style="stroke:none;stroke-width:1.0;fill:black;font-family:Times New Roman">X2</text><text x="-1.5" y="133.33333333333334" text-anchor="end" dominant-baseline="auto" font-size="3.5" style="stroke:none;stroke-width:1.0;fill:black;font-family:sans-serif">1</text><circle cx="10.0" cy="133.33333333333334" r="1.25" style="stroke:black;stroke-width:0.25;fill:none" /><text x="8.5" y="133.33333333333334" text-anchor="end" dominant-baseline="auto" font-size="3.5" style="stroke:none;stroke-width:1.0;fill:black;font-family:sans-serif">2</text><circle cx="20.0" cy="133.33333333333334" r="1.25" style="stroke:black;stroke-width:0.25;fill:none" /><text x="18.5" y="133.33333333333334" text-anchor="end" dominant-baseline="auto" font-size="3.5" style="stroke:none;stroke-width:1.0;fill:black;font-family:sans-serif">3</text></g><g class="symbol"><circle cx="30.0" cy="133.33333333333334" r="1.25" style="stroke:black;stroke-width:0.25;fill:none" /><text x="35.0" y="133.33333333333334" text-anchor="start" dominant-baseline="auto" font-size="5.0" style="stroke:none;stroke-width:1.0;fill:black;font-family:Times New Roman">X3</text><text x="28.5" y="133.33333333333334" text-anchor="end" dominant-baseline="auto" font-size="3.5" style="stroke:none;stroke-width:1.0;fill:black;font-family:sans-serif">1</text></g><g class="symbol"><circle cx="10.0" cy="183.33333333333334" r="20.0" style="stroke:black;stroke-width:0.25;fill:none" /><text x="10.0" y="183.33333333333334" text-anchor="middle" dominant-baseline="auto" font-size="5.0" style="stroke:none;stroke-width:1.0;fill:black;font-family:Times New Roman">M1</text><line x1="0.0" y1="166.01282525764458" x2="0.0" y2="156.01282525764458" style="stroke:black;stroke-width:0.25;fill:none" /><line x1="10.0" y1="163.33333333333334" x2="10.0" y2="153.33333333333334" style="stroke:black;stroke-width:0.25;fill:none" /><line x1="20.0" y1="166.01282525764458" x2="20.0" y2="156.01282525764458" style="stroke:black;stroke-width:0.25;fill:none" /><line x1="30.0" y1="183.33333333333334" x2="30.0" y2="173.33333333333334" style="stroke:black;stroke-width:0.25;fill:none" /><text x="-1.5" y="156.01282525764458" text-anchor="end" dominant-baseline="auto" font-size="3.5" style="stroke:none;stroke-width:1.0;fill:black;font-family:sans-serif">U</text><text x="8.5" y="153.33333333333334" text-anchor="end" dominant-baseline="auto" font-size="3.5" style="stroke:none;stroke-width:1.0;fill:black;font-family:sans-serif">V</text><text x="18.5" y="156.01282525764458" text-anchor="end" dominant-baseline="auto" font-size="3.5" style="stroke:none;stroke-width:1.0;fill:black;font-family:sans-serif">W</text><text x="31.5" y="173.33333333333334" text-anchor="start" dominant-baseline="auto" font-size="3.5" style="stroke:none;stroke-width:1.0;fill:black;font-family:sans-serif">PE</text></g><line x1="0.0" y1="0" x2="0.0" y2="28.333333333333336" style="stroke:black;stroke-width:0.25;fill:none" /><line x1="10.0" y1="0" x2="10.0" y2="28.333333333333336" style="stroke:black;stroke-width:0.25;fill:none" /><line x1="20.0" y1="0" x2="20.0" y2="28.333333333333336" style="stroke:black;stroke-width:0.25;fill:none" /><line x1="0.0" y1="38.333333333333336" x2="0.0" y2="45.0" style="stroke:black;stroke-width:0.25;fill:none" /><line x1="10.0" y1="38.333333333333336" x2="10.0" y2="45.0" style="stroke:black;stroke-width:0.25;fill:none" /><line x1="20.0" y1="38.333333333333336" x2="20.0" y2="45.0" style="stroke:black;stroke-width:0.25;fill:none" /><line x1="0.0" y1="55.0" x2="0.0" y2="78.33333333333334" style="stroke:black;stroke-width:0.25;fill:none" /><line x1="10.0" y1="55.0" x2="10.0" y2="78.33333333333334" style="stroke:black;stroke-width:0.25;fill:none" /><line x1="20.0" y1="55.0" x2="20.0" y2="78.33333333333334" style="stroke:black;stroke-width:0.25;fill:none" /><line x1="0.0" y1="88.33333333333334" x2="0.0" y2="133.33333333333334" style="stroke:black;stroke-width:0.25;fill:none" /><line x1="10.0" y1="88.33333333333334" x2="10.0" y2="133.33333333333334" style="stroke:black;stroke-width:0.25;fill:none" /><line x1="20.0" y1="88.33333333333334" x2="20.0" y2="133.33333333333334" style="stroke:black;stroke-width:0.25;fill:none" /><line x1="30.0" y1="133.33333333333334" x2="30.0" y2="173.33333333333334" style="stroke:black;stroke-width:0.25;fill:none" /><line x1="30.0" y1="133.33333333333334" x2="30.0" y2="173.33333333333334" style="stroke:black;stroke-width:0.25;fill:none" /><line x1="0.0" y1="133.33333333333334" x2="0.0" y2="156.01282525764458" style="stroke:black;stroke-width:0.25;fill:none" /><line x1="10.0" y1="133.33333333333334" x2="10.0" y2="153.33333333333334" style="stroke:black;stroke-width:0.25;fill:none" /><line x1="20.0" y1="133.33333333333334" x2="20.0" y2="156.01282525764458" style="stroke:black;stroke-width:0.25;fill:none" /></g></svg>
FAILED tests/integration/test_std_circuits.py::TestStandardCircuitsSnapshot::test_changeover_snapshot - AssertionError: Snapshot mismatch for changeover_circuit. 
  Run with PYTEST_UPDATE_SNAPSHOTS=1 to update if this change is intentional.
assert '<svg xmlns="http://www.w3.org/2000/svg" width="210.0mm" height="297.0mm" viewBox="0 0 210.0 297.0"><rect width="100%" height="100%" fill="white" /><g><g class="symbol"><line x1="2.5" y1="62.5" x2="2.5" y2="65.0" style="stroke:black;stroke-width:0.25;fill:none" /><line x1="2.5" y1="55.0" x2="2.5" y2="57.5" style="stroke:black;stroke-width:0.25;fill:none" /><line x1="-2.5" y1="55.0" x2="-2.5" y2="57.5" style="stroke:black;stroke-width:0.25;fill:none" /><line x1="-2.5" y1="57.5" x2="0.0" y2="57.5" style="stroke:black;stroke-width:0.25;fill:none" /><line x1="2.5" y1="62.5" x2="-0.5590169943749475" y2="56.38196601125011" style="stroke:black;stroke-width:0.25;fill:none" /><text x="-5.0" y="60.0" text-anchor="end" dominant-baseline="auto" font-size="5.0" style="stroke:none;stroke-width:1.0;fill:black;font-family:Times New Roman">K1</text><text x="4.5" y="65.0" text-anchor="start" dominant-baseline="auto" font-size="3.5" style="stroke:none;stroke-width:1.0;fill:black;font-family:sans-serif">11</text><text x="-4.5" y="55.0" text-anchor="end" dominant-baseline="auto" font-size="3.5" style="stroke:none;stroke-width:1.0;fill:black;font-family:sans-serif">12</text><text x="4.5" y="55.0" text-anchor="start" dominant-baseline="auto" font-size="3.5" style="stroke:none;stroke-width:1.0;fill:black;font-family:sans-serif">14</text><line x1="42.5" y1="62.5" x2="42.5" y2="65.0" style="stroke:black;stroke-width:0.25;fill:none" /><line x1="42.5" y1="55.0" x2="42.5" y2="57.5" style="stroke:black;stroke-width:0.25;fill:none" /><line x1="37.5" y1="55.0" x2="37.5" y2="57.5" style="stroke:black;stroke-width:0.25;fill:none" /><line x1="37.5" y1="57.5" x2="40.0" y2="57.5" style="stroke:black;stroke-width:0.25;fill:none" /><line x1="42.5" y1="62.5" x2="39.44098300562505" y2="56.38196601125011" style="stroke:black;stroke-width:0.25;fill:none" /><text x="44.5" y="65.0" text-anchor="start" dominant-baseline="auto" font-size="3.5" style="stroke:none;stroke-width:1.0;fill:black;font-family:sans-serif">21</text><text x="35.5" y="55.0" text-anchor="end" dominant-baseline="auto" font-size="3.5" style="stroke:none;stroke-width:1.0;fill:black;font-family:sans-serif">22</text><text x="44.5" y="55.0" text-anchor="start" dominant-baseline="auto" font-size="3.5" style="stroke:none;stroke-width:1.0;fill:black;font-family:sans-serif">24</text><line x1="82.5" y1="62.5" x2="82.5" y2="65.0" style="stroke:black;stroke-width:0.25;fill:none" /><line x1="82.5" y1="55.0" x2="82.5" y2="57.5" style="stroke:black;stroke-width:0.25;fill:none" /><line x1="77.5" y1="55.0" x2="77.5" y2="57.5" style="stroke:black;stroke-width:0.25;fill:none" /><line x1="77.5" y1="57.5" x2="80.0" y2="57.5" style="stroke:black;stroke-width:0.25;fill:none" /><line x1="82.5" y1="62.5" x2="79.44098300562506" y2="56.38196601125011" style="stroke:black;stroke-width:0.25;fill:none" /><text x="84.5" y="65.0" text-anchor="start" dominant-baseline="auto" font-size="3.5" style="stroke:none;stroke-width:1.0;fill:black;font-family:sans-serif">31</text><text x="75.5" y="55.0" text-anchor="end" dominant-baseline="auto" font-size="3.5" style="stroke:none;stroke-width:1.0;fill:black;font-family:sans-serif">32</text><text x="84.5" y="55.0" text-anchor="start" dominant-baseline="auto" font-size="3.5" style="stroke:none;stroke-width:1.0;fill:black;font-family:sans-serif">34</text></g><g class="symbol"><circle cx="-2.5" cy="0.0" r="1.25" style="stroke:black;stroke-width:0.25;fill:none" /><text x="-7.5" y="0.0" text-anchor="end" dominant-baseline="auto" font-size="5.0" style="stroke:none;stroke-width:1.0;fill:black;font-family:Times New Roman">X1</text><text x="-4.0" y="0.0" text-anchor="end" dominant-baseline="auto" font-size="3.5" style="stroke:none;stroke-width:1.0;fill:black;font-family:sans-serif">1</text></g><line x1="-2.5" y1="0.0" x2="-2.5" y2="55.0" style="stroke:black;stroke-width:0.25;fill:none" /><line x1="-2.5" y1="0.0" x2="-2.5" y2="55.0" style="stroke:black;stroke-width:0.25;fill:none" /><g class="symbol"><circle cx="2.5" cy="0.0" r="1.25" style="stroke:black;stroke-width:0.25;fill:none" /><text x="7.5" y="0.0" text-anchor="start" dominant-baseline="auto" font-size="5.0" style="stroke:none;stroke-width:1.0;fill:black;font-family:Times New Roman">X2</text><text x="1.0" y="0.0" text-anchor="end" dominant-baseline="auto" font-size="3.5" style="stroke:none;stroke-width:1.0;fill:black;font-family:sans-serif">1</text></g><line x1="2.5" y1="0.0" x2="2.5" y2="55.0" style="stroke:black;stroke-width:0.25;fill:none" /><line x1="2.5" y1="0.0" x2="2.5" y2="55.0" style="stroke:black;stroke-width:0.25;fill:none" /><g class="symbol"><circle cx="2.5" cy="120.0" r="1.25" style="stroke:black;stroke-width:0.25;fill:none" /><text x="-2.5" y="120.0" text-anchor="end" dominant-baseline="auto" font-size="5.0" style="stroke:none;stroke-width:1.0;fill:black;font-family:Times New Roman">X3</text><text x="1.0" y="120.0" text-anchor="end" dominant-baseline="auto" font-size="3.5" style="stroke:none;stroke-width:1.0;fill:black;font-family:sans-serif">1</text></g><line x1="2.5" y1="65.0" x2="2.5" y2="120.0" style="stroke:black;stroke-width:0.25;fill:none" /><line x1="2.5" y1="65.0" x2="2.5" y2="120.0" style="stroke:black;stroke-width:0.25;fill:none" /><g class="symbol"><circle cx="37.5" cy="0.0" r="1.25" style="stroke:black;stroke-width:0.25;fill:none" /><text x="32.5" y="0.0" text-anchor="end" dominant-baseline="auto" font-size="5.0" style="stroke:none;stroke-width:1.0;fill:black;font-family:Times New Roman">X1</text><text x="36.0" y="0.0" text-anchor="end" dominant-baseline="auto" font-size="3.5" style="stroke:none;stroke-width:1.0;fill:black;font-family:sans-serif">2</text></g><line x1="37.5" y1="0.0" x2="37.5" y2="55.0" style="stroke:black;stroke-width:0.25;fill:none" /><line x1="37.5" y1="0.0" x2="37.5" y2="55.0" style="stroke:black;stroke-width:0.25;fill:none" /><g class="symbol"><circle cx="42.5" cy="0.0" r="1.25" style="stroke:black;stroke-width:0.25;fill:none" /><text x="47.5" y="0.0" text-anchor="start" dominant-baseline="auto" font-size="5.0" style="stroke:none;stroke-width:1.0;fill:black;font-family:Times New Roman">X2</text><text x="41.0" y="0.0" text-anchor="end" dominant-baseline="auto" font-size="3.5" style="stroke:none;stroke-width:1.0;fill:black;font-family:sans-serif">2</text></g><line x1="42.5" y1="0.0" x2="42.5" y2="55.0" style="stroke:black;stroke-width:0.25;fill:none" /><line x1="42.5" y1="0.0" x2="42.5" y2="55.0" style="stroke:black;stroke-width:0.25;fill:none" /><g class="symbol"><circle cx="42.5" cy="120.0" r="1.25" style="stroke:black;stroke-width:0.25;fill:none" /><text x="37.5" y="120.0" text-anchor="end" dominant-baseline="auto" font-size="5.0" style="stroke:none;stroke-width:1.0;fill:black;font-family:Times New Roman">X3</text><text x="41.0" y="120.0" text-anchor="end" dominant-baseline="auto" font-size="3.5" style="stroke:none;stroke-width:1.0;fill:black;font-family:sans-serif">2</text></g><line x1="42.5" y1="65.0" x2="42.5" y2="120.0" style="stroke:black;stroke-width:0.25;fill:none" /><line x1="42.5" y1="65.0" x2="42.5" y2="120.0" style="stroke:black;stroke-width:0.25;fill:none" /><g class="symbol"><circle cx="77.5" cy="0.0" r="1.25" style="stroke:black;stroke-width:0.25;fill:none" /><text x="72.5" y="0.0" text-anchor="end" dominant-baseline="auto" font-size="5.0" style="stroke:none;stroke-width:1.0;fill:black;font-family:Times New Roman">X1</text><text x="76.0" y="0.0" text-anchor="end" dominant-baseline="auto" font-size="3.5" style="stroke:none;stroke-width:1.0;fill:black;font-family:sans-serif">3</text></g><line x1="77.5" y1="0.0" x2="77.5" y2="55.0" style="stroke:black;stroke-width:0.25;fill:none" /><line x1="77.5" y1="0.0" x2="77.5" y2="55.0" style="stroke:black;stroke-width:0.25;fill:none" /><g class="symbol"><circle cx="82.5" cy="0.0" r="1.25" style="stroke:black;stroke-width:0.25;fill:none" /><text x="87.5" y="0.0" text-anchor="start" dominant-baseline="auto" font-size="5.0" style="stroke:none;stroke-width:1.0;fill:black;font-family:Times New Roman">X2</text><text x="81.0" y="0.0" text-anchor="end" dominant-baseline="auto" font-size="3.5" style="stroke:none;stroke-width:1.0;fill:black;font-family:sans-serif">3</text></g><line x1="82.5" y1="0.0" x2="82.5" y2="55.0" style="stroke:black;stroke-width:0.25;fill:none" /><line x1="82.5" y1="0.0" x2="82.5" y2="55.0" style="stroke:black;stroke-width:0.25;fill:none" /><g class="symbol"><circle cx="82.5" cy="120.0" r="1.25" style="stroke:black;stroke-width:0.25;fill:none" /><text x="77.5" y="120.0" text-anchor="end" dominant-baseline="auto" font-size="5.0" style="stroke:none;stroke-width:1.0;fill:black;font-family:Times New Roman">X3</text><text x="81.0" y="120.0" text-anchor="end" dominant-baseline="auto" font-size="3.5" style="stroke:none;stroke-width:1.0;fill:black;font-family:sans-serif">3</text></g><line x1="82.5" y1="65.0" x2="82.5" y2="120.0" style="stroke:black;stroke-width:0.25;fill:none" /><line x1="82.5" y1="65.0" x2="82.5" y2="120.0" style="stroke:black;stroke-width:0.25;fill:none" /></g></svg>' == '<svg xmlns="http://www.w3.org/2000/svg" width="210.0mm" height="297.0mm" viewBox="0 0 210.0 297.0"><rect width="100%" height="100%" fill="white" /><g><g class="symbol"><line x1="2.5" y1="62.5" x2="2.5" y2="65.0" style="stroke:black;stroke-width:0.25;fill:none" /><line x1="2.5" y1="55.0" x2="2.5" y2="57.5" style="stroke:black;stroke-width:0.25;fill:none" /><line x1="-2.5" y1="55.0" x2="-2.5" y2="57.5" style="stroke:black;stroke-width:0.25;fill:none" /><line x1="-2.5" y1="57.5" x2="0.0" y2="57.5" style="stroke:black;stroke-width:0.25;fill:none" /><line x1="2.5" y1="62.5" x2="-0.5590169943749475" y2="56.38196601125011" style="stroke:black;stroke-width:0.25;fill:none" /><text x="-5.0" y="60.0" text-anchor="end" dominant-baseline="auto" font-size="5.0" style="stroke:none;stroke-width:1.0;fill:black;font-family:Times New Roman">K1</text><text x="4.5" y="65.0" text-anchor="start" dominant-baseline="auto" font-size="3.5" style="stroke:none;stroke-width:1.0;fill:black;font-family:sans-serif">11</text><text x="-4.5" y="55.0" text-anchor="end" dominant-baseline="auto" font-size="3.5" style="stroke:none;stroke-width:1.0;fill:black;font-family:sans-serif">12</text><text x="4.5" y="55.0" text-anchor="start" dominant-baseline="auto" font-size="3.5" style="stroke:none;stroke-width:1.0;fill:black;font-family:sans-serif">14</text><line x1="42.5" y1="62.5" x2="42.5" y2="65.0" style="stroke:black;stroke-width:0.25;fill:none" /><line x1="42.5" y1="55.0" x2="42.5" y2="57.5" style="stroke:black;stroke-width:0.25;fill:none" /><line x1="37.5" y1="55.0" x2="37.5" y2="57.5" style="stroke:black;stroke-width:0.25;fill:none" /><line x1="37.5" y1="57.5" x2="40.0" y2="57.5" style="stroke:black;stroke-width:0.25;fill:none" /><line x1="42.5" y1="62.5" x2="39.44098300562505" y2="56.38196601125011" style="stroke:black;stroke-width:0.25;fill:none" /><text x="44.5" y="65.0" text-anchor="start" dominant-baseline="auto" font-size="3.5" style="stroke:none;stroke-width:1.0;fill:black;font-family:sans-serif">21</text><text x="35.5" y="55.0" text-anchor="end" dominant-baseline="auto" font-size="3.5" style="stroke:none;stroke-width:1.0;fill:black;font-family:sans-serif">22</text><text x="44.5" y="55.0" text-anchor="start" dominant-baseline="auto" font-size="3.5" style="stroke:none;stroke-width:1.0;fill:black;font-family:sans-serif">24</text><line x1="82.5" y1="62.5" x2="82.5" y2="65.0" style="stroke:black;stroke-width:0.25;fill:none" /><line x1="82.5" y1="55.0" x2="82.5" y2="57.5" style="stroke:black;stroke-width:0.25;fill:none" /><line x1="77.5" y1="55.0" x2="77.5" y2="57.5" style="stroke:black;stroke-width:0.25;fill:none" /><line x1="77.5" y1="57.5" x2="80.0" y2="57.5" style="stroke:black;stroke-width:0.25;fill:none" /><line x1="82.5" y1="62.5" x2="79.44098300562506" y2="56.38196601125011" style="stroke:black;stroke-width:0.25;fill:none" /><text x="84.5" y="65.0" text-anchor="start" dominant-baseline="auto" font-size="3.5" style="stroke:none;stroke-width:1.0;fill:black;font-family:sans-serif">31</text><text x="75.5" y="55.0" text-anchor="end" dominant-baseline="auto" font-size="3.5" style="stroke:none;stroke-width:1.0;fill:black;font-family:sans-serif">32</text><text x="84.5" y="55.0" text-anchor="start" dominant-baseline="auto" font-size="3.5" style="stroke:none;stroke-width:1.0;fill:black;font-family:sans-serif">34</text></g><g class="symbol"><circle cx="-2.5" cy="0.0" r="1.25" style="stroke:black;stroke-width:0.25;fill:none" /><text x="-7.5" y="0.0" text-anchor="end" dominant-baseline="auto" font-size="5.0" style="stroke:none;stroke-width:1.0;fill:black;font-family:Times New Roman">X1</text><text x="-4.0" y="0.0" text-anchor="end" dominant-baseline="auto" font-size="3.5" style="stroke:none;stroke-width:1.0;fill:black;font-family:sans-serif">1</text></g><line x1="-2.5" y1="0.0" x2="-2.5" y2="55.0" style="stroke:black;stroke-width:0.25;fill:none" /><g class="symbol"><circle cx="2.5" cy="0.0" r="1.25" style="stroke:black;stroke-width:0.25;fill:none" /><text x="7.5" y="0.0" text-anchor="start" dominant-baseline="auto" font-size="5.0" style="stroke:none;stroke-width:1.0;fill:black;font-family:Times New Roman">X2</text><text x="1.0" y="0.0" text-anchor="end" dominant-baseline="auto" font-size="3.5" style="stroke:none;stroke-width:1.0;fill:black;font-family:sans-serif">1</text></g><line x1="2.5" y1="0.0" x2="2.5" y2="55.0" style="stroke:black;stroke-width:0.25;fill:none" /><g class="symbol"><circle cx="2.5" cy="120.0" r="1.25" style="stroke:black;stroke-width:0.25;fill:none" /><text x="-2.5" y="120.0" text-anchor="end" dominant-baseline="auto" font-size="5.0" style="stroke:none;stroke-width:1.0;fill:black;font-family:Times New Roman">X3</text><text x="1.0" y="120.0" text-anchor="end" dominant-baseline="auto" font-size="3.5" style="stroke:none;stroke-width:1.0;fill:black;font-family:sans-serif">1</text></g><line x1="2.5" y1="65.0" x2="2.5" y2="120.0" style="stroke:black;stroke-width:0.25;fill:none" /><g class="symbol"><circle cx="37.5" cy="0.0" r="1.25" style="stroke:black;stroke-width:0.25;fill:none" /><text x="32.5" y="0.0" text-anchor="end" dominant-baseline="auto" font-size="5.0" style="stroke:none;stroke-width:1.0;fill:black;font-family:Times New Roman">X1</text><text x="36.0" y="0.0" text-anchor="end" dominant-baseline="auto" font-size="3.5" style="stroke:none;stroke-width:1.0;fill:black;font-family:sans-serif">2</text></g><line x1="37.5" y1="0.0" x2="37.5" y2="55.0" style="stroke:black;stroke-width:0.25;fill:none" /><g class="symbol"><circle cx="42.5" cy="0.0" r="1.25" style="stroke:black;stroke-width:0.25;fill:none" /><text x="47.5" y="0.0" text-anchor="start" dominant-baseline="auto" font-size="5.0" style="stroke:none;stroke-width:1.0;fill:black;font-family:Times New Roman">X2</text><text x="41.0" y="0.0" text-anchor="end" dominant-baseline="auto" font-size="3.5" style="stroke:none;stroke-width:1.0;fill:black;font-family:sans-serif">2</text></g><line x1="42.5" y1="0.0" x2="42.5" y2="55.0" style="stroke:black;stroke-width:0.25;fill:none" /><g class="symbol"><circle cx="42.5" cy="120.0" r="1.25" style="stroke:black;stroke-width:0.25;fill:none" /><text x="37.5" y="120.0" text-anchor="end" dominant-baseline="auto" font-size="5.0" style="stroke:none;stroke-width:1.0;fill:black;font-family:Times New Roman">X3</text><text x="41.0" y="120.0" text-anchor="end" dominant-baseline="auto" font-size="3.5" style="stroke:none;stroke-width:1.0;fill:black;font-family:sans-serif">2</text></g><line x1="42.5" y1="65.0" x2="42.5" y2="120.0" style="stroke:black;stroke-width:0.25;fill:none" /><g class="symbol"><circle cx="77.5" cy="0.0" r="1.25" style="stroke:black;stroke-width:0.25;fill:none" /><text x="72.5" y="0.0" text-anchor="end" dominant-baseline="auto" font-size="5.0" style="stroke:none;stroke-width:1.0;fill:black;font-family:Times New Roman">X1</text><text x="76.0" y="0.0" text-anchor="end" dominant-baseline="auto" font-size="3.5" style="stroke:none;stroke-width:1.0;fill:black;font-family:sans-serif">3</text></g><line x1="77.5" y1="0.0" x2="77.5" y2="55.0" style="stroke:black;stroke-width:0.25;fill:none" /><g class="symbol"><circle cx="82.5" cy="0.0" r="1.25" style="stroke:black;stroke-width:0.25;fill:none" /><text x="87.5" y="0.0" text-anchor="start" dominant-baseline="auto" font-size="5.0" style="stroke:none;stroke-width:1.0;fill:black;font-family:Times New Roman">X2</text><text x="81.0" y="0.0" text-anchor="end" dominant-baseline="auto" font-size="3.5" style="stroke:none;stroke-width:1.0;fill:black;font-family:sans-serif">3</text></g><line x1="82.5" y1="0.0" x2="82.5" y2="55.0" style="stroke:black;stroke-width:0.25;fill:none" /><g class="symbol"><circle cx="82.5" cy="120.0" r="1.25" style="stroke:black;stroke-width:0.25;fill:none" /><text x="77.5" y="120.0" text-anchor="end" dominant-baseline="auto" font-size="5.0" style="stroke:none;stroke-width:1.0;fill:black;font-family:Times New Roman">X3</text><text x="81.0" y="120.0" text-anchor="end" dominant-baseline="auto" font-size="3.5" style="stroke:none;stroke-width:1.0;fill:black;font-family:sans-serif">3</text></g><line x1="82.5" y1="65.0" x2="82.5" y2="120.0" style="stroke:black;stroke-width:0.25;fill:none" /></g></svg>'
  
  - <svg xmlns="http://www.w3.org/2000/svg" width="210.0mm" height="297.0mm" viewBox="0 0 210.0 297.0"><rect width="100%" height="100%" fill="white" /><g><g class="symbol"><line x1="2.5" y1="62.5" x2="2.5" y2="65.0" style="stroke:black;stroke-width:0.25;fill:none" /><line x1="2.5" y1="55.0" x2="2.5" y2="57.5" style="stroke:black;stroke-width:0.25;fill:none" /><line x1="-2.5" y1="55.0" x2="-2.5" y2="57.5" style="stroke:black;stroke-width:0.25;fill:none" /><line x1="-2.5" y1="57.5" x2="0.0" y2="57.5" style="stroke:black;stroke-width:0.25;fill:none" /><line x1="2.5" y1="62.5" x2="-0.5590169943749475" y2="56.38196601125011" style="stroke:black;stroke-width:0.25;fill:none" /><text x="-5.0" y="60.0" text-anchor="end" dominant-baseline="auto" font-size="5.0" style="stroke:none;stroke-width:1.0;fill:black;font-family:Times New Roman">K1</text><text x="4.5" y="65.0" text-anchor="start" dominant-baseline="auto" font-size="3.5" style="stroke:none;stroke-width:1.0;fill:black;font-family:sans-serif">11</text><text x="-4.5" y="55.0" text-anchor="end" dominant-baseline="auto" font-size="3.5" style="stroke:none;stroke-width:1.0;fill:black;font-family:sans-serif">12</text><text x="4.5" y="55.0" text-anchor="start" dominant-baseline="auto" font-size="3.5" style="stroke:none;stroke-width:1.0;fill:black;font-family:sans-serif">14</text><line x1="42.5" y1="62.5" x2="42.5" y2="65.0" style="stroke:black;stroke-width:0.25;fill:none" /><line x1="42.5" y1="55.0" x2="42.5" y2="57.5" style="stroke:black;stroke-width:0.25;fill:none" /><line x1="37.5" y1="55.0" x2="37.5" y2="57.5" style="stroke:black;stroke-width:0.25;fill:none" /><line x1="37.5" y1="57.5" x2="40.0" y2="57.5" style="stroke:black;stroke-width:0.25;fill:none" /><line x1="42.5" y1="62.5" x2="39.44098300562505" y2="56.38196601125011" style="stroke:black;stroke-width:0.25;fill:none" /><text x="44.5" y="65.0" text-anchor="start" dominant-baseline="auto" font-size="3.5" style="stroke:none;stroke-width:1.0;fill:black;font-family:sans-serif">21</text><text x="35.5" y="55.0" text-anchor="end" dominant-baseline="auto" font-size="3.5" style="stroke:none;stroke-width:1.0;fill:black;font-family:sans-serif">22</text><text x="44.5" y="55.0" text-anchor="start" dominant-baseline="auto" font-size="3.5" style="stroke:none;stroke-width:1.0;fill:black;font-family:sans-serif">24</text><line x1="82.5" y1="62.5" x2="82.5" y2="65.0" style="stroke:black;stroke-width:0.25;fill:none" /><line x1="82.5" y1="55.0" x2="82.5" y2="57.5" style="stroke:black;stroke-width:0.25;fill:none" /><line x1="77.5" y1="55.0" x2="77.5" y2="57.5" style="stroke:black;stroke-width:0.25;fill:none" /><line x1="77.5" y1="57.5" x2="80.0" y2="57.5" style="stroke:black;stroke-width:0.25;fill:none" /><line x1="82.5" y1="62.5" x2="79.44098300562506" y2="56.38196601125011" style="stroke:black;stroke-width:0.25;fill:none" /><text x="84.5" y="65.0" text-anchor="start" dominant-baseline="auto" font-size="3.5" style="stroke:none;stroke-width:1.0;fill:black;font-family:sans-serif">31</text><text x="75.5" y="55.0" text-anchor="end" dominant-baseline="auto" font-size="3.5" style="stroke:none;stroke-width:1.0;fill:black;font-family:sans-serif">32</text><text x="84.5" y="55.0" text-anchor="start" dominant-baseline="auto" font-size="3.5" style="stroke:none;stroke-width:1.0;fill:black;font-family:sans-serif">34</text></g><g class="symbol"><circle cx="-2.5" cy="0.0" r="1.25" style="stroke:black;stroke-width:0.25;fill:none" /><text x="-7.5" y="0.0" text-anchor="end" dominant-baseline="auto" font-size="5.0" style="stroke:none;stroke-width:1.0;fill:black;font-family:Times New Roman">X1</text><text x="-4.0" y="0.0" text-anchor="end" dominant-baseline="auto" font-size="3.5" style="stroke:none;stroke-width:1.0;fill:black;font-family:sans-serif">1</text></g><line x1="-2.5" y1="0.0" x2="-2.5" y2="55.0" style="stroke:black;stroke-width:0.25;fill:none" /><g class="symbol"><circle cx="2.5" cy="0.0" r="1.25" style="stroke:black;stroke-width:0.25;fill:none" /><text x="7.5" y="0.0" text-anchor="start" dominant-baseline="auto" font-size="5.0" style="stroke:none;stroke-width:1.0;fill:black;font-family:Times New Roman">X2</text><text x="1.0" y="0.0" text-anchor="end" dominant-baseline="auto" font-size="3.5" style="stroke:none;stroke-width:1.0;fill:black;font-family:sans-serif">1</text></g><line x1="2.5" y1="0.0" x2="2.5" y2="55.0" style="stroke:black;stroke-width:0.25;fill:none" /><g class="symbol"><circle cx="2.5" cy="120.0" r="1.25" style="stroke:black;stroke-width:0.25;fill:none" /><text x="-2.5" y="120.0" text-anchor="end" dominant-baseline="auto" font-size="5.0" style="stroke:none;stroke-width:1.0;fill:black;font-family:Times New Roman">X3</text><text x="1.0" y="120.0" text-anchor="end" dominant-baseline="auto" font-size="3.5" style="stroke:none;stroke-width:1.0;fill:black;font-family:sans-serif">1</text></g><line x1="2.5" y1="65.0" x2="2.5" y2="120.0" style="stroke:black;stroke-width:0.25;fill:none" /><g class="symbol"><circle cx="37.5" cy="0.0" r="1.25" style="stroke:black;stroke-width:0.25;fill:none" /><text x="32.5" y="0.0" text-anchor="end" dominant-baseline="auto" font-size="5.0" style="stroke:none;stroke-width:1.0;fill:black;font-family:Times New Roman">X1</text><text x="36.0" y="0.0" text-anchor="end" dominant-baseline="auto" font-size="3.5" style="stroke:none;stroke-width:1.0;fill:black;font-family:sans-serif">2</text></g><line x1="37.5" y1="0.0" x2="37.5" y2="55.0" style="stroke:black;stroke-width:0.25;fill:none" /><g class="symbol"><circle cx="42.5" cy="0.0" r="1.25" style="stroke:black;stroke-width:0.25;fill:none" /><text x="47.5" y="0.0" text-anchor="start" dominant-baseline="auto" font-size="5.0" style="stroke:none;stroke-width:1.0;fill:black;font-family:Times New Roman">X2</text><text x="41.0" y="0.0" text-anchor="end" dominant-baseline="auto" font-size="3.5" style="stroke:none;stroke-width:1.0;fill:black;font-family:sans-serif">2</text></g><line x1="42.5" y1="0.0" x2="42.5" y2="55.0" style="stroke:black;stroke-width:0.25;fill:none" /><g class="symbol"><circle cx="42.5" cy="120.0" r="1.25" style="stroke:black;stroke-width:0.25;fill:none" /><text x="37.5" y="120.0" text-anchor="end" dominant-baseline="auto" font-size="5.0" style="stroke:none;stroke-width:1.0;fill:black;font-family:Times New Roman">X3</text><text x="41.0" y="120.0" text-anchor="end" dominant-baseline="auto" font-size="3.5" style="stroke:none;stroke-width:1.0;fill:black;font-family:sans-serif">2</text></g><line x1="42.5" y1="65.0" x2="42.5" y2="120.0" style="stroke:black;stroke-width:0.25;fill:none" /><g class="symbol"><circle cx="77.5" cy="0.0" r="1.25" style="stroke:black;stroke-width:0.25;fill:none" /><text x="72.5" y="0.0" text-anchor="end" dominant-baseline="auto" font-size="5.0" style="stroke:none;stroke-width:1.0;fill:black;font-family:Times New Roman">X1</text><text x="76.0" y="0.0" text-anchor="end" dominant-baseline="auto" font-size="3.5" style="stroke:none;stroke-width:1.0;fill:black;font-family:sans-serif">3</text></g><line x1="77.5" y1="0.0" x2="77.5" y2="55.0" style="stroke:black;stroke-width:0.25;fill:none" /><g class="symbol"><circle cx="82.5" cy="0.0" r="1.25" style="stroke:black;stroke-width:0.25;fill:none" /><text x="87.5" y="0.0" text-anchor="start" dominant-baseline="auto" font-size="5.0" style="stroke:none;stroke-width:1.0;fill:black;font-family:Times New Roman">X2</text><text x="81.0" y="0.0" text-anchor="end" dominant-baseline="auto" font-size="3.5" style="stroke:none;stroke-width:1.0;fill:black;font-family:sans-serif">3</text></g><line x1="82.5" y1="0.0" x2="82.5" y2="55.0" style="stroke:black;stroke-width:0.25;fill:none" /><g class="symbol"><circle cx="82.5" cy="120.0" r="1.25" style="stroke:black;stroke-width:0.25;fill:none" /><text x="77.5" y="120.0" text-anchor="end" dominant-baseline="auto" font-size="5.0" style="stroke:none;stroke-width:1.0;fill:black;font-family:Times New Roman">X3</text><text x="81.0" y="120.0" text-anchor="end" dominant-baseline="auto" font-size="3.5" style="stroke:none;stroke-width:1.0;fill:black;font-family:sans-serif">3</text></g><line x1="82.5" y1="65.0" x2="82.5" y2="120.0" style="stroke:black;stroke-width:0.25;fill:none" /></g></svg>
  + <svg xmlns="http://www.w3.org/2000/svg" width="210.0mm" height="297.0mm" viewBox="0 0 210.0 297.0"><rect width="100%" height="100%" fill="white" /><g><g class="symbol"><line x1="2.5" y1="62.5" x2="2.5" y2="65.0" style="stroke:black;stroke-width:0.25;fill:none" /><line x1="2.5" y1="55.0" x2="2.5" y2="57.5" style="stroke:black;stroke-width:0.25;fill:none" /><line x1="-2.5" y1="55.0" x2="-2.5" y2="57.5" style="stroke:black;stroke-width:0.25;fill:none" /><line x1="-2.5" y1="57.5" x2="0.0" y2="57.5" style="stroke:black;stroke-width:0.25;fill:none" /><line x1="2.5" y1="62.5" x2="-0.5590169943749475" y2="56.38196601125011" style="stroke:black;stroke-width:0.25;fill:none" /><text x="-5.0" y="60.0" text-anchor="end" dominant-baseline="auto" font-size="5.0" style="stroke:none;stroke-width:1.0;fill:black;font-family:Times New Roman">K1</text><text x="4.5" y="65.0" text-anchor="start" dominant-baseline="auto" font-size="3.5" style="stroke:none;stroke-width:1.0;fill:black;font-family:sans-serif">11</text><text x="-4.5" y="55.0" text-anchor="end" dominant-baseline="auto" font-size="3.5" style="stroke:none;stroke-width:1.0;fill:black;font-family:sans-serif">12</text><text x="4.5" y="55.0" text-anchor="start" dominant-baseline="auto" font-size="3.5" style="stroke:none;stroke-width:1.0;fill:black;font-family:sans-serif">14</text><line x1="42.5" y1="62.5" x2="42.5" y2="65.0" style="stroke:black;stroke-width:0.25;fill:none" /><line x1="42.5" y1="55.0" x2="42.5" y2="57.5" style="stroke:black;stroke-width:0.25;fill:none" /><line x1="37.5" y1="55.0" x2="37.5" y2="57.5" style="stroke:black;stroke-width:0.25;fill:none" /><line x1="37.5" y1="57.5" x2="40.0" y2="57.5" style="stroke:black;stroke-width:0.25;fill:none" /><line x1="42.5" y1="62.5" x2="39.44098300562505" y2="56.38196601125011" style="stroke:black;stroke-width:0.25;fill:none" /><text x="44.5" y="65.0" text-anchor="start" dominant-baseline="auto" font-size="3.5" style="stroke:none;stroke-width:1.0;fill:black;font-family:sans-serif">21</text><text x="35.5" y="55.0" text-anchor="end" dominant-baseline="auto" font-size="3.5" style="stroke:none;stroke-width:1.0;fill:black;font-family:sans-serif">22</text><text x="44.5" y="55.0" text-anchor="start" dominant-baseline="auto" font-size="3.5" style="stroke:none;stroke-width:1.0;fill:black;font-family:sans-serif">24</text><line x1="82.5" y1="62.5" x2="82.5" y2="65.0" style="stroke:black;stroke-width:0.25;fill:none" /><line x1="82.5" y1="55.0" x2="82.5" y2="57.5" style="stroke:black;stroke-width:0.25;fill:none" /><line x1="77.5" y1="55.0" x2="77.5" y2="57.5" style="stroke:black;stroke-width:0.25;fill:none" /><line x1="77.5" y1="57.5" x2="80.0" y2="57.5" style="stroke:black;stroke-width:0.25;fill:none" /><line x1="82.5" y1="62.5" x2="79.44098300562506" y2="56.38196601125011" style="stroke:black;stroke-width:0.25;fill:none" /><text x="84.5" y="65.0" text-anchor="start" dominant-baseline="auto" font-size="3.5" style="stroke:none;stroke-width:1.0;fill:black;font-family:sans-serif">31</text><text x="75.5" y="55.0" text-anchor="end" dominant-baseline="auto" font-size="3.5" style="stroke:none;stroke-width:1.0;fill:black;font-family:sans-serif">32</text><text x="84.5" y="55.0" text-anchor="start" dominant-baseline="auto" font-size="3.5" style="stroke:none;stroke-width:1.0;fill:black;font-family:sans-serif">34</text></g><g class="symbol"><circle cx="-2.5" cy="0.0" r="1.25" style="stroke:black;stroke-width:0.25;fill:none" /><text x="-7.5" y="0.0" text-anchor="end" dominant-baseline="auto" font-size="5.0" style="stroke:none;stroke-width:1.0;fill:black;font-family:Times New Roman">X1</text><text x="-4.0" y="0.0" text-anchor="end" dominant-baseline="auto" font-size="3.5" style="stroke:none;stroke-width:1.0;fill:black;font-family:sans-serif">1</text></g><line x1="-2.5" y1="0.0" x2="-2.5" y2="55.0" style="stroke:black;stroke-width:0.25;fill:none" /><line x1="-2.5" y1="0.0" x2="-2.5" y2="55.0" style="stroke:black;stroke-width:0.25;fill:none" /><g class="symbol"><circle cx="2.5" cy="0.0" r="1.25" style="stroke:black;stroke-width:0.25;fill:none" /><text x="7.5" y="0.0" text-anchor="start" dominant-baseline="auto" font-size="5.0" style="stroke:none;stroke-width:1.0;fill:black;font-family:Times New Roman">X2</text><text x="1.0" y="0.0" text-anchor="end" dominant-baseline="auto" font-size="3.5" style="stroke:none;stroke-width:1.0;fill:black;font-family:sans-serif">1</text></g><line x1="2.5" y1="0.0" x2="2.5" y2="55.0" style="stroke:black;stroke-width:0.25;fill:none" /><line x1="2.5" y1="0.0" x2="2.5" y2="55.0" style="stroke:black;stroke-width:0.25;fill:none" /><g class="symbol"><circle cx="2.5" cy="120.0" r="1.25" style="stroke:black;stroke-width:0.25;fill:none" /><text x="-2.5" y="120.0" text-anchor="end" dominant-baseline="auto" font-size="5.0" style="stroke:none;stroke-width:1.0;fill:black;font-family:Times New Roman">X3</text><text x="1.0" y="120.0" text-anchor="end" dominant-baseline="auto" font-size="3.5" style="stroke:none;stroke-width:1.0;fill:black;font-family:sans-serif">1</text></g><line x1="2.5" y1="65.0" x2="2.5" y2="120.0" style="stroke:black;stroke-width:0.25;fill:none" /><line x1="2.5" y1="65.0" x2="2.5" y2="120.0" style="stroke:black;stroke-width:0.25;fill:none" /><g class="symbol"><circle cx="37.5" cy="0.0" r="1.25" style="stroke:black;stroke-width:0.25;fill:none" /><text x="32.5" y="0.0" text-anchor="end" dominant-baseline="auto" font-size="5.0" style="stroke:none;stroke-width:1.0;fill:black;font-family:Times New Roman">X1</text><text x="36.0" y="0.0" text-anchor="end" dominant-baseline="auto" font-size="3.5" style="stroke:none;stroke-width:1.0;fill:black;font-family:sans-serif">2</text></g><line x1="37.5" y1="0.0" x2="37.5" y2="55.0" style="stroke:black;stroke-width:0.25;fill:none" /><line x1="37.5" y1="0.0" x2="37.5" y2="55.0" style="stroke:black;stroke-width:0.25;fill:none" /><g class="symbol"><circle cx="42.5" cy="0.0" r="1.25" style="stroke:black;stroke-width:0.25;fill:none" /><text x="47.5" y="0.0" text-anchor="start" dominant-baseline="auto" font-size="5.0" style="stroke:none;stroke-width:1.0;fill:black;font-family:Times New Roman">X2</text><text x="41.0" y="0.0" text-anchor="end" dominant-baseline="auto" font-size="3.5" style="stroke:none;stroke-width:1.0;fill:black;font-family:sans-serif">2</text></g><line x1="42.5" y1="0.0" x2="42.5" y2="55.0" style="stroke:black;stroke-width:0.25;fill:none" /><line x1="42.5" y1="0.0" x2="42.5" y2="55.0" style="stroke:black;stroke-width:0.25;fill:none" /><g class="symbol"><circle cx="42.5" cy="120.0" r="1.25" style="stroke:black;stroke-width:0.25;fill:none" /><text x="37.5" y="120.0" text-anchor="end" dominant-baseline="auto" font-size="5.0" style="stroke:none;stroke-width:1.0;fill:black;font-family:Times New Roman">X3</text><text x="41.0" y="120.0" text-anchor="end" dominant-baseline="auto" font-size="3.5" style="stroke:none;stroke-width:1.0;fill:black;font-family:sans-serif">2</text></g><line x1="42.5" y1="65.0" x2="42.5" y2="120.0" style="stroke:black;stroke-width:0.25;fill:none" /><line x1="42.5" y1="65.0" x2="42.5" y2="120.0" style="stroke:black;stroke-width:0.25;fill:none" /><g class="symbol"><circle cx="77.5" cy="0.0" r="1.25" style="stroke:black;stroke-width:0.25;fill:none" /><text x="72.5" y="0.0" text-anchor="end" dominant-baseline="auto" font-size="5.0" style="stroke:none;stroke-width:1.0;fill:black;font-family:Times New Roman">X1</text><text x="76.0" y="0.0" text-anchor="end" dominant-baseline="auto" font-size="3.5" style="stroke:none;stroke-width:1.0;fill:black;font-family:sans-serif">3</text></g><line x1="77.5" y1="0.0" x2="77.5" y2="55.0" style="stroke:black;stroke-width:0.25;fill:none" /><line x1="77.5" y1="0.0" x2="77.5" y2="55.0" style="stroke:black;stroke-width:0.25;fill:none" /><g class="symbol"><circle cx="82.5" cy="0.0" r="1.25" style="stroke:black;stroke-width:0.25;fill:none" /><text x="87.5" y="0.0" text-anchor="start" dominant-baseline="auto" font-size="5.0" style="stroke:none;stroke-width:1.0;fill:black;font-family:Times New Roman">X2</text><text x="81.0" y="0.0" text-anchor="end" dominant-baseline="auto" font-size="3.5" style="stroke:none;stroke-width:1.0;fill:black;font-family:sans-serif">3</text></g><line x1="82.5" y1="0.0" x2="82.5" y2="55.0" style="stroke:black;stroke-width:0.25;fill:none" /><line x1="82.5" y1="0.0" x2="82.5" y2="55.0" style="stroke:black;stroke-width:0.25;fill:none" /><g class="symbol"><circle cx="82.5" cy="120.0" r="1.25" style="stroke:black;stroke-width:0.25;fill:none" /><text x="77.5" y="120.0" text-anchor="end" dominant-baseline="auto" font-size="5.0" style="stroke:none;stroke-width:1.0;fill:black;font-family:Times New Roman">X3</text><text x="81.0" y="120.0" text-anchor="end" dominant-baseline="auto" font-size="3.5" style="stroke:none;stroke-width:1.0;fill:black;font-family:sans-serif">3</text></g><line x1="82.5" y1="65.0" x2="82.5" y2="120.0" style="stroke:black;stroke-width:0.25;fill:none" /><line x1="82.5" y1="65.0" x2="82.5" y2="120.0" style="stroke:black;stroke-width:0.25;fill:none" /></g></svg>
  ?                                                                                                                                                                                                                                                                                                                                                                                                                                                                                                                                                                                                                                                                                                                                                                                                                                                                                                                                                                                                                                                                                                                                                                                                                                                                                                                                                                                                                                                                                                                                                                                                                                                                                                                                                                                                                                                                                                                                                                                                                                                                                                                                                                                                                                                                                                                                                                                                                                                                                                                                                                                                                                                                                                                                                                                                                                                                                                                                                                                                                                                                                                                                                                                                                                                                                                                                                                                                                                                                                                                                                                                                                                                                                                                                                                                                                                                                                                                                                                                                                                         ++++++++++++++++++++++++++++++++++++++++++++++++++++++++++++++++++++++++++++++++++++++++++++++++                                                                                                                                                                                                                                                                                                                                                                                                                                                                                                                                                  ++++++++++++++++++++++++++++++++++++++++++++++++++++++++++++++++++++++++++++++++++++++++++++++                                                                                                                                                                                                                                                                                                                                                                                                                                                                                                                                                         ++++++++++++++++++++++++++++++++++++++++++++++++++++++++++++++++++++++++++++++++++++++++++++++++                                                                                                                                                                                                                                                                                                                                                                                                                                                                                                                                                     ++++++++++++++++++++++++++++++++++++++++++++++++++++++++++++++++++++++++++++++++++++++++++++++++                                                                                                                                                                                                                                                                                                                                                                                                                                                                                                                                                       ++++++++++++++++++++++++++++++++++++++++++++++++++++++++++++++++++++++++++++++++++++++++++++++++                                                                                                                                                                                                                                                                                                                                                                                                                                                                                                                                                             ++++++++++++++++++++++++++++++++++++++++++++++++++++++++++++++++++++++++++++++++++++++++++++++++++                                                                                                                                                                                                                                                                                                                                                                                                                                                                                                                                                     ++++++++++++++++++++++++++++++++++++++++++++++++++++++++++++++++++++++++++++++++++++++++++++++++                                                                                                                                                                                                                                                                                                                                                                                                                                                                                                                                                       ++++++++++++++++++++++++++++++++++++++++++++++++++++++++++++++++++++++++++++++++++++++++++++++++                                                                                                                                                                                                                                                                                                                                                                                                                                                                                                                                                         ++++++++++++++++++++++++++++++++++++++++++++++++++++++++++++++++++++++++++++++++++++++++++++++++++
FAILED tests/integration/test_std_circuits.py::TestStandardCircuitsSnapshot::test_emergency_stop_snapshot - AssertionError: Snapshot mismatch for emergency_stop. 
  Run with PYTEST_UPDATE_SNAPSHOTS=1 to update if this change is intentional.
assert '<svg xmlns="http://www.w3.org/2000/svg" width="210.0mm" height="297.0mm" viewBox="0 0 210.0 297.0"><rect width="100%" height="100%" fill="white" /><g><g class="symbol"><circle cx="0.0" cy="0" r="1.25" style="stroke:black;stroke-width:0.25;fill:none" /><text x="-5.0" y="0" text-anchor="end" dominant-baseline="auto" font-size="5.0" style="stroke:none;stroke-width:1.0;fill:black;font-family:Times New Roman">X1</text><text x="-1.5" y="0.0" text-anchor="end" dominant-baseline="auto" font-size="3.5" style="stroke:none;stroke-width:1.0;fill:black;font-family:sans-serif">1</text></g><g class="symbol"><line x1="0.0" y1="45.0" x2="0.0" y2="47.5" style="stroke:black;stroke-width:0.25;fill:none" /><line x1="0.0" y1="52.5" x2="0.0" y2="55.0" style="stroke:black;stroke-width:0.25;fill:none" /><line x1="0.0" y1="47.5" x2="2.5" y2="47.5" style="stroke:black;stroke-width:0.25;fill:none" /><line x1="0.0" y1="52.5" x2="3.0590169943749475" y2="46.38196601125011" style="stroke:black;stroke-width:0.25;fill:none" /><text x="-5.0" y="50.0" text-anchor="end" dominant-baseline="auto" font-size="5.0" style="stroke:none;stroke-width:1.0;fill:black;font-family:Times New Roman">S1</text><text x="-1.5" y="45.0" text-anchor="end" dominant-baseline="auto" font-size="3.5" style="stroke:none;stroke-width:1.0;fill:black;font-family:sans-serif">1</text><text x="-1.5" y="55.0" text-anchor="end" dominant-baseline="auto" font-size="3.5" style="stroke:none;stroke-width:1.0;fill:black;font-family:sans-serif">2</text><line x1="0.0" y1="50.0" x2="-2.5" y2="50.0" style="stroke:black;stroke-width:0.25;fill:none;stroke-dasharray:2.0, 2.0" /><polygon points="-2.5,51.25 -2.5,51.25 -2.886271242968684,51.18882064536894 -3.2347315653655913,51.01127124296868 -3.511271242968684,50.73473156536559 -3.688820645368942,50.38627124296868 -3.75,50.0 -3.688820645368942,49.61372875703132 -3.511271242968684,49.26526843463441 -3.2347315653655917,48.98872875703132 -2.8862712429686845,48.81117935463106 -2.5000000000000004,48.75" style="stroke:black;stroke-width:0.25;fill:none" /></g><g class="symbol"><circle cx="0.0" cy="100.0" r="1.25" style="stroke:black;stroke-width:0.25;fill:none" /><text x="-5.0" y="100.0" text-anchor="end" dominant-baseline="auto" font-size="5.0" style="stroke:none;stroke-width:1.0;fill:black;font-family:Times New Roman">X2</text><text x="-1.5" y="100.0" text-anchor="end" dominant-baseline="auto" font-size="3.5" style="stroke:none;stroke-width:1.0;fill:black;font-family:sans-serif">1</text></g><line x1="0.0" y1="0" x2="0.0" y2="45.0" style="stroke:black;stroke-width:0.25;fill:none" /><line x1="0.0" y1="0" x2="0.0" y2="45.0" style="stroke:black;stroke-width:0.25;fill:none" /><line x1="0.0" y1="55.0" x2="0.0" y2="100.0" style="stroke:black;stroke-width:0.25;fill:none" /><line x1="0.0" y1="55.0" x2="0.0" y2="100.0" style="stroke:black;stroke-width:0.25;fill:none" /></g></svg>' == '<svg xmlns="http://www.w3.org/2000/svg" width="210.0mm" height="297.0mm" viewBox="0 0 210.0 297.0"><rect width="100%" height="100%" fill="white" /><g><g class="symbol"><circle cx="0.0" cy="0" r="1.25" style="stroke:black;stroke-width:0.25;fill:none" /><text x="-5.0" y="0" text-anchor="end" dominant-baseline="auto" font-size="5.0" style="stroke:none;stroke-width:1.0;fill:black;font-family:Times New Roman">X1</text><text x="-1.5" y="0.0" text-anchor="end" dominant-baseline="auto" font-size="3.5" style="stroke:none;stroke-width:1.0;fill:black;font-family:sans-serif">1</text></g><g class="symbol"><line x1="0.0" y1="45.0" x2="0.0" y2="47.5" style="stroke:black;stroke-width:0.25;fill:none" /><line x1="0.0" y1="52.5" x2="0.0" y2="55.0" style="stroke:black;stroke-width:0.25;fill:none" /><line x1="0.0" y1="47.5" x2="2.5" y2="47.5" style="stroke:black;stroke-width:0.25;fill:none" /><line x1="0.0" y1="52.5" x2="3.0590169943749475" y2="46.38196601125011" style="stroke:black;stroke-width:0.25;fill:none" /><text x="-5.0" y="50.0" text-anchor="end" dominant-baseline="auto" font-size="5.0" style="stroke:none;stroke-width:1.0;fill:black;font-family:Times New Roman">S1</text><text x="-1.5" y="45.0" text-anchor="end" dominant-baseline="auto" font-size="3.5" style="stroke:none;stroke-width:1.0;fill:black;font-family:sans-serif">1</text><text x="-1.5" y="55.0" text-anchor="end" dominant-baseline="auto" font-size="3.5" style="stroke:none;stroke-width:1.0;fill:black;font-family:sans-serif">2</text><line x1="0.0" y1="50.0" x2="-2.5" y2="50.0" style="stroke:black;stroke-width:0.25;fill:none;stroke-dasharray:2.0, 2.0" /><polygon points="-2.5,51.25 -2.5,51.25 -2.886271242968684,51.18882064536894 -3.2347315653655913,51.01127124296868 -3.511271242968684,50.73473156536559 -3.688820645368942,50.38627124296868 -3.75,50.0 -3.688820645368942,49.61372875703132 -3.511271242968684,49.26526843463441 -3.2347315653655917,48.98872875703132 -2.8862712429686845,48.81117935463106 -2.5000000000000004,48.75" style="stroke:black;stroke-width:0.25;fill:none" /></g><g class="symbol"><circle cx="0.0" cy="100.0" r="1.25" style="stroke:black;stroke-width:0.25;fill:none" /><text x="-5.0" y="100.0" text-anchor="end" dominant-baseline="auto" font-size="5.0" style="stroke:none;stroke-width:1.0;fill:black;font-family:Times New Roman">X2</text><text x="-1.5" y="100.0" text-anchor="end" dominant-baseline="auto" font-size="3.5" style="stroke:none;stroke-width:1.0;fill:black;font-family:sans-serif">1</text></g><line x1="0.0" y1="0" x2="0.0" y2="45.0" style="stroke:black;stroke-width:0.25;fill:none" /><line x1="0.0" y1="55.0" x2="0.0" y2="100.0" style="stroke:black;stroke-width:0.25;fill:none" /></g></svg>'
  
  - <svg xmlns="http://www.w3.org/2000/svg" width="210.0mm" height="297.0mm" viewBox="0 0 210.0 297.0"><rect width="100%" height="100%" fill="white" /><g><g class="symbol"><circle cx="0.0" cy="0" r="1.25" style="stroke:black;stroke-width:0.25;fill:none" /><text x="-5.0" y="0" text-anchor="end" dominant-baseline="auto" font-size="5.0" style="stroke:none;stroke-width:1.0;fill:black;font-family:Times New Roman">X1</text><text x="-1.5" y="0.0" text-anchor="end" dominant-baseline="auto" font-size="3.5" style="stroke:none;stroke-width:1.0;fill:black;font-family:sans-serif">1</text></g><g class="symbol"><line x1="0.0" y1="45.0" x2="0.0" y2="47.5" style="stroke:black;stroke-width:0.25;fill:none" /><line x1="0.0" y1="52.5" x2="0.0" y2="55.0" style="stroke:black;stroke-width:0.25;fill:none" /><line x1="0.0" y1="47.5" x2="2.5" y2="47.5" style="stroke:black;stroke-width:0.25;fill:none" /><line x1="0.0" y1="52.5" x2="3.0590169943749475" y2="46.38196601125011" style="stroke:black;stroke-width:0.25;fill:none" /><text x="-5.0" y="50.0" text-anchor="end" dominant-baseline="auto" font-size="5.0" style="stroke:none;stroke-width:1.0;fill:black;font-family:Times New Roman">S1</text><text x="-1.5" y="45.0" text-anchor="end" dominant-baseline="auto" font-size="3.5" style="stroke:none;stroke-width:1.0;fill:black;font-family:sans-serif">1</text><text x="-1.5" y="55.0" text-anchor="end" dominant-baseline="auto" font-size="3.5" style="stroke:none;stroke-width:1.0;fill:black;font-family:sans-serif">2</text><line x1="0.0" y1="50.0" x2="-2.5" y2="50.0" style="stroke:black;stroke-width:0.25;fill:none;stroke-dasharray:2.0, 2.0" /><polygon points="-2.5,51.25 -2.5,51.25 -2.886271242968684,51.18882064536894 -3.2347315653655913,51.01127124296868 -3.511271242968684,50.73473156536559 -3.688820645368942,50.38627124296868 -3.75,50.0 -3.688820645368942,49.61372875703132 -3.511271242968684,49.26526843463441 -3.2347315653655917,48.98872875703132 -2.8862712429686845,48.81117935463106 -2.5000000000000004,48.75" style="stroke:black;stroke-width:0.25;fill:none" /></g><g class="symbol"><circle cx="0.0" cy="100.0" r="1.25" style="stroke:black;stroke-width:0.25;fill:none" /><text x="-5.0" y="100.0" text-anchor="end" dominant-baseline="auto" font-size="5.0" style="stroke:none;stroke-width:1.0;fill:black;font-family:Times New Roman">X2</text><text x="-1.5" y="100.0" text-anchor="end" dominant-baseline="auto" font-size="3.5" style="stroke:none;stroke-width:1.0;fill:black;font-family:sans-serif">1</text></g><line x1="0.0" y1="0" x2="0.0" y2="45.0" style="stroke:black;stroke-width:0.25;fill:none" /><line x1="0.0" y1="55.0" x2="0.0" y2="100.0" style="stroke:black;stroke-width:0.25;fill:none" /></g></svg>
  ?                                                                                                                                                                                                                                                                                                                                                                                                                                                                                                                                                                                                                                                                                                                                                                                                                                                                                                                                                                                                                                                                                                                                                                                                                                                                                                                                                                                                                                                                                                                                                                                                                                                                                                                                                                                                                                                                                                                                                                                                                                                                                                                                                                                                                                                                                                                                                                                                                                                                                                                                                                                                                                                                                                               ^^^^^^^^^^^^^^^^^^^^^^^^^
  + <svg xmlns="http://www.w3.org/2000/svg" width="210.0mm" height="297.0mm" viewBox="0 0 210.0 297.0"><rect width="100%" height="100%" fill="white" /><g><g class="symbol"><circle cx="0.0" cy="0" r="1.25" style="stroke:black;stroke-width:0.25;fill:none" /><text x="-5.0" y="0" text-anchor="end" dominant-baseline="auto" font-size="5.0" style="stroke:none;stroke-width:1.0;fill:black;font-family:Times New Roman">X1</text><text x="-1.5" y="0.0" text-anchor="end" dominant-baseline="auto" font-size="3.5" style="stroke:none;stroke-width:1.0;fill:black;font-family:sans-serif">1</text></g><g class="symbol"><line x1="0.0" y1="45.0" x2="0.0" y2="47.5" style="stroke:black;stroke-width:0.25;fill:none" /><line x1="0.0" y1="52.5" x2="0.0" y2="55.0" style="stroke:black;stroke-width:0.25;fill:none" /><line x1="0.0" y1="47.5" x2="2.5" y2="47.5" style="stroke:black;stroke-width:0.25;fill:none" /><line x1="0.0" y1="52.5" x2="3.0590169943749475" y2="46.38196601125011" style="stroke:black;stroke-width:0.25;fill:none" /><text x="-5.0" y="50.0" text-anchor="end" dominant-baseline="auto" font-size="5.0" style="stroke:none;stroke-width:1.0;fill:black;font-family:Times New Roman">S1</text><text x="-1.5" y="45.0" text-anchor="end" dominant-baseline="auto" font-size="3.5" style="stroke:none;stroke-width:1.0;fill:black;font-family:sans-serif">1</text><text x="-1.5" y="55.0" text-anchor="end" dominant-baseline="auto" font-size="3.5" style="stroke:none;stroke-width:1.0;fill:black;font-family:sans-serif">2</text><line x1="0.0" y1="50.0" x2="-2.5" y2="50.0" style="stroke:black;stroke-width:0.25;fill:none;stroke-dasharray:2.0, 2.0" /><polygon points="-2.5,51.25 -2.5,51.25 -2.886271242968684,51.18882064536894 -3.2347315653655913,51.01127124296868 -3.511271242968684,50.73473156536559 -3.688820645368942,50.38627124296868 -3.75,50.0 -3.688820645368942,49.61372875703132 -3.511271242968684,49.26526843463441 -3.2347315653655917,48.98872875703132 -2.8862712429686845,48.81117935463106 -2.5000000000000004,48.75" style="stroke:black;stroke-width:0.25;fill:none" /></g><g class="symbol"><circle cx="0.0" cy="100.0" r="1.25" style="stroke:black;stroke-width:0.25;fill:none" /><text x="-5.0" y="100.0" text-anchor="end" dominant-baseline="auto" font-size="5.0" style="stroke:none;stroke-width:1.0;fill:black;font-family:Times New Roman">X2</text><text x="-1.5" y="100.0" text-anchor="end" dominant-baseline="auto" font-size="3.5" style="stroke:none;stroke-width:1.0;fill:black;font-family:sans-serif">1</text></g><line x1="0.0" y1="0" x2="0.0" y2="45.0" style="stroke:black;stroke-width:0.25;fill:none" /><line x1="0.0" y1="0" x2="0.0" y2="45.0" style="stroke:black;stroke-width:0.25;fill:none" /><line x1="0.0" y1="55.0" x2="0.0" y2="100.0" style="stroke:black;stroke-width:0.25;fill:none" /><line x1="0.0" y1="55.0" x2="0.0" y2="100.0" style="stroke:black;stroke-width:0.25;fill:none" /></g></svg>
  ?                                                                                                                                                                                                                                                                                                                                                                                                                                                                                                                                                                                                                                                                                                                                                                                                                                                                                                                                                                                                                                                                                                                                                                                                                                                                                                                                                                                                                                                                                                                                                                                                                                                                                                                                                                                                                                                                                                                                                                                                                                                                                                                                                                                                                                                                                                                                                                                                                                                                                                                                                                                                                                                                                                               ^^^^^^^^^^^^^^^^^^^^^                                                 ++++++++++++++++++++++++++++++++++++++++++++++++++++++++++++++++++++++++++++++++++++++++++++++++++++++++++++++++++++++++++++++++++++++++++++++++++++++++++++++++++++++++++++++++++++++++++++++++
FAILED tests/integration/test_std_circuits.py::TestStandardCircuitsSnapshot::test_motor_control_snapshot - AssertionError: Snapshot mismatch for motor_control. 
  Run with PYTEST_UPDATE_SNAPSHOTS=1 to update if this change is intentional.
assert '<svg xmlns="http://www.w3.org/2000/svg" width="210.0mm" height="297.0mm" viewBox="0 0 210.0 297.0"><rect width="100%" height="100%" fill="white" /><g><g class="symbol"><circle cx="0.0" cy="0" r="1.25" style="stroke:black;stroke-width:0.25;fill:none" /><text x="-5.0" y="0" text-anchor="end" dominant-baseline="auto" font-size="5.0" style="stroke:none;stroke-width:1.0;fill:black;font-family:Times New Roman">X1</text><text x="-1.5" y="0.0" text-anchor="end" dominant-baseline="auto" font-size="3.5" style="stroke:none;stroke-width:1.0;fill:black;font-family:sans-serif">1</text></g><g class="symbol"><polygon points="-5.0,47.5 5.0,47.5 5.0,52.5 -5.0,52.5" style="stroke:black;stroke-width:0.25;fill:none" /><line x1="0.0" y1="47.5" x2="0.0" y2="45.0" style="stroke:black;stroke-width:0.25;fill:none" /><line x1="0.0" y1="52.5" x2="0.0" y2="55.0" style="stroke:black;stroke-width:0.25;fill:none" /><text x="-7.5" y="50.0" text-anchor="end" dominant-baseline="auto" font-size="5.0" style="stroke:none;stroke-width:1.0;fill:black;font-family:Times New Roman">Q1</text><text x="-1.5" y="45.0" text-anchor="end" dominant-baseline="auto" font-size="3.5" style="stroke:none;stroke-width:1.0;fill:black;font-family:sans-serif">A1</text><text x="-1.5" y="55.0" text-anchor="end" dominant-baseline="auto" font-size="3.5" style="stroke:none;stroke-width:1.0;fill:black;font-family:sans-serif">A2</text></g><g class="symbol"><line x1="0.0" y1="97.5" x2="0.0" y2="95.0" style="stroke:black;stroke-width:0.25;fill:none" /><line x1="0.0" y1="102.5" x2="0.0" y2="105.0" style="stroke:black;stroke-width:0.25;fill:none" /><line x1="-5.0" y1="102.5" x2="-5.0" y2="105.0" style="stroke:black;stroke-width:0.25;fill:none" /><line x1="-5.0" y1="102.5" x2="-2.5" y2="102.5" style="stroke:black;stroke-width:0.25;fill:none" /><line x1="0.0" y1="97.5" x2="-3.0590169943749475" y2="103.6180339887499" style="stroke:black;stroke-width:0.25;fill:none" /><text x="-7.5" y="100.0" text-anchor="end" dominant-baseline="auto" font-size="5.0" style="stroke:none;stroke-width:1.0;fill:black;font-family:Times New Roman">K1</text><text x="2.0" y="95.0" text-anchor="start" dominant-baseline="auto" font-size="3.5" style="stroke:none;stroke-width:1.0;fill:black;font-family:sans-serif">11</text><text x="-7.0" y="105.0" text-anchor="end" dominant-baseline="auto" font-size="3.5" style="stroke:none;stroke-width:1.0;fill:black;font-family:sans-serif">12</text><text x="2.0" y="105.0" text-anchor="start" dominant-baseline="auto" font-size="3.5" style="stroke:none;stroke-width:1.0;fill:black;font-family:sans-serif">14</text></g><g class="symbol"><circle cx="-5.0" cy="150.0" r="1.25" style="stroke:black;stroke-width:0.25;fill:none" /><text x="-10.0" y="150.0" text-anchor="end" dominant-baseline="auto" font-size="5.0" style="stroke:none;stroke-width:1.0;fill:black;font-family:Times New Roman">X2</text><text x="-6.5" y="150.0" text-anchor="end" dominant-baseline="auto" font-size="3.5" style="stroke:none;stroke-width:1.0;fill:black;font-family:sans-serif">1</text><line x1="0.0" y1="150.0" x2="0.0" y2="160.0" style="stroke:black;stroke-width:0.25;fill:none" /><polygon points="-1.25,157.0 0.0,160.0 1.25,157.0" style="stroke:black;stroke-width:0.25;fill:none" /><text x="5.0" y="155.0" text-anchor="start" dominant-baseline="auto" font-size="5.0" style="stroke:none;stroke-width:1.0;fill:black;font-family:Times New Roman">X3</text></g><line x1="0.0" y1="0" x2="0.0" y2="45.0" style="stroke:black;stroke-width:0.25;fill:none" /><line x1="0.0" y1="0" x2="0.0" y2="45.0" style="stroke:black;stroke-width:0.25;fill:none" /><line x1="0.0" y1="55.0" x2="0.0" y2="95.0" style="stroke:black;stroke-width:0.25;fill:none" /><line x1="-5.0" y1="105.0" x2="-5.0" y2="150.0" style="stroke:black;stroke-width:0.25;fill:none" /><line x1="-5.0" y1="105.0" x2="-5.0" y2="150.0" style="stroke:black;stroke-width:0.25;fill:none" /><line x1="0.0" y1="105.0" x2="0.0" y2="150.0" style="stroke:black;stroke-width:0.25;fill:none" /></g></svg>' == '<svg xmlns="http://www.w3.org/2000/svg" width="210.0mm" height="297.0mm" viewBox="0 0 210.0 297.0"><rect width="100%" height="100%" fill="white" /><g><g class="symbol"><circle cx="0.0" cy="0" r="1.25" style="stroke:black;stroke-width:0.25;fill:none" /><text x="-5.0" y="0" text-anchor="end" dominant-baseline="auto" font-size="5.0" style="stroke:none;stroke-width:1.0;fill:black;font-family:Times New Roman">X1</text><text x="-1.5" y="0.0" text-anchor="end" dominant-baseline="auto" font-size="3.5" style="stroke:none;stroke-width:1.0;fill:black;font-family:sans-serif">1</text></g><g class="symbol"><polygon points="-5.0,47.5 5.0,47.5 5.0,52.5 -5.0,52.5" style="stroke:black;stroke-width:0.25;fill:none" /><line x1="0.0" y1="47.5" x2="0.0" y2="45.0" style="stroke:black;stroke-width:0.25;fill:none" /><line x1="0.0" y1="52.5" x2="0.0" y2="55.0" style="stroke:black;stroke-width:0.25;fill:none" /><text x="-7.5" y="50.0" text-anchor="end" dominant-baseline="auto" font-size="5.0" style="stroke:none;stroke-width:1.0;fill:black;font-family:Times New Roman">Q1</text><text x="-1.5" y="45.0" text-anchor="end" dominant-baseline="auto" font-size="3.5" style="stroke:none;stroke-width:1.0;fill:black;font-family:sans-serif">A1</text><text x="-1.5" y="55.0" text-anchor="end" dominant-baseline="auto" font-size="3.5" style="stroke:none;stroke-width:1.0;fill:black;font-family:sans-serif">A2</text></g><g class="symbol"><line x1="0.0" y1="97.5" x2="0.0" y2="95.0" style="stroke:black;stroke-width:0.25;fill:none" /><line x1="0.0" y1="102.5" x2="0.0" y2="105.0" style="stroke:black;stroke-width:0.25;fill:none" /><line x1="-5.0" y1="102.5" x2="-5.0" y2="105.0" style="stroke:black;stroke-width:0.25;fill:none" /><line x1="-5.0" y1="102.5" x2="-2.5" y2="102.5" style="stroke:black;stroke-width:0.25;fill:none" /><line x1="0.0" y1="97.5" x2="-3.0590169943749475" y2="103.6180339887499" style="stroke:black;stroke-width:0.25;fill:none" /><text x="-7.5" y="100.0" text-anchor="end" dominant-baseline="auto" font-size="5.0" style="stroke:none;stroke-width:1.0;fill:black;font-family:Times New Roman">K1</text><text x="2.0" y="95.0" text-anchor="start" dominant-baseline="auto" font-size="3.5" style="stroke:none;stroke-width:1.0;fill:black;font-family:sans-serif">11</text><text x="-7.0" y="105.0" text-anchor="end" dominant-baseline="auto" font-size="3.5" style="stroke:none;stroke-width:1.0;fill:black;font-family:sans-serif">12</text><text x="2.0" y="105.0" text-anchor="start" dominant-baseline="auto" font-size="3.5" style="stroke:none;stroke-width:1.0;fill:black;font-family:sans-serif">14</text></g><g class="symbol"><circle cx="-5.0" cy="150.0" r="1.25" style="stroke:black;stroke-width:0.25;fill:none" /><text x="-10.0" y="150.0" text-anchor="end" dominant-baseline="auto" font-size="5.0" style="stroke:none;stroke-width:1.0;fill:black;font-family:Times New Roman">X2</text><text x="-6.5" y="150.0" text-anchor="end" dominant-baseline="auto" font-size="3.5" style="stroke:none;stroke-width:1.0;fill:black;font-family:sans-serif">1</text><line x1="0.0" y1="150.0" x2="0.0" y2="160.0" style="stroke:black;stroke-width:0.25;fill:none" /><polygon points="-1.25,157.0 0.0,160.0 1.25,157.0" style="stroke:black;stroke-width:0.25;fill:none" /><text x="5.0" y="155.0" text-anchor="start" dominant-baseline="auto" font-size="5.0" style="stroke:none;stroke-width:1.0;fill:black;font-family:Times New Roman">X3</text></g><line x1="0.0" y1="0" x2="0.0" y2="45.0" style="stroke:black;stroke-width:0.25;fill:none" /><line x1="0.0" y1="55.0" x2="0.0" y2="95.0" style="stroke:black;stroke-width:0.25;fill:none" /><line x1="-5.0" y1="105.0" x2="-5.0" y2="150.0" style="stroke:black;stroke-width:0.25;fill:none" /><line x1="0.0" y1="105.0" x2="0.0" y2="150.0" style="stroke:black;stroke-width:0.25;fill:none" /></g></svg>'
  
  - <svg xmlns="http://www.w3.org/2000/svg" width="210.0mm" height="297.0mm" viewBox="0 0 210.0 297.0"><rect width="100%" height="100%" fill="white" /><g><g class="symbol"><circle cx="0.0" cy="0" r="1.25" style="stroke:black;stroke-width:0.25;fill:none" /><text x="-5.0" y="0" text-anchor="end" dominant-baseline="auto" font-size="5.0" style="stroke:none;stroke-width:1.0;fill:black;font-family:Times New Roman">X1</text><text x="-1.5" y="0.0" text-anchor="end" dominant-baseline="auto" font-size="3.5" style="stroke:none;stroke-width:1.0;fill:black;font-family:sans-serif">1</text></g><g class="symbol"><polygon points="-5.0,47.5 5.0,47.5 5.0,52.5 -5.0,52.5" style="stroke:black;stroke-width:0.25;fill:none" /><line x1="0.0" y1="47.5" x2="0.0" y2="45.0" style="stroke:black;stroke-width:0.25;fill:none" /><line x1="0.0" y1="52.5" x2="0.0" y2="55.0" style="stroke:black;stroke-width:0.25;fill:none" /><text x="-7.5" y="50.0" text-anchor="end" dominant-baseline="auto" font-size="5.0" style="stroke:none;stroke-width:1.0;fill:black;font-family:Times New Roman">Q1</text><text x="-1.5" y="45.0" text-anchor="end" dominant-baseline="auto" font-size="3.5" style="stroke:none;stroke-width:1.0;fill:black;font-family:sans-serif">A1</text><text x="-1.5" y="55.0" text-anchor="end" dominant-baseline="auto" font-size="3.5" style="stroke:none;stroke-width:1.0;fill:black;font-family:sans-serif">A2</text></g><g class="symbol"><line x1="0.0" y1="97.5" x2="0.0" y2="95.0" style="stroke:black;stroke-width:0.25;fill:none" /><line x1="0.0" y1="102.5" x2="0.0" y2="105.0" style="stroke:black;stroke-width:0.25;fill:none" /><line x1="-5.0" y1="102.5" x2="-5.0" y2="105.0" style="stroke:black;stroke-width:0.25;fill:none" /><line x1="-5.0" y1="102.5" x2="-2.5" y2="102.5" style="stroke:black;stroke-width:0.25;fill:none" /><line x1="0.0" y1="97.5" x2="-3.0590169943749475" y2="103.6180339887499" style="stroke:black;stroke-width:0.25;fill:none" /><text x="-7.5" y="100.0" text-anchor="end" dominant-baseline="auto" font-size="5.0" style="stroke:none;stroke-width:1.0;fill:black;font-family:Times New Roman">K1</text><text x="2.0" y="95.0" text-anchor="start" dominant-baseline="auto" font-size="3.5" style="stroke:none;stroke-width:1.0;fill:black;font-family:sans-serif">11</text><text x="-7.0" y="105.0" text-anchor="end" dominant-baseline="auto" font-size="3.5" style="stroke:none;stroke-width:1.0;fill:black;font-family:sans-serif">12</text><text x="2.0" y="105.0" text-anchor="start" dominant-baseline="auto" font-size="3.5" style="stroke:none;stroke-width:1.0;fill:black;font-family:sans-serif">14</text></g><g class="symbol"><circle cx="-5.0" cy="150.0" r="1.25" style="stroke:black;stroke-width:0.25;fill:none" /><text x="-10.0" y="150.0" text-anchor="end" dominant-baseline="auto" font-size="5.0" style="stroke:none;stroke-width:1.0;fill:black;font-family:Times New Roman">X2</text><text x="-6.5" y="150.0" text-anchor="end" dominant-baseline="auto" font-size="3.5" style="stroke:none;stroke-width:1.0;fill:black;font-family:sans-serif">1</text><line x1="0.0" y1="150.0" x2="0.0" y2="160.0" style="stroke:black;stroke-width:0.25;fill:none" /><polygon points="-1.25,157.0 0.0,160.0 1.25,157.0" style="stroke:black;stroke-width:0.25;fill:none" /><text x="5.0" y="155.0" text-anchor="start" dominant-baseline="auto" font-size="5.0" style="stroke:none;stroke-width:1.0;fill:black;font-family:Times New Roman">X3</text></g><line x1="0.0" y1="0" x2="0.0" y2="45.0" style="stroke:black;stroke-width:0.25;fill:none" /><line x1="0.0" y1="55.0" x2="0.0" y2="95.0" style="stroke:black;stroke-width:0.25;fill:none" /><line x1="-5.0" y1="105.0" x2="-5.0" y2="150.0" style="stroke:black;stroke-width:0.25;fill:none" /><line x1="0.0" y1="105.0" x2="0.0" y2="150.0" style="stroke:black;stroke-width:0.25;fill:none" /></g></svg>
  ?                                                                                                                                                                                                                                                                                                                                                                                                                                                                                                                                                                                                                                                                                                                                                                                                                                                                                                                                                                                                                                                                                                                                                                                                                                                                                                                                                                                                                                                                                                                                                                                                                                                                                                                                                                                                                                                                                                                                                                                                                                                                                                                                                                                                                                                                                                                                                                                                                                                                                                                                                                                                                                                                                                                                                                                                                                                                                                                                                                                                                                                                                                                                                                                                                                                                                                                                                                                                                                                                                                                                                                                                                                                              ^^^^^^^^^^^^^^                                                                                                                                                                           ^^^^^^^^^^^^^^^^^^^^^^^^^^^^^^^^^^^^^^^^^^^^^^^^^^^^^^^^^^^^^^^^^^^^^^^^^^^^^^^^^^^^
  + <svg xmlns="http://www.w3.org/2000/svg" width="210.0mm" height="297.0mm" viewBox="0 0 210.0 297.0"><rect width="100%" height="100%" fill="white" /><g><g class="symbol"><circle cx="0.0" cy="0" r="1.25" style="stroke:black;stroke-width:0.25;fill:none" /><text x="-5.0" y="0" text-anchor="end" dominant-baseline="auto" font-size="5.0" style="stroke:none;stroke-width:1.0;fill:black;font-family:Times New Roman">X1</text><text x="-1.5" y="0.0" text-anchor="end" dominant-baseline="auto" font-size="3.5" style="stroke:none;stroke-width:1.0;fill:black;font-family:sans-serif">1</text></g><g class="symbol"><polygon points="-5.0,47.5 5.0,47.5 5.0,52.5 -5.0,52.5" style="stroke:black;stroke-width:0.25;fill:none" /><line x1="0.0" y1="47.5" x2="0.0" y2="45.0" style="stroke:black;stroke-width:0.25;fill:none" /><line x1="0.0" y1="52.5" x2="0.0" y2="55.0" style="stroke:black;stroke-width:0.25;fill:none" /><text x="-7.5" y="50.0" text-anchor="end" dominant-baseline="auto" font-size="5.0" style="stroke:none;stroke-width:1.0;fill:black;font-family:Times New Roman">Q1</text><text x="-1.5" y="45.0" text-anchor="end" dominant-baseline="auto" font-size="3.5" style="stroke:none;stroke-width:1.0;fill:black;font-family:sans-serif">A1</text><text x="-1.5" y="55.0" text-anchor="end" dominant-baseline="auto" font-size="3.5" style="stroke:none;stroke-width:1.0;fill:black;font-family:sans-serif">A2</text></g><g class="symbol"><line x1="0.0" y1="97.5" x2="0.0" y2="95.0" style="stroke:black;stroke-width:0.25;fill:none" /><line x1="0.0" y1="102.5" x2="0.0" y2="105.0" style="stroke:black;stroke-width:0.25;fill:none" /><line x1="-5.0" y1="102.5" x2="-5.0" y2="105.0" style="stroke:black;stroke-width:0.25;fill:none" /><line x1="-5.0" y1="102.5" x2="-2.5" y2="102.5" style="stroke:black;stroke-width:0.25;fill:none" /><line x1="0.0" y1="97.5" x2="-3.0590169943749475" y2="103.6180339887499" style="stroke:black;stroke-width:0.25;fill:none" /><text x="-7.5" y="100.0" text-anchor="end" dominant-baseline="auto" font-size="5.0" style="stroke:none;stroke-width:1.0;fill:black;font-family:Times New Roman">K1</text><text x="2.0" y="95.0" text-anchor="start" dominant-baseline="auto" font-size="3.5" style="stroke:none;stroke-width:1.0;fill:black;font-family:sans-serif">11</text><text x="-7.0" y="105.0" text-anchor="end" dominant-baseline="auto" font-size="3.5" style="stroke:none;stroke-width:1.0;fill:black;font-family:sans-serif">12</text><text x="2.0" y="105.0" text-anchor="start" dominant-baseline="auto" font-size="3.5" style="stroke:none;stroke-width:1.0;fill:black;font-family:sans-serif">14</text></g><g class="symbol"><circle cx="-5.0" cy="150.0" r="1.25" style="stroke:black;stroke-width:0.25;fill:none" /><text x="-10.0" y="150.0" text-anchor="end" dominant-baseline="auto" font-size="5.0" style="stroke:none;stroke-width:1.0;fill:black;font-family:Times New Roman">X2</text><text x="-6.5" y="150.0" text-anchor="end" dominant-baseline="auto" font-size="3.5" style="stroke:none;stroke-width:1.0;fill:black;font-family:sans-serif">1</text><line x1="0.0" y1="150.0" x2="0.0" y2="160.0" style="stroke:black;stroke-width:0.25;fill:none" /><polygon points="-1.25,157.0 0.0,160.0 1.25,157.0" style="stroke:black;stroke-width:0.25;fill:none" /><text x="5.0" y="155.0" text-anchor="start" dominant-baseline="auto" font-size="5.0" style="stroke:none;stroke-width:1.0;fill:black;font-family:Times New Roman">X3</text></g><line x1="0.0" y1="0" x2="0.0" y2="45.0" style="stroke:black;stroke-width:0.25;fill:none" /><line x1="0.0" y1="0" x2="0.0" y2="45.0" style="stroke:black;stroke-width:0.25;fill:none" /><line x1="0.0" y1="55.0" x2="0.0" y2="95.0" style="stroke:black;stroke-width:0.25;fill:none" /><line x1="-5.0" y1="105.0" x2="-5.0" y2="150.0" style="stroke:black;stroke-width:0.25;fill:none" /><line x1="-5.0" y1="105.0" x2="-5.0" y2="150.0" style="stroke:black;stroke-width:0.25;fill:none" /><line x1="0.0" y1="105.0" x2="0.0" y2="150.0" style="stroke:black;stroke-width:0.25;fill:none" /></g></svg>
  ?                                                                                                                                                                                                                                                                                                                                                                                                                                                                                                                                                                                                                                                                                                                                                                                                                                                                                                                                                                                                                                                                                                                                                                                                                                                                                                                                                                                                                                                                                                                                                                                                                                                                                                                                                                                                                                                                                                                                                                                                                                                                                                                                                                                                                                                                                                                                                                                                                                                                                                                                                                                                                                                                                                                                                                                                                                                                                                                                                                                                                                                                                                                                                                                                                                                                                                                                                                                                                                                                                                                                                                                                                                                              ^^^^^^^^^^^^^^^^^^^^^^^^^^^^^^^^^^^^^^^^^^^^^^^^^^^^^^^^^^^^^^^^^^^^^^^^^^^^^^^^^^^^^^^^^^^^^^^^^^^^^^^^^^                                                                                                                                                                           ^^^^^^^^^^^^^^^^^^^^^^^^^^^^^^^^^^^^^^^^^^^^^^^^^^^^^^^^^^^^^^^^^^^^^^^^^^^^^^^^^^^^^^^^^^^^^^^^^^^^^^^^^^^^^^^^^^^^^^^^^^^^^^^^^^^^^^^^^^^^^^^^^^^^^^^^^^^^^^^^^^^^^^^^^^^^^^^^^^^^^^^
========================= 4 failed, 1 passed in 0.72s =========================
